Connected to Wiimote.
MotionPlus activated.
Calibration complete placeholder
================================================================================
Wiimote Console Debugger - Orientation in degrees
  H = Home button pressed (yaw reset)
================================================================================
yaw=  +61.5°  pitch=  +29.2°  roll=  -36.3°  raw=( 8617, 4756,11451)  acc=(+0.412,-0.337,+0.902)  |g|=1.047  dt=11ms    F
yaw=  +63.3°  pitch=  +28.7°  roll=  -37.7°  raw=( 8108, 4509,11572)  acc=(+0.333,-0.277,+0.784)  |g|=0.896  dt=11ms    F
yaw=  +66.2°  pitch=  +29.5°  roll=  -39.8°  raw=( 7979, 4499,11581)  acc=(+0.284,-0.317,+0.686)  |g|=0.808  dt=10ms    F
yaw=  +69.1°  pitch=  +30.1°  roll=  -41.9°  raw=( 7768, 4700,11581)  acc=(+0.294,-0.455,+0.431)  |g|=0.693  dt=10ms    F
yaw=  +72.0°  pitch=  +30.4°  roll=  -44.0°  raw=( 7699, 5019,11629)  acc=(+0.353,-0.475,+0.373)  |g|=0.699  dt=11ms    F
yaw=  +74.8°  pitch=  +30.7°  roll=  -45.7°  raw=( 7762, 5376,11803)  acc=(+0.324,-0.495,+0.333)  |g|=0.679  dt=10ms    F
yaw=  +77.6°  pitch=  +30.9°  roll=  -47.2°  raw=( 7983, 5731,11958)  acc=(+0.284,-0.495,+0.314)  |g|=0.651  dt=10ms    F
yaw=  +80.3°  pitch=  +31.0°  roll=  -48.4°  raw=( 7952, 6187,12108)  acc=(+0.225,-0.535,+0.255)  |g|=0.634  dt=10ms    F
yaw=  +82.9°  pitch=  +30.8°  roll=  -49.3°  raw=( 7497, 6853,12248)  acc=(+0.167,-0.535,+0.216)  |g|=0.600  dt=10ms    F
yaw=  +85.4°  pitch=  +30.1°  roll=  -49.7°  raw=( 6833, 7631,12370)  acc=(+0.137,-0.495,+0.235)  |g|=0.565  dt=10ms    F
yaw=  +87.7°  pitch=  +29.1°  roll=  -49.7°  raw=( 6164, 8351,12510)  acc=(+0.108,-0.475,+0.196)  |g|=0.525  dt=10ms    F
yaw=  +89.9°  pitch=  +27.6°  roll=  -49.2°  raw=( 5513, 9105,12654)  acc=(+0.078,-0.436,+0.255)  |g|=0.511  dt=10ms    F
yaw=  +91.9°  pitch=  +26.0°  roll=  -48.2°  raw=( 5140, 9702,12782)  acc=(+0.069,-0.416,+0.255)  |g|=0.493  dt=10ms    F
yaw=  +93.9°  pitch=  +24.4°  roll=  -46.9°  raw=( 5023,10229,12826)  acc=(-0.029,-0.455,+0.216)  |g|=0.505  dt=10ms    F
yaw=  +95.7°  pitch=  +22.9°  roll=  -45.3°  raw=( 5261,10687,12712)  acc=(-0.127,-0.515,+0.118)  |g|=0.543  dt=10ms    F
yaw=  +97.3°  pitch=  +21.8°  roll=  -43.4°  raw=( 5589,11237,12483)  acc=(-0.314,-0.614,+0.000)  |g|=0.689  dt=10ms    F
yaw=  +98.4°  pitch=  +20.8°  roll=  -41.0°  raw=( 5683,12171,11992)  acc=(-0.510,-0.614,+0.098)  |g|=0.804  dt=10ms    F
yaw=  +99.0°  pitch=  +19.7°  roll=  -37.9°  raw=( 5439,13104,11233)  acc=(-0.539,-0.574,+0.235)  |g|=0.822  dt=11ms    F
yaw=  +99.1°  pitch=  +18.6°  roll=  -34.3°  raw=( 5104,13848,10465)  acc=(-0.490,-0.455,+0.373)  |g|=0.766  dt=10ms    F
yaw=  +98.8°  pitch=  +17.2°  roll=  -30.4°  raw=( 4677,14473, 9793)  acc=(-0.382,-0.356,+0.510)  |g|=0.730  dt=11ms    F
yaw=  +98.0°  pitch=  +15.8°  roll=  -26.2°  raw=( 4498,15023, 8825)  acc=(-0.363,-0.218,+0.863)  |g|=0.961  dt=10ms    F
yaw=  +97.0°  pitch=  +14.5°  roll=  -22.2°  raw=( 4969,14714, 8329)  acc=(-0.275,-0.198,+1.000)  |g|=1.056  dt=11ms    F
yaw=  +96.1°  pitch=  +13.6°  roll=  -18.6°  raw=( 5696,14075, 8030)  acc=(-0.186,-0.178,+1.078)  |g|=1.109  dt=10ms    F
yaw=  +95.2°  pitch=  +12.9°  roll=  -15.2°  raw=( 6502,13482, 7934)  acc=(-0.284,-0.198,+1.137)  |g|=1.189  dt=12ms    F
yaw=  +94.4°  pitch=  +12.4°  roll=  -12.6°  raw=( 6856,12942, 7742)  acc=(-0.373,-0.178,+1.137)  |g|=1.210  dt=10ms    F
yaw=  +93.5°  pitch=  +11.9°  roll=  -10.1°  raw=( 6785,12612, 7416)  acc=(-0.382,-0.139,+1.098)  |g|=1.171  dt=10ms    F
yaw=  +92.4°  pitch=  +11.1°  roll=   -7.7°  raw=( 6536,12478, 7085)  acc=(-0.363,-0.079,+1.118)  |g|=1.178  dt=10ms    F
yaw=  +91.2°  pitch=  +10.2°  roll=   -5.3°  raw=( 6287,12362, 6787)  acc=(-0.284,-0.020,+1.157)  |g|=1.191  dt=11ms    F
yaw=  +89.9°  pitch=   +9.2°  roll=   -3.1°  raw=( 6301,12122, 6546)  acc=(-0.235,+0.000,+1.275)  |g|=1.296  dt=10ms    F
yaw=  +88.6°  pitch=   +8.2°  roll=   -1.1°  raw=( 6355,11764, 6357)  acc=(-0.186,+0.000,+1.373)  |g|=1.385  dt=11ms    F
yaw=  +87.3°  pitch=   +7.1°  roll=   +0.6°  raw=( 6241,11310, 6208)  acc=(-0.147,+0.020,+1.392)  |g|=1.400  dt=11ms    F
yaw=  +85.9°  pitch=   +6.1°  roll=   +1.7°  raw=( 6586,10252, 5929)  acc=(-0.039,+0.079,+1.118)  |g|=1.121  dt=11ms    F
yaw=  +84.6°  pitch=   +5.5°  roll=   +2.6°  raw=( 7023,10007, 5857)  acc=(+0.000,+0.139,+1.098)  |g|=1.107  dt=10ms    F
yaw=  +83.2°  pitch=   +4.9°  roll=   +3.5°  raw=( 7326, 9922, 5827)  acc=(+0.000,+0.178,+1.137)  |g|=1.151  dt=10ms    F
yaw=  +81.8°  pitch=   +4.5°  roll=   +4.3°  raw=( 7496, 9775, 5786)  acc=(+0.029,+0.218,+1.216)  |g|=1.235  dt=10ms    F
yaw=  +80.5°  pitch=   +4.0°  roll=   +5.0°  raw=( 7470, 9620, 5776)  acc=(+0.127,+0.238,+1.314)  |g|=1.341  dt=11ms    F
yaw=  +79.2°  pitch=   +3.5°  roll=   +5.6°  raw=( 7386, 9316, 5901)  acc=(+0.147,+0.257,+1.294)  |g|=1.328  dt=10ms    F
yaw=  +78.0°  pitch=   +2.9°  roll=   +5.9°  raw=( 7281, 9085, 5990)  acc=(+0.049,+0.178,+1.275)  |g|=1.288  dt=10ms    F
yaw=  +76.8°  pitch=   +2.3°  roll=   +6.2°  raw=( 7173, 8888, 5894)  acc=(+0.029,+0.139,+1.235)  |g|=1.243  dt=10ms    F
yaw=  +75.5°  pitch=   +1.9°  roll=   +6.3°  raw=( 7452, 8538, 5734)  acc=(+0.029,+0.158,+1.216)  |g|=1.226  dt=10ms    F
yaw=  +74.0°  pitch=   +1.9°  roll=   +6.2°  raw=( 7997, 8173, 5583)  acc=(+0.069,+0.178,+1.235)  |g|=1.250  dt=10ms    F
yaw=  +72.6°  pitch=   +2.1°  roll=   +6.1°  raw=( 8403, 7870, 5524)  acc=(+0.069,+0.178,+1.235)  |g|=1.250  dt=11ms    F
yaw=  +71.2°  pitch=   +2.3°  roll=   +5.9°  raw=( 8405, 7771, 5493)  acc=(+0.069,+0.158,+1.294)  |g|=1.306  dt=10ms    F
yaw=  +69.7°  pitch=   +2.3°  roll=   +5.7°  raw=( 8113, 7770, 5386)  acc=(+0.069,+0.139,+1.392)  |g|=1.401  dt=10ms    F
yaw=  +68.1°  pitch=   +2.3°  roll=   +5.3°  raw=( 7726, 7535, 5308)  acc=(+0.049,+0.139,+1.314)  |g|=1.322  dt=10ms    F
yaw=  +66.5°  pitch=   +2.2°  roll=   +4.7°  raw=( 7565, 7287, 5202)  acc=(+0.029,+0.099,+1.275)  |g|=1.279  dt=11ms    F
yaw=  +64.7°  pitch=   +2.2°  roll=   +4.0°  raw=( 7717, 7018, 5059)  acc=(-0.039,+0.059,+1.235)  |g|=1.237  dt=11ms    F
yaw=  +62.7°  pitch=   +2.5°  roll=   +3.1°  raw=( 7856, 6470, 4431)  acc=(+0.088,+0.040,+1.255)  |g|=1.259  dt=11ms    F
yaw=  +60.6°  pitch=   +2.9°  roll=   +2.0°  raw=( 7851, 6141, 4259)  acc=(+0.167,+0.059,+1.216)  |g|=1.228  dt=10ms    F
yaw=  +58.4°  pitch=   +3.4°  roll=   +0.8°  raw=( 7790, 5959, 4220)  acc=(+0.157,+0.040,+1.176)  |g|=1.188  dt=11ms    F
yaw=  +56.2°  pitch=   +3.9°  roll=   -0.4°  raw=( 7710, 5896, 4123)  acc=(+0.088,+0.040,+1.157)  |g|=1.161  dt=11ms    F
yaw=  +54.0°  pitch=   +4.4°  roll=   -1.7°  raw=( 7511, 5779, 3941)  acc=(+0.118,+0.040,+1.176)  |g|=1.183  dt=11ms    F
yaw=  +51.7°  pitch=   +5.0°  roll=   -3.0°  raw=( 7561, 5538, 3750)  acc=(+0.049,-0.020,+1.294)  |g|=1.295  dt=10ms    F
yaw=  +49.3°  pitch=   +5.8°  roll=   -4.5°  raw=( 7579, 5104, 3411)  acc=(+0.029,+0.020,+1.294)  |g|=1.295  dt=10ms    F
yaw=  +46.8°  pitch=   +6.8°  roll=   -6.1°  raw=( 7532, 4703, 3039)  acc=(+0.167,+0.099,+1.118)  |g|=1.134  dt=10ms    F
yaw=  +44.2°  pitch=   +8.0°  roll=   -7.7°  raw=( 7595, 4459, 2962)  acc=(+0.392,+0.198,+1.000)  |g|=1.092  dt=10ms    F
yaw=  +41.7°  pitch=   +9.3°  roll=   -9.3°  raw=( 7743, 4441, 3266)  acc=(+0.520,+0.178,+0.922)  |g|=1.073  dt=10ms    F
yaw=  +39.5°  pitch=  +10.6°  roll=  -10.8°  raw=( 7595, 4777, 3744)  acc=(+0.520,+0.198,+0.863)  |g|=1.026  dt=11ms    F
yaw=  +37.6°  pitch=  +11.4°  roll=  -12.2°  raw=( 6979, 5362, 4101)  acc=(+0.569,+0.158,+0.882)  |g|=1.062  dt=10ms    F
yaw=  +35.9°  pitch=  +12.0°  roll=  -13.7°  raw=( 6644, 5712, 4479)  acc=(+0.510,+0.079,+0.980)  |g|=1.108  dt=10ms    F
yaw=  +34.3°  pitch=  +12.7°  roll=  -15.2°  raw=( 6656, 5626, 4640)  acc=(+0.510,+0.079,+1.020)  |g|=1.143  dt=11ms    F
yaw=  +32.7°  pitch=  +13.6°  roll=  -16.7°  raw=( 6984, 5321, 4650)  acc=(+0.559,+0.139,+1.078)  |g|=1.223  dt=11ms    F
yaw=  +31.1°  pitch=  +14.9°  roll=  -18.1°  raw=( 7218, 4961, 4740)  acc=(+0.686,+0.178,+0.941)  |g|=1.178  dt=10ms    F
yaw=  +29.8°  pitch=  +16.1°  roll=  -19.4°  raw=( 7204, 4881, 5006)  acc=(+0.863,+0.198,+0.745)  |g|=1.157  dt=10ms    F
yaw=  +28.7°  pitch=  +17.4°  roll=  -20.6°  raw=( 7490, 5104, 5523)  acc=(+0.951,+0.198,+0.686)  |g|=1.189  dt=10ms    F
yaw=  +27.8°  pitch=  +18.7°  roll=  -21.4°  raw=( 8023, 5401, 6110)  acc=(+0.853,+0.218,+0.784)  |g|=1.179  dt=11ms    F
yaw=  +27.4°  pitch=  +19.9°  roll=  -22.3°  raw=( 7772, 5722, 6890)  acc=(+0.755,+0.099,+0.784)  |g|=1.093  dt=11ms    F
yaw=  +27.1°  pitch=  +20.9°  roll=  -23.2°  raw=( 7544, 5906, 7089)  acc=(+0.824,+0.139,+0.765)  |g|=1.132  dt=11ms    F
yaw=  +27.0°  pitch=  +21.7°  roll=  -24.2°  raw=( 7412, 6069, 7400)  acc=(+0.912,+0.139,+0.804)  |g|=1.223  dt=10ms    F
yaw=  +27.2°  pitch=  +22.6°  roll=  -25.2°  raw=( 7377, 6122, 7793)  acc=(+1.000,+0.158,+0.804)  |g|=1.293  dt=11ms    F
yaw=  +27.6°  pitch=  +23.4°  roll=  -26.1°  raw=( 7348, 6180, 8241)  acc=(+1.059,+0.119,+0.765)  |g|=1.311  dt=10ms    F
yaw=  +28.3°  pitch=  +24.1°  roll=  -27.0°  raw=( 7512, 6282, 8751)  acc=(+1.029,+0.099,+0.745)  |g|=1.275  dt=11ms    F
yaw=  +29.2°  pitch=  +24.9°  roll=  -27.8°  raw=( 7653, 6350, 9277)  acc=(+1.020,+0.059,+0.765)  |g|=1.276  dt=10ms    F
yaw=  +30.4°  pitch=  +25.6°  roll=  -28.5°  raw=( 7732, 6436, 9781)  acc=(+0.941,+0.020,+0.784)  |g|=1.225  dt=10ms    F
yaw=  +31.8°  pitch=  +26.3°  roll=  -29.3°  raw=( 7718, 6521,10199)  acc=(+0.853,+0.000,+0.804)  |g|=1.172  dt=10ms    F
yaw=  +33.5°  pitch=  +26.8°  roll=  -30.2°  raw=( 7455, 6650,10506)  acc=(+0.843,-0.059,+0.784)  |g|=1.153  dt=11ms    F
yaw=  +35.5°  pitch=  +27.2°  roll=  -31.1°  raw=( 7251, 6717,11135)  acc=(+0.765,-0.099,+0.784)  |g|=1.100  dt=10ms    F
yaw=  +37.7°  pitch=  +27.5°  roll=  -32.1°  raw=( 7146, 6755,11408)  acc=(+0.775,-0.119,+0.745)  |g|=1.081  dt=10ms    F
yaw=  +40.0°  pitch=  +27.7°  roll=  -33.1°  raw=( 7171, 6819,11738)  acc=(+0.765,-0.158,+0.745)  |g|=1.079  dt=10ms    F
yaw=  +42.6°  pitch=  +27.9°  roll=  -34.0°  raw=( 7202, 6880,12046)  acc=(+0.775,-0.158,+0.804)  |g|=1.127  dt=11ms    F
yaw=  +45.5°  pitch=  +28.1°  roll=  -35.1°  raw=( 7161, 6852,12435)  acc=(+0.745,-0.119,+0.882)  |g|=1.161  dt=11ms    F
yaw=  +48.5°  pitch=  +28.2°  roll=  -36.2°  raw=( 7080, 6713,12849)  acc=(+0.667,-0.158,+0.882)  |g|=1.117  dt=10ms    F
yaw=  +51.8°  pitch=  +28.3°  roll=  -37.4°  raw=( 6974, 6526,13161)  acc=(+0.588,-0.178,+0.804)  |g|=1.012  dt=10ms    F
yaw=  +53.9°  pitch=  +26.7°  roll=  -38.2°  raw=( 6943, 6443,13437)  acc=(+0.510,-0.158,+0.765)  |g|=0.933  dt=11ms    F
yaw=  +57.7°  pitch=  +26.7°  roll=  -39.6°  raw=( 6926, 6435,13704)  acc=(+0.461,-0.178,+0.686)  |g|=0.846  dt=11ms    F
yaw=  +61.5°  pitch=  +26.6°  roll=  -40.8°  raw=( 6955, 6523,13984)  acc=(+0.382,-0.198,+0.529)  |g|=0.682  dt=11ms    F
yaw=  +65.3°  pitch=  +26.5°  roll=  -41.9°  raw=( 7225, 6785,14230)  acc=(+0.225,-0.257,+0.451)  |g|=0.566  dt=10ms    F
yaw=  +68.9°  pitch=  +26.5°  roll=  -42.6°  raw=( 7535, 7146,14345)  acc=(+0.127,-0.297,+0.373)  |g|=0.493  dt=10ms    F
yaw=  +72.4°  pitch=  +26.4°  roll=  -43.0°  raw=( 7721, 7565,14369)  acc=(+0.010,-0.356,+0.275)  |g|=0.450  dt=10ms    F
yaw=  +75.8°  pitch=  +26.3°  roll=  -43.0°  raw=( 8082, 8132,14396)  acc=(-0.196,-0.455,+0.294)  |g|=0.577  dt=10ms    F
yaw=  +78.5°  pitch=  +26.1°  roll=  -42.4°  raw=( 7944, 9282,13567)  acc=(-0.667,-0.673,+0.588)  |g|=1.115  dt=11ms    F
