Connected to Wiimote.
MotionPlus activated.
Calibration complete placeholder
================================================================================
Wiimote Console Debugger - Orientation in degrees
  H = Home button pressed (yaw reset)
================================================================================
yaw=  -10.9°  pitch=  +34.8°  roll=   -8.2°  raw=( 7818, 6749, 9997)  acc=(+0.471,-0.475,+0.588)  |g|=0.891  dt=11ms    F
yaw=   -9.7°  pitch=  +35.5°  roll=   -8.2°  raw=( 7901, 6868,10246)  acc=(+0.431,-0.416,+0.745)  |g|=0.956  dt=10ms    F
yaw=   -8.2°  pitch=  +36.2°  roll=   -8.4°  raw=( 7610, 6997,10652)  acc=(+0.392,-0.455,+0.667)  |g|=0.898  dt=11ms    F
yaw=   -6.3°  pitch=  +36.8°  roll=   -9.0°  raw=( 7199, 7230,10801)  acc=(+0.461,-0.416,+0.706)  |g|=0.940  dt=11ms    F
yaw=   -4.3°  pitch=  +37.3°  roll=   -9.8°  raw=( 6902, 7346,11068)  acc=(+0.392,-0.455,+0.706)  |g|=0.927  dt=10ms    F
yaw=   -2.0°  pitch=  +37.7°  roll=  -10.8°  raw=( 6553, 7529,11252)  acc=(+0.343,-0.436,+0.745)  |g|=0.929  dt=10ms    F
yaw=   +0.5°  pitch=  +38.1°  roll=  -12.2°  raw=( 6165, 7594,11323)  acc=(+0.343,-0.455,+0.765)  |g|=0.954  dt=10ms    F
yaw=   +3.2°  pitch=  +38.3°  roll=  -13.7°  raw=( 5928, 7612,11431)  acc=(+0.284,-0.515,+0.706)  |g|=0.919  dt=10ms    F
yaw=   +6.0°  pitch=  +38.5°  roll=  -15.4°  raw=( 5787, 7680,11407)  acc=(+0.245,-0.515,+0.686)  |g|=0.892  dt=10ms    F
yaw=   +9.0°  pitch=  +38.5°  roll=  -17.3°  raw=( 5514, 7791,11339)  acc=(+0.225,-0.535,+0.647)  |g|=0.869  dt=11ms    F
yaw=  +11.9°  pitch=  +38.3°  roll=  -19.3°  raw=( 5186, 8016,11272)  acc=(+0.245,-0.535,+0.627)  |g|=0.860  dt=10ms    F
yaw=  +15.0°  pitch=  +37.8°  roll=  -21.5°  raw=( 4818, 8269,11276)  acc=(+0.284,-0.515,+0.588)  |g|=0.832  dt=11ms    F
yaw=  +18.1°  pitch=  +37.1°  roll=  -23.8°  raw=( 4660, 8499,11342)  acc=(+0.304,-0.495,+0.569)  |g|=0.813  dt=10ms    F
yaw=  +21.1°  pitch=  +36.3°  roll=  -25.8°  raw=( 4641, 8672,11439)  acc=(+0.343,-0.455,+0.529)  |g|=0.778  dt=10ms    F
yaw=  +24.0°  pitch=  +35.3°  roll=  -27.7°  raw=( 4818, 8811,11622)  acc=(+0.314,-0.455,+0.412)  |g|=0.689  dt=10ms    F
yaw=  +26.7°  pitch=  +34.2°  roll=  -29.2°  raw=( 5176, 9112,11726)  acc=(+0.147,-0.535,+0.353)  |g|=0.657  dt=10ms    F
yaw=  +29.1°  pitch=  +32.8°  roll=  -30.3°  raw=( 5387, 9548,11557)  acc=(+0.049,-0.554,+0.314)  |g|=0.639  dt=10ms    F
yaw=  +31.2°  pitch=  +31.3°  roll=  -31.1°  raw=( 5637, 9996,11248)  acc=(-0.098,-0.653,+0.333)  |g|=0.740  dt=10ms    F
yaw=  +32.4°  pitch=  +29.5°  roll=  -31.4°  raw=( 5990,10715,10127)  acc=(-0.020,-0.535,+0.412)  |g|=0.675  dt=11ms    F
yaw=  +33.4°  pitch=  +27.5°  roll=  -31.5°  raw=( 6105,11110, 9817)  acc=(-0.029,-0.475,+0.451)  |g|=0.656  dt=11ms    F
yaw=  +34.1°  pitch=  +25.2°  roll=  -31.4°  raw=( 6056,11538, 9567)  acc=(+0.020,-0.376,+0.510)  |g|=0.634  dt=11ms    F
yaw=  +34.8°  pitch=  +22.9°  roll=  -31.2°  raw=( 5980,11880, 9453)  acc=(-0.010,-0.356,+0.490)  |g|=0.606  dt=10ms    F
yaw=  +35.2°  pitch=  +20.4°  roll=  -30.8°  raw=( 6145,12229, 9299)  acc=(-0.108,-0.396,+0.471)  |g|=0.624  dt=11ms    F
yaw=  +35.4°  pitch=  +17.9°  roll=  -30.0°  raw=( 6647,12489, 8943)  acc=(-0.196,-0.376,+0.490)  |g|=0.648  dt=11ms    F
yaw=  +35.3°  pitch=  +15.6°  roll=  -28.9°  raw=( 7243,12685, 8460)  acc=(-0.255,-0.376,+0.510)  |g|=0.683  dt=11ms    F
yaw=  +34.8°  pitch=  +13.2°  roll=  -27.5°  raw=( 7743,12969, 7951)  acc=(-0.333,-0.297,+0.549)  |g|=0.708  dt=11ms    F
yaw=  +34.0°  pitch=  +10.7°  roll=  -25.9°  raw=( 7834,13365, 7391)  acc=(-0.382,-0.218,+0.588)  |g|=0.735  dt=11ms    F
yaw=  +32.9°  pitch=   +7.9°  roll=  -24.3°  raw=( 7675,13838, 6766)  acc=(-0.343,-0.158,+0.725)  |g|=0.818  dt=11ms    F
yaw=  +31.5°  pitch=   +5.0°  roll=  -23.0°  raw=( 7411,14034, 5820)  acc=(-0.029,+0.158,+1.078)  |g|=1.090  dt=10ms    F
yaw=  +30.1°  pitch=   +2.1°  roll=  -20.3°  raw=( 7666,13535, 5916)  acc=(+0.039,+0.178,+1.137)  |g|=1.152  dt=11ms    F
yaw=  +28.8°  pitch=   -0.3°  roll=  -18.9°  raw=( 8311,12905, 6067)  acc=(-0.059,+0.139,+1.216)  |g|=1.225  dt=11ms    F
yaw=  +27.7°  pitch=   -2.2°  roll=  -17.5°  raw=( 8628,12358, 6059)  acc=(-0.176,+0.079,+1.275)  |g|=1.289  dt=11ms    F
yaw=  +26.4°  pitch=   -4.0°  roll=  -16.4°  raw=( 8456,11971, 5863)  acc=(-0.206,+0.099,+1.255)  |g|=1.276  dt=11ms    F
yaw=  +25.1°  pitch=   -5.7°  roll=  -15.5°  raw=( 8275,11678, 5623)  acc=(-0.225,+0.119,+1.255)  |g|=1.281  dt=11ms    F
yaw=  +23.6°  pitch=   -7.4°  roll=  -14.8°  raw=( 7992,11486, 5307)  acc=(-0.216,+0.198,+1.314)  |g|=1.346  dt=11ms    F
yaw=  +21.9°  pitch=   -9.1°  roll=  -14.3°  raw=( 7745,11166, 5044)  acc=(-0.167,+0.238,+1.294)  |g|=1.326  dt=11ms    F
yaw=  +20.1°  pitch=  -10.5°  roll=  -14.0°  raw=( 7788,10765, 4855)  acc=(-0.088,+0.337,+1.294)  |g|=1.340  dt=11ms    F
yaw=  +18.2°  pitch=  -11.7°  roll=  -13.7°  raw=( 7874,10386, 4740)  acc=(+0.059,+0.396,+1.275)  |g|=1.336  dt=11ms    F
yaw=  +16.5°  pitch=  -12.6°  roll=  -13.5°  raw=( 7933, 9869, 4968)  acc=(+0.088,+0.416,+1.314)  |g|=1.381  dt=10ms    F
yaw=  +14.8°  pitch=  -13.4°  roll=  -13.4°  raw=( 7967, 9588, 4974)  acc=(+0.059,+0.376,+1.373)  |g|=1.424  dt=10ms    F
yaw=  +13.1°  pitch=  -13.9°  roll=  -13.3°  raw=( 8152, 9287, 4865)  acc=(+0.078,+0.396,+1.451)  |g|=1.506  dt=10ms    F
yaw=  +11.4°  pitch=  -14.3°  roll=  -13.2°  raw=( 8141, 8900, 4776)  acc=(+0.118,+0.416,+1.451)  |g|=1.514  dt=10ms    F
yaw=   +9.5°  pitch=  -14.5°  roll=  -13.2°  raw=( 7980, 8556, 4735)  acc=(+0.137,+0.436,+1.373)  |g|=1.447  dt=10ms    F
yaw=   +7.7°  pitch=  -14.6°  roll=  -13.3°  raw=( 7916, 8356, 4725)  acc=(+0.088,+0.416,+1.314)  |g|=1.381  dt=10ms    F
yaw=   +5.8°  pitch=  -14.7°  roll=  -13.6°  raw=( 7696, 8252, 4606)  acc=(+0.176,+0.436,+1.275)  |g|=1.358  dt=10ms    F
yaw=   +3.8°  pitch=  -14.6°  roll=  -13.8°  raw=( 7642, 8089, 4563)  acc=(+0.196,+0.416,+1.255)  |g|=1.336  dt=10ms    F
yaw=   +1.7°  pitch=  -14.5°  roll=  -14.0°  raw=( 7797, 7922, 4506)  acc=(+0.196,+0.396,+1.255)  |g|=1.330  dt=10ms    F
yaw=   -0.4°  pitch=  -14.2°  roll=  -14.2°  raw=( 7817, 7627, 4392)  acc=(+0.216,+0.416,+1.137)  |g|=1.230  dt=10ms    F
yaw=   -2.4°  pitch=  -13.8°  roll=  -14.2°  raw=( 8124, 7448, 4387)  acc=(+0.216,+0.376,+1.118)  |g|=1.199  dt=10ms    F
yaw=   -4.4°  pitch=  -13.4°  roll=  -14.0°  raw=( 8331, 7366, 4368)  acc=(+0.216,+0.337,+1.196)  |g|=1.261  dt=10ms    F
yaw=   -6.5°  pitch=  -12.9°  roll=  -13.9°  raw=( 8301, 7266, 4335)  acc=(+0.147,+0.317,+1.235)  |g|=1.284  dt=11ms    F
yaw=   -8.7°  pitch=  -12.3°  roll=  -13.9°  raw=( 7979, 7192, 4237)  acc=(+0.127,+0.337,+1.196)  |g|=1.249  dt=11ms    F
yaw=  -10.9°  pitch=  -11.7°  roll=  -14.1°  raw=( 7563, 7100, 4189)  acc=(+0.196,+0.376,+1.039)  |g|=1.122  dt=10ms    F
yaw=  -13.1°  pitch=  -11.1°  roll=  -14.2°  raw=( 7662, 7064, 4264)  acc=(+0.137,+0.317,+0.980)  |g|=1.039  dt=10ms    F
yaw=  -15.2°  pitch=  -10.4°  roll=  -14.2°  raw=( 7971, 7032, 4210)  acc=(+0.127,+0.277,+1.078)  |g|=1.121  dt=10ms    F
yaw=  -17.4°  pitch=   -9.7°  roll=  -13.9°  raw=( 8235, 6811, 4071)  acc=(+0.147,+0.277,+1.157)  |g|=1.199  dt=10ms    F
yaw=  -19.5°  pitch=   -8.9°  roll=  -13.5°  raw=( 8456, 6473, 3995)  acc=(+0.235,+0.317,+1.098)  |g|=1.167  dt=10ms    F
yaw=  -21.6°  pitch=   -8.1°  roll=  -12.8°  raw=( 8658, 6288, 4115)  acc=(+0.265,+0.337,+0.980)  |g|=1.070  dt=10ms    F
yaw=  -23.7°  pitch=   -7.3°  roll=  -12.1°  raw=( 8773, 6424, 4289)  acc=(+0.225,+0.277,+0.980)  |g|=1.043  dt=11ms    F
yaw=  -25.6°  pitch=   -6.7°  roll=  -11.7°  raw=( 8328, 6817, 4555)  acc=(+0.157,+0.218,+1.020)  |g|=1.054  dt=10ms    F
yaw=  -27.6°  pitch=   -6.1°  roll=  -11.4°  raw=( 8097, 6902, 4546)  acc=(+0.157,+0.238,+1.039)  |g|=1.078  dt=10ms    F
yaw=  -29.4°  pitch=   -5.4°  roll=  -11.1°  raw=( 8137, 6853, 4552)  acc=(+0.216,+0.277,+1.098)  |g|=1.153  dt=10ms    F
yaw=  -31.2°  pitch=   -4.8°  roll=  -10.5°  raw=( 8356, 6580, 4627)  acc=(+0.294,+0.277,+1.059)  |g|=1.133  dt=10ms    F
yaw=  -33.0°  pitch=   -4.1°  roll=   -9.6°  raw=( 8877, 6268, 4781)  acc=(+0.235,+0.238,+1.137)  |g|=1.185  dt=10ms    F
yaw=  -34.8°  pitch=   -3.5°  roll=   -8.4°  raw=( 9418, 5954, 4785)  acc=(+0.225,+0.198,+1.235)  |g|=1.271  dt=10ms    F
yaw=  -36.5°  pitch=   -2.8°  roll=   -7.2°  raw=( 9097, 5786, 4800)  acc=(+0.284,+0.238,+1.098)  |g|=1.159  dt=10ms    F
yaw=  -38.2°  pitch=   -2.0°  roll=   -6.3°  raw=( 8691, 6047, 5035)  acc=(+0.373,+0.257,+1.039)  |g|=1.134  dt=10ms    F
yaw=  -39.7°  pitch=   -1.3°  roll=   -5.5°  raw=( 8377, 6398, 5375)  acc=(+0.363,+0.218,+1.098)  |g|=1.177  dt=11ms    F
yaw=  -41.1°  pitch=   -0.6°  roll=   -5.0°  raw=( 8133, 6560, 5664)  acc=(+0.304,+0.178,+1.137)  |g|=1.191  dt=11ms    F
yaw=  -42.4°  pitch=   +0.1°  roll=   -4.4°  raw=( 8051, 6530, 5821)  acc=(+0.294,+0.198,+1.157)  |g|=1.210  dt=11ms    F
yaw=  -43.7°  pitch=   +0.8°  roll=   -3.6°  raw=( 8193, 6342, 5945)  acc=(+0.333,+0.198,+1.196)  |g|=1.257  dt=11ms    F
yaw=  -44.8°  pitch=   +1.5°  roll=   -2.7°  raw=( 8525, 6058, 6103)  acc=(+0.324,+0.178,+1.196)  |g|=1.252  dt=10ms    F
yaw=  -45.9°  pitch=   +2.1°  roll=   -1.6°  raw=( 8759, 5808, 6235)  acc=(+0.333,+0.178,+1.176)  |g|=1.236  dt=10ms    F
yaw=  -46.9°  pitch=   +2.7°  roll=   -0.2°  raw=( 9035, 5558, 6431)  acc=(+0.324,+0.158,+1.157)  |g|=1.212  dt=10ms    F
yaw=  -47.7°  pitch=   +3.3°  roll=   +1.1°  raw=( 8921, 5522, 6631)  acc=(+0.324,+0.099,+1.098)  |g|=1.149  dt=10ms    F
yaw=  -48.5°  pitch=   +4.1°  roll=   +2.1°  raw=( 8399, 5792, 6884)  acc=(+0.343,+0.099,+1.000)  |g|=1.062  dt=10ms    F
yaw=  -49.1°  pitch=   +4.9°  roll=   +2.8°  raw=( 7889, 6234, 7229)  acc=(+0.314,+0.059,+0.980)  |g|=1.031  dt=10ms    F
yaw=  -49.5°  pitch=   +5.7°  roll=   +3.2°  raw=( 7498, 6619, 7504)  acc=(+0.314,+0.040,+1.039)  |g|=1.086  dt=10ms    F
yaw=  -49.7°  pitch=   +6.5°  roll=   +3.4°  raw=( 7163, 6795, 7734)  acc=(+0.382,+0.040,+1.176)  |g|=1.238  dt=10ms    F
yaw=  -49.8°  pitch=   +7.5°  roll=   +3.7°  raw=( 7062, 6646, 8027)  acc=(+0.431,+0.059,+1.196)  |g|=1.273  dt=10ms    F
yaw=  -49.8°  pitch=   +8.5°  roll=   +4.2°  raw=( 7238, 6275, 8349)  acc=(+0.412,+0.059,+1.137)  |g|=1.211  dt=10ms    F
yaw=  -49.7°  pitch=   +9.5°  roll=   +4.9°  raw=( 7660, 5888, 8638)  acc=(+0.304,+0.020,+1.059)  |g|=1.102  dt=10ms    F
yaw=  -49.6°  pitch=  +10.3°  roll=   +6.1°  raw=( 8393, 5550, 8764)  acc=(+0.137,-0.079,+1.039)  |g|=1.051  dt=10ms    F
yaw=  -49.6°  pitch=  +11.0°  roll=   +7.6°  raw=( 8767, 5374, 8647)  acc=(+0.020,-0.158,+1.020)  |g|=1.032  dt=11ms    F
yaw=  -49.7°  pitch=  +11.6°  roll=   +8.7°  raw=( 8671, 5472, 8415)  acc=(-0.010,-0.198,+1.020)  |g|=1.039  dt=11ms    F
yaw=  -49.9°  pitch=  +12.5°  roll=   +9.1°  raw=( 7725, 5961, 8144)  acc=(+0.216,-0.158,+1.020)  |g|=1.054  dt=11ms    F
yaw=  -49.9°  pitch=  +13.6°  roll=   +9.8°  raw=( 7395, 6116, 8346)  acc=(+0.304,-0.178,+1.020)  |g|=1.079  dt=11ms    F
yaw=  -49.8°  pitch=  +14.7°  roll=  +10.3°  raw=( 7260, 6170, 8614)  acc=(+0.314,-0.178,+1.039)  |g|=1.100  dt=11ms    F
yaw=  -49.6°  pitch=  +15.8°  roll=  +10.9°  raw=( 7260, 6111, 8891)  acc=(+0.304,-0.178,+0.980)  |g|=1.042  dt=10ms    F
yaw=  -49.3°  pitch=  +16.9°  roll=  +11.0°  raw=( 7625, 5937, 9205)  acc=(+0.235,-0.218,+0.902)  |g|=0.957  dt=10ms    F
yaw=  -48.9°  pitch=  +17.6°  roll=  +11.7°  raw=( 8336, 5757, 9429)  acc=(+0.127,-0.277,+0.902)  |g|=0.952  dt=10ms    F
yaw=  -48.7°  pitch=  +18.3°  roll=  +12.8°  raw=( 8827, 5643, 9463)  acc=(+0.059,-0.396,+0.902)  |g|=0.987  dt=10ms    F
yaw=  -48.4°  pitch=  +18.6°  roll=  +14.2°  raw=( 8940, 5691, 9363)  acc=(-0.098,-0.376,+0.882)  |g|=0.964  dt=10ms    F
yaw=  -48.2°  pitch=  +19.4°  roll=  +15.0°  raw=( 8035, 6169, 8983)  acc=(+0.069,-0.416,+0.824)  |g|=0.925  dt=10ms    F
yaw=  -48.0°  pitch=  +20.2°  roll=  +15.6°  raw=( 7679, 6449, 9018)  acc=(+0.088,-0.376,+0.843)  |g|=0.927  dt=10ms    F
yaw=  -47.6°  pitch=  +21.1°  roll=  +15.7°  raw=( 7294, 6580, 9090)  acc=(+0.186,-0.356,+0.882)  |g|=0.970  dt=10ms    F
yaw=  -47.1°  pitch=  +22.2°  roll=  +15.6°  raw=( 7083, 6557, 9296)  acc=(+0.255,-0.317,+0.902)  |g|=0.989  dt=11ms    F
yaw=  -46.5°  pitch=  +23.4°  roll=  +15.3°  raw=( 7019, 6404, 9632)  acc=(+0.314,-0.297,+0.882)  |g|=0.982  dt=10ms    F
yaw=  -45.6°  pitch=  +24.6°  roll=  +14.9°  raw=( 7010, 6244,10036)  acc=(+0.343,-0.257,+0.863)  |g|=0.964  dt=10ms    F
yaw=  -44.6°  pitch=  +25.8°  roll=  +15.3°  raw=( 7080, 6103,10492)  acc=(+0.265,-0.297,+0.804)  |g|=0.897  dt=10ms    F
yaw=  -43.3°  pitch=  +27.0°  roll=  +15.8°  raw=( 7092, 6049,10817)  acc=(+0.088,-0.356,+0.745)  |g|=0.831  dt=10ms    F
yaw=  -42.0°  pitch=  +28.2°  roll=  +16.2°  raw=( 7116, 6076,10844)  acc=(-0.059,-0.436,+0.706)  |g|=0.832  dt=11ms    F
yaw=  -40.9°  pitch=  +29.4°  roll=  +16.6°  raw=( 7194, 6152,10618)  acc=(-0.167,-0.455,+0.765)  |g|=0.906  dt=10ms    F
yaw=  -39.9°  pitch=  +30.6°  roll=  +17.0°  raw=( 7175, 6163,10277)  acc=(-0.088,-0.475,+0.765)  |g|=0.905  dt=10ms    F
yaw=  -39.0°  pitch=  +31.8°  roll=  +17.2°  raw=( 6999, 6136,10075)  acc=(+0.059,-0.436,+0.784)  |g|=0.899  dt=10ms    F
yaw=  -38.0°  pitch=  +33.2°  roll=  +17.4°  raw=( 6769, 6162,10174)  acc=(+0.206,-0.376,+0.804)  |g|=0.911  dt=11ms    F
yaw=  -36.7°  pitch=  +34.6°  roll=  +17.3°  raw=( 6510, 6169,10552)  acc=(+0.245,-0.376,+0.745)  |g|=0.870  dt=10ms    F
yaw=  -35.0°  pitch=  +36.0°  roll=  +17.1°  raw=( 6343, 6254,11022)  acc=(+0.225,-0.376,+0.686)  |g|=0.814  dt=10ms    F
yaw=  -32.9°  pitch=  +37.3°  roll=  +16.7°  raw=( 6294, 6516,11652)  acc=(+0.010,-0.436,+0.549)  |g|=0.701  dt=10ms    F
yaw=  -30.8°  pitch=  +38.5°  roll=  +16.3°  raw=( 6515, 6653,11683)  acc=(-0.137,-0.535,+0.510)  |g|=0.751  dt=10ms    F
yaw=  -28.8°  pitch=  +39.5°  roll=  +16.0°  raw=( 6810, 6798,11489)  acc=(-0.284,-0.634,+0.471)  |g|=0.839  dt=10ms    F
yaw=  -27.1°  pitch=  +40.3°  roll=  +15.8°  raw=( 7155, 6922,11081)  acc=(-0.382,-0.693,+0.471)  |g|=0.921  dt=10ms    F
yaw=  -25.8°  pitch=  +41.0°  roll=  +15.7°  raw=( 7430, 7020,10531)  acc=(-0.353,-0.713,+0.471)  |g|=0.924  dt=10ms    F
yaw=  -24.7°  pitch=  +41.7°  roll=  +15.7°  raw=( 7566, 7133,10107)  acc=(-0.255,-0.693,+0.490)  |g|=0.886  dt=11ms    F
yaw=  -23.8°  pitch=  +42.2°  roll=  +15.6°  raw=( 7634, 7285, 9925)  acc=(-0.186,-0.653,+0.529)  |g|=0.861  dt=10ms    F
yaw=  -22.7°  pitch=  +42.7°  roll=  +15.5°  raw=( 7586, 7397, 9923)  acc=(-0.127,-0.634,+0.588)  |g|=0.874  dt=10ms    F
yaw=  -21.6°  pitch=  +43.2°  roll=  +15.2°  raw=( 7452, 7423,10029)  acc=(-0.176,-0.653,+0.588)  |g|=0.897  dt=10ms    F
