Connected to Wiimote.
MotionPlus activated.
Calibration complete placeholder
================================================================================
Wiimote Console Debugger - Orientation in degrees
  H = Home button pressed (yaw reset)
================================================================================
yaw=  +16.9°  pitch=  +34.0°  roll=   -7.9°  raw=( 8842, 7674,10362)  acc=(+0.176,-0.416,+0.980)  |g|=1.079  dt=11ms    F
yaw=  +18.0°  pitch=  +34.0°  roll=   -7.8°  raw=( 8934, 7539,10659)  acc=(+0.029,-0.455,+0.843)  |g|=0.959  dt=11ms    F
yaw=  +19.2°  pitch=  +34.1°  roll=   -7.6°  raw=( 8878, 7524,10770)  acc=(-0.059,-0.495,+0.804)  |g|=0.946  dt=11ms    F
yaw=  +20.4°  pitch=  +34.4°  roll=   -7.4°  raw=( 8741, 7641,10743)  acc=(-0.147,-0.554,+0.784)  |g|=0.972  dt=11ms    F
yaw=  +21.7°  pitch=  +34.7°  roll=   -7.3°  raw=( 8464, 7767,10656)  acc=(-0.176,-0.554,+0.725)  |g|=0.930  dt=10ms    F
yaw=  +23.0°  pitch=  +34.9°  roll=   -7.2°  raw=( 8370, 7925,10534)  acc=(-0.196,-0.515,+0.706)  |g|=0.895  dt=11ms    F
yaw=  +24.2°  pitch=  +35.0°  roll=   -7.1°  raw=( 8332, 8034,10451)  acc=(-0.216,-0.515,+0.706)  |g|=0.900  dt=10ms    F
yaw=  +25.4°  pitch=  +34.9°  roll=   -7.1°  raw=( 8023, 8345,10282)  acc=(-0.284,-0.535,+0.667)  |g|=0.901  dt=11ms    F
yaw=  +26.6°  pitch=  +34.6°  roll=   -7.2°  raw=( 7791, 8564,10172)  acc=(-0.343,-0.535,+0.686)  |g|=0.935  dt=10ms    F
yaw=  +27.6°  pitch=  +34.2°  roll=   -7.5°  raw=( 7435, 8793, 9976)  acc=(-0.353,-0.535,+0.686)  |g|=0.939  dt=10ms    F
yaw=  +28.7°  pitch=  +33.5°  roll=   -7.8°  raw=( 7114, 8996, 9812)  acc=(-0.363,-0.515,+0.686)  |g|=0.931  dt=11ms    F
yaw=  +29.8°  pitch=  +32.7°  roll=   -8.2°  raw=( 6874, 9144, 9683)  acc=(-0.373,-0.515,+0.667)  |g|=0.921  dt=11ms    F
yaw=  +30.8°  pitch=  +31.7°  roll=   -8.7°  raw=( 6677, 9348, 9532)  acc=(-0.382,-0.515,+0.667)  |g|=0.925  dt=11ms    F
yaw=  +31.7°  pitch=  +30.6°  roll=   -9.1°  raw=( 6552, 9530, 9374)  acc=(-0.353,-0.475,+0.667)  |g|=0.892  dt=11ms    F
yaw=  +32.5°  pitch=  +29.5°  roll=   -9.5°  raw=( 6501, 9682, 9275)  acc=(-0.294,-0.436,+0.686)  |g|=0.864  dt=10ms    F
yaw=  +33.2°  pitch=  +28.4°  roll=   -9.7°  raw=( 6708, 9756, 9292)  acc=(-0.314,-0.416,+0.667)  |g|=0.846  dt=10ms    F
yaw=  +33.8°  pitch=  +27.3°  roll=   -9.7°  raw=( 6976, 9802, 9275)  acc=(-0.343,-0.416,+0.667)  |g|=0.857  dt=10ms    F
yaw=  +34.3°  pitch=  +26.2°  roll=   -9.7°  raw=( 7060, 9913, 9211)  acc=(-0.343,-0.416,+0.647)  |g|=0.842  dt=10ms    F
yaw=  +34.8°  pitch=  +25.0°  roll=   -9.6°  raw=( 7062,10131, 9128)  acc=(-0.373,-0.376,+0.627)  |g|=0.821  dt=11ms    F
yaw=  +35.2°  pitch=  +23.6°  roll=   -9.4°  raw=( 6989,10413, 9019)  acc=(-0.382,-0.356,+0.667)  |g|=0.847  dt=11ms    F
yaw=  +35.5°  pitch=  +22.1°  roll=   -9.1°  raw=( 6881,10666, 8883)  acc=(-0.431,-0.376,+0.725)  |g|=0.924  dt=10ms    F
yaw=  +35.6°  pitch=  +20.4°  roll=   -8.8°  raw=( 6886,10830, 8650)  acc=(-0.422,-0.356,+0.765)  |g|=0.943  dt=11ms    F
yaw=  +35.6°  pitch=  +18.8°  roll=   -8.5°  raw=( 6832,10875, 8411)  acc=(-0.402,-0.337,+0.725)  |g|=0.895  dt=11ms    F
yaw=  +35.6°  pitch=  +17.2°  roll=   -8.2°  raw=( 6731,11063, 8195)  acc=(-0.373,-0.297,+0.706)  |g|=0.852  dt=10ms    F
yaw=  +35.4°  pitch=  +15.3°  roll=   -7.9°  raw=( 6660,11311, 7988)  acc=(-0.265,-0.178,+0.745)  |g|=0.811  dt=10ms    F
yaw=  +35.2°  pitch=  +13.4°  roll=   -7.5°  raw=( 6698,11435, 7981)  acc=(-0.176,-0.139,+0.784)  |g|=0.816  dt=11ms    F
yaw=  +35.0°  pitch=  +11.6°  roll=   -7.0°  raw=( 6950,11507, 8082)  acc=(-0.216,-0.178,+0.902)  |g|=0.944  dt=10ms    F
yaw=  +34.8°  pitch=  +10.3°  roll=   -5.8°  raw=( 7183,11394, 7962)  acc=(-0.284,-0.178,+1.098)  |g|=1.148  dt=10ms    F
yaw=  +34.5°  pitch=   +8.6°  roll=   -5.3°  raw=( 7080,11233, 7780)  acc=(-0.284,-0.178,+1.137)  |g|=1.186  dt=10ms    F
yaw=  +34.2°  pitch=   +6.9°  roll=   -5.0°  raw=( 6935,11064, 7591)  acc=(-0.265,-0.158,+1.137)  |g|=1.178  dt=10ms    F
yaw=  +33.7°  pitch=   +5.4°  roll=   -4.8°  raw=( 6836,10859, 7365)  acc=(-0.245,-0.158,+1.098)  |g|=1.136  dt=10ms    F
yaw=  +33.1°  pitch=   +3.9°  roll=   -4.5°  raw=( 6962,10699, 7117)  acc=(-0.235,-0.158,+1.039)  |g|=1.077  dt=10ms    F
yaw=  +32.4°  pitch=   +2.5°  roll=   -4.3°  raw=( 7132,10659, 6831)  acc=(-0.206,-0.099,+0.980)  |g|=1.007  dt=10ms    F
yaw=  +31.5°  pitch=   +1.5°  roll=   -3.4°  raw=( 7378,10654, 6585)  acc=(-0.108,-0.020,+1.020)  |g|=1.025  dt=10ms    F
yaw=  +30.6°  pitch=   +0.3°  roll=   -2.9°  raw=( 7786,10563, 6508)  acc=(+0.000,+0.040,+1.078)  |g|=1.079  dt=11ms    F
yaw=  +29.8°  pitch=   -0.7°  roll=   -2.3°  raw=( 8235,10374, 6630)  acc=(+0.049,+0.059,+1.176)  |g|=1.179  dt=10ms    F
yaw=  +29.0°  pitch=   -1.5°  roll=   -1.6°  raw=( 8568,10149, 6789)  acc=(-0.049,+0.020,+1.255)  |g|=1.256  dt=10ms    F
yaw=  +28.3°  pitch=   -2.2°  roll=   -0.9°  raw=( 8574, 9971, 6800)  acc=(-0.147,-0.020,+1.275)  |g|=1.283  dt=10ms    F
yaw=  +27.4°  pitch=   -2.9°  roll=   -0.5°  raw=( 8229, 9662, 6495)  acc=(-0.255,-0.059,+1.176)  |g|=1.205  dt=11ms    F
yaw=  +26.4°  pitch=   -3.6°  roll=   -0.1°  raw=( 8152, 9587, 6254)  acc=(-0.255,-0.020,+1.157)  |g|=1.185  dt=10ms    F
yaw=  +25.3°  pitch=   -4.1°  roll=   +0.3°  raw=( 8364, 9426, 6028)  acc=(-0.206,+0.000,+1.176)  |g|=1.194  dt=10ms    F
yaw=  +24.1°  pitch=   -4.5°  roll=   +0.7°  raw=( 8646, 9194, 5869)  acc=(-0.167,+0.000,+1.255)  |g|=1.266  dt=10ms    F
yaw=  +22.8°  pitch=   -4.7°  roll=   +1.3°  raw=( 8896, 8851, 5768)  acc=(-0.196,+0.000,+1.275)  |g|=1.290  dt=10ms    F
yaw=  +21.5°  pitch=   -4.7°  roll=   +1.7°  raw=( 8807, 8616, 5674)  acc=(-0.206,+0.000,+1.255)  |g|=1.272  dt=11ms    F
yaw=  +20.0°  pitch=   -4.9°  roll=   +1.9°  raw=( 8484, 8546, 5564)  acc=(-0.206,+0.020,+1.255)  |g|=1.272  dt=11ms    F
yaw=  +18.6°  pitch=   -5.0°  roll=   +2.0°  raw=( 8094, 8479, 5485)  acc=(-0.186,+0.040,+1.157)  |g|=1.172  dt=10ms    F
yaw=  +17.1°  pitch=   -5.1°  roll=   +1.9°  raw=( 8016, 8411, 5459)  acc=(-0.167,+0.040,+1.137)  |g|=1.150  dt=10ms    F
yaw=  +15.7°  pitch=   -5.2°  roll=   +2.0°  raw=( 8180, 8262, 5448)  acc=(-0.167,+0.020,+1.176)  |g|=1.188  dt=10ms    F
yaw=  +14.2°  pitch=   -5.0°  roll=   +2.1°  raw=( 8340, 8015, 5405)  acc=(-0.206,-0.020,+1.176)  |g|=1.195  dt=10ms    F
yaw=  +12.7°  pitch=   -4.9°  roll=   +2.1°  raw=( 8243, 7883, 5273)  acc=(-0.235,-0.020,+1.157)  |g|=1.181  dt=10ms    F
yaw=  +11.0°  pitch=   -4.7°  roll=   +1.9°  raw=( 7935, 7858, 5102)  acc=(-0.186,+0.040,+1.137)  |g|=1.153  dt=10ms    F
yaw=   +9.3°  pitch=   -4.6°  roll=   +1.6°  raw=( 7654, 7813, 5041)  acc=(-0.059,+0.079,+1.137)  |g|=1.142  dt=10ms    F
yaw=   +7.7°  pitch=   -4.3°  roll=   +1.4°  raw=( 7677, 7667, 5150)  acc=(+0.029,+0.099,+1.118)  |g|=1.122  dt=10ms    F
yaw=   +6.1°  pitch=   -3.9°  roll=   +1.1°  raw=( 7827, 7464, 5330)  acc=(+0.029,+0.079,+1.137)  |g|=1.140  dt=11ms    F
yaw=   +4.6°  pitch=   -3.4°  roll=   +1.0°  raw=( 7979, 7282, 5506)  acc=(-0.010,+0.059,+1.137)  |g|=1.139  dt=11ms    F
yaw=   +3.1°  pitch=   -2.9°  roll=   +0.9°  raw=( 8002, 7138, 5548)  acc=(-0.039,+0.040,+1.118)  |g|=1.119  dt=10ms    F
yaw=   +1.7°  pitch=   -2.3°  roll=   +0.8°  raw=( 7987, 7043, 5512)  acc=(-0.010,+0.059,+1.118)  |g|=1.119  dt=11ms    F
yaw=   +0.2°  pitch=   -1.6°  roll=   +0.7°  raw=( 7975, 6994, 5488)  acc=(+0.039,+0.079,+1.118)  |g|=1.121  dt=11ms    F
yaw=   -1.3°  pitch=   -0.9°  roll=   +0.5°  raw=( 7878, 6973, 5508)  acc=(+0.098,+0.099,+1.137)  |g|=1.146  dt=11ms    F
yaw=   -2.8°  pitch=   -0.2°  roll=   +0.4°  raw=( 7821, 6909, 5639)  acc=(+0.206,+0.158,+1.118)  |g|=1.147  dt=11ms    F
yaw=   -4.0°  pitch=   +0.6°  roll=   +0.3°  raw=( 7929, 6801, 5914)  acc=(+0.284,+0.178,+1.118)  |g|=1.167  dt=11ms    F
yaw=   -4.9°  pitch=   +1.5°  roll=   +0.6°  raw=( 8508, 6459, 6533)  acc=(+0.294,+0.139,+1.137)  |g|=1.183  dt=10ms    F
yaw=   -5.7°  pitch=   +2.5°  roll=   +0.9°  raw=( 8594, 6340, 6779)  acc=(+0.284,+0.139,+1.137)  |g|=1.180  dt=11ms    F
yaw=   -6.4°  pitch=   +3.6°  roll=   +1.3°  raw=( 8632, 6271, 7042)  acc=(+0.245,+0.099,+1.137)  |g|=1.168  dt=11ms    F
yaw=   -6.9°  pitch=   +4.6°  roll=   +1.7°  raw=( 8569, 6278, 7229)  acc=(+0.196,+0.059,+1.118)  |g|=1.136  dt=11ms    F
yaw=   -7.5°  pitch=   +5.7°  roll=   +1.9°  raw=( 8300, 6331, 7330)  acc=(+0.245,+0.040,+1.078)  |g|=1.107  dt=12ms    F
yaw=   -7.8°  pitch=   +6.6°  roll=   +2.1°  raw=( 8131, 6444, 7496)  acc=(+0.304,+0.020,+1.078)  |g|=1.121  dt=10ms    F
yaw=   -8.1°  pitch=   +7.5°  roll=   +2.1°  raw=( 7951, 6553, 7716)  acc=(+0.294,+0.000,+1.078)  |g|=1.118  dt=10ms    F
yaw=   -8.2°  pitch=   +8.3°  roll=   +1.9°  raw=( 7646, 6701, 7972)  acc=(+0.284,+0.000,+1.098)  |g|=1.134  dt=10ms    F
yaw=   -8.0°  pitch=   +9.2°  roll=   +1.6°  raw=( 7359, 6636, 8456)  acc=(+0.235,-0.079,+1.098)  |g|=1.126  dt=10ms    F
yaw=   -7.7°  pitch=  +10.3°  roll=   +1.4°  raw=( 7472, 6427, 8618)  acc=(+0.216,-0.099,+1.078)  |g|=1.104  dt=11ms    F
yaw=   -7.4°  pitch=  +11.4°  roll=   +1.3°  raw=( 7760, 6185, 8755)  acc=(+0.206,-0.119,+1.020)  |g|=1.047  dt=10ms    F
yaw=   -7.0°  pitch=  +12.3°  roll=   +0.9°  raw=( 8114, 5954, 8853)  acc=(+0.196,-0.119,+0.961)  |g|=0.988  dt=10ms    F
yaw=   -6.7°  pitch=  +13.4°  roll=   +0.6°  raw=( 8451, 5838, 8959)  acc=(+0.225,-0.119,+0.902)  |g|=0.937  dt=11ms    F
yaw=   -6.2°  pitch=  +14.4°  roll=   +0.3°  raw=( 8647, 5824, 9130)  acc=(+0.225,-0.119,+0.882)  |g|=0.918  dt=11ms    F
yaw=   -5.7°  pitch=  +15.3°  roll=   +0.2°  raw=( 8725, 5901, 9354)  acc=(+0.216,-0.139,+0.922)  |g|=0.957  dt=11ms    F
yaw=   -5.0°  pitch=  +16.2°  roll=   +0.0°  raw=( 8620, 5979, 9577)  acc=(+0.167,-0.178,+0.980)  |g|=1.010  dt=10ms    F
yaw=   -4.2°  pitch=  +17.1°  roll=   -0.2°  raw=( 8394, 5995, 9756)  acc=(+0.108,-0.218,+0.980)  |g|=1.010  dt=11ms    F
yaw=   -3.3°  pitch=  +18.0°  roll=   -0.4°  raw=( 8140, 6004, 9841)  acc=(+0.078,-0.257,+0.922)  |g|=0.960  dt=11ms    F
yaw=   -2.4°  pitch=  +19.0°  roll=   -0.6°  raw=( 8002, 6046, 9903)  acc=(+0.069,-0.257,+0.922)  |g|=0.959  dt=10ms    F
yaw=   -1.4°  pitch=  +20.1°  roll=   -0.7°  raw=( 7924, 6040,10010)  acc=(+0.059,-0.277,+0.882)  |g|=0.927  dt=10ms    F
yaw=   -0.3°  pitch=  +21.3°  roll=   -0.8°  raw=( 7919, 6000,10124)  acc=(+0.029,-0.277,+0.824)  |g|=0.869  dt=10ms    F
yaw=   +0.9°  pitch=  +22.4°  roll=   -1.0°  raw=( 7843, 6196,10280)  acc=(-0.029,-0.297,+0.706)  |g|=0.766  dt=10ms    F
yaw=   +2.1°  pitch=  +23.3°  roll=   -1.2°  raw=( 7780, 6408,10333)  acc=(-0.098,-0.337,+0.706)  |g|=0.788  dt=10ms    F
yaw=   +3.5°  pitch=  +24.2°  roll=   -1.5°  raw=( 7652, 6627,10318)  acc=(-0.196,-0.376,+0.706)  |g|=0.824  dt=10ms    F
yaw=   +4.7°  pitch=  +24.8°  roll=   -2.0°  raw=( 7473, 6870,10165)  acc=(-0.265,-0.416,+0.667)  |g|=0.829  dt=10ms    F
yaw=   +5.8°  pitch=  +25.4°  roll=   -2.5°  raw=( 7378, 7109, 9921)  acc=(-0.275,-0.436,+0.608)  |g|=0.797  dt=10ms    F
yaw=   +6.9°  pitch=  +25.8°  roll=   -3.0°  raw=( 7397, 7318, 9733)  acc=(-0.245,-0.436,+0.588)  |g|=0.772  dt=10ms    F
