Connected to Wiimote.
MotionPlus activated.
Calibration complete placeholder
================================================================================
Wiimote Console Debugger - Orientation in degrees
  H = Home button pressed (yaw reset)
================================================================================
yaw=  +91.9°  pitch=  +51.7°  roll=  -51.0°  raw=(13018, 6042,10001)  acc=(+0.029,-0.535,+0.902)  |g|=1.049  dt=10ms    F
yaw=  +92.1°  pitch=  +52.6°  roll=  -50.9°  raw=(12241, 6083,10198)  acc=(+0.010,-0.495,+0.765)  |g|=0.911  dt=11ms    F
yaw=  +94.8°  pitch=  +54.3°  roll=  -52.7°  raw=(11321, 6433,10440)  acc=(+0.010,-0.515,+0.667)  |g|=0.842  dt=11ms    F
yaw=  +97.5°  pitch=  +55.7°  roll=  -54.4°  raw=(10877, 6661,10704)  acc=(+0.049,-0.495,+0.588)  |g|=0.770  dt=10ms    F
yaw= +100.5°  pitch=  +57.2°  roll=  -56.2°  raw=(11134, 6758,10992)  acc=(+0.049,-0.455,+0.627)  |g|=0.777  dt=10ms    F
yaw= +105.3°  pitch=  +59.3°  roll=  -59.5°  raw=(12632, 6026,11621)  acc=(+0.059,-0.376,+0.686)  |g|=0.785  dt=11ms    F
yaw= +111.4°  pitch=  +61.6°  roll=  -64.2°  raw=(13468, 5444,12025)  acc=(+0.069,-0.317,+0.686)  |g|=0.759  dt=10ms    F
yaw= +119.9°  pitch=  +63.8°  roll=  -71.1°  raw=(14202, 4775,12540)  acc=(+0.010,-0.257,+0.647)  |g|=0.696  dt=11ms    F
yaw= +130.2°  pitch=  +65.4°  roll=  -79.5°  raw=(14469, 4308,13077)  acc=(-0.118,-0.178,+0.627)  |g|=0.663  dt=10ms    F
yaw= +142.0°  pitch=  +66.0°  roll=  -89.3°  raw=(14161, 3933,13553)  acc=(-0.147,-0.079,+0.608)  |g|=0.630  dt=10ms    F
yaw= +153.5°  pitch=  +65.4°  roll=  -98.2°  raw=(13231, 3731,14098)  acc=(-0.137,+0.059,+0.529)  |g|=0.550  dt=11ms    F
yaw= +163.4°  pitch=  +63.9°  roll= -105.2°  raw=(12162, 3614,14799)  acc=(-0.118,+0.238,+0.392)  |g|=0.473  dt=10ms    F
yaw= +172.1°  pitch=  +61.7°  roll= -110.3°  raw=(11537, 3387, 9851)  acc=(-0.245,+0.317,-0.039)  |g|=0.402  dt=10ms    F
yaw= -179.5°  pitch=  +59.3°  roll= -114.8°  raw=(11904, 3540,10009)  acc=(-0.735,+0.178,-0.490)  |g|=0.902  dt=10ms    F
yaw= -171.8°  pitch=  +57.2°  roll= -118.3°  raw=(11654, 4737,10041)  acc=(-1.304,+0.000,-0.490)  |g|=1.393  dt=11ms    F
yaw= -166.1°  pitch=  +55.9°  roll= -119.8°  raw=( 9961, 6181, 9890)  acc=(-1.608,-0.178,-0.353)  |g|=1.656  dt=11ms    F
yaw= -162.4°  pitch=  +55.4°  roll= -119.9°  raw=( 8523, 7316,14761)  acc=(-1.549,-0.257,-0.137)  |g|=1.576  dt=11ms    F
yaw= -159.2°  pitch=  +55.1°  roll= -120.1°  raw=( 8512, 7777,13463)  acc=(-1.324,-0.119,-0.216)  |g|=1.346  dt=11ms    F
yaw= -156.0°  pitch=  +54.8°  roll= -120.6°  raw=( 8795, 7952,13133)  acc=(-1.333,-0.020,-0.333)  |g|=1.375  dt=11ms    F
yaw= -153.0°  pitch=  +54.8°  roll= -121.1°  raw=( 8602, 8441,12869)  acc=(-1.382,+0.000,-0.353)  |g|=1.427  dt=11ms    F
yaw= -150.1°  pitch=  +55.2°  roll= -121.7°  raw=( 8304, 9078,12653)  acc=(-1.549,-0.119,-0.353)  |g|=1.593  dt=11ms    F
yaw= -147.4°  pitch=  +56.0°  roll= -122.2°  raw=( 7877, 9720,12165)  acc=(-1.637,-0.158,-0.373)  |g|=1.687  dt=10ms    F
yaw= -145.1°  pitch=  +57.2°  roll= -122.8°  raw=( 7492,10307,11534)  acc=(-1.627,-0.139,-0.412)  |g|=1.684  dt=10ms    F
yaw= -142.8°  pitch=  +58.4°  roll= -123.9°  raw=( 7579,10763,10896)  acc=(-1.569,-0.119,-0.412)  |g|=1.626  dt=10ms    F
yaw= -140.0°  pitch=  +59.7°  roll= -125.7°  raw=( 8035,11090,10319)  acc=(-1.451,+0.000,-0.431)  |g|=1.514  dt=10ms    F
yaw= -136.7°  pitch=  +60.9°  roll= -128.4°  raw=( 8479,11417, 9978)  acc=(-1.392,+0.020,-0.431)  |g|=1.458  dt=11ms    F
yaw= -132.7°  pitch=  +62.1°  roll= -132.0°  raw=( 8719,11884, 9742)  acc=(-1.392,+0.059,-0.392)  |g|=1.448  dt=11ms    F
yaw= -127.9°  pitch=  +63.2°  roll= -136.6°  raw=( 9132,12191, 9425)  acc=(-1.324,+0.099,-0.333)  |g|=1.368  dt=11ms    F
yaw= -122.9°  pitch=  +63.9°  roll= -141.5°  raw=( 9453,12382, 9235)  acc=(-1.196,+0.158,-0.275)  |g|=1.237  dt=10ms    F
yaw= -116.8°  pitch=  +64.1°  roll= -147.6°  raw=(10171,12632, 9249)  acc=(-1.127,+0.158,-0.137)  |g|=1.147  dt=10ms    F
yaw= -110.4°  pitch=  +63.9°  roll= -154.1°  raw=(10470,12629, 9264)  acc=(-1.196,+0.099,-0.059)  |g|=1.202  dt=11ms    F
yaw= -104.3°  pitch=  +63.2°  roll= -160.3°  raw=(10786,12586, 9194)  acc=(-1.304,+0.059,-0.020)  |g|=1.305  dt=11ms    F
yaw=  -98.7°  pitch=  +62.3°  roll= -166.1°  raw=(10727,12537, 8969)  acc=(-1.294,+0.079,+0.020)  |g|=1.297  dt=11ms    F
yaw=  -93.7°  pitch=  +61.2°  roll= -171.5°  raw=(10563,12539, 8739)  acc=(-1.275,+0.079,+0.098)  |g|=1.281  dt=11ms    F
yaw=  -89.2°  pitch=  +60.1°  roll= -176.3°  raw=(10399,12471, 8606)  acc=(-1.333,+0.040,+0.157)  |g|=1.343  dt=10ms    F
yaw=  -85.3°  pitch=  +58.9°  roll= +179.3°  raw=( 9999,12317, 8359)  acc=(-1.333,+0.040,+0.157)  |g|=1.343  dt=11ms    F
yaw=  -81.9°  pitch=  +57.8°  roll= +175.2°  raw=( 9595,12165, 8077)  acc=(-1.363,+0.000,+0.196)  |g|=1.377  dt=11ms    F
yaw=  -79.1°  pitch=  +56.9°  roll= +171.6°  raw=( 9277,11994, 7797)  acc=(-1.412,-0.079,+0.235)  |g|=1.433  dt=10ms    F
yaw=  -76.8°  pitch=  +56.0°  roll= +168.4°  raw=( 8972,11707, 7433)  acc=(-1.392,-0.099,+0.216)  |g|=1.412  dt=11ms    F
yaw=  -75.0°  pitch=  +55.3°  roll= +165.6°  raw=( 8768,11433, 7081)  acc=(-1.490,-0.158,+0.196)  |g|=1.511  dt=10ms    F
yaw=  -73.7°  pitch=  +54.6°  roll= +162.9°  raw=( 8573,11235, 6612)  acc=(-1.500,-0.178,+0.118)  |g|=1.515  dt=11ms    F
yaw=  -72.8°  pitch=  +54.0°  roll= +160.4°  raw=( 8417,11093, 6097)  acc=(-1.431,-0.119,+0.039)  |g|=1.437  dt=10ms    F
yaw=  -72.5°  pitch=  +53.3°  roll= +158.0°  raw=( 8575,10942, 5306)  acc=(-1.294,+0.000,+0.059)  |g|=1.295  dt=11ms    F
yaw=  -72.4°  pitch=  +52.6°  roll= +155.7°  raw=( 8554,10893, 5041)  acc=(-1.157,+0.020,+0.078)  |g|=1.160  dt=11ms    F
yaw=  -72.5°  pitch=  +51.9°  roll= +153.6°  raw=( 8617,10817, 4958)  acc=(-1.039,+0.040,+0.157)  |g|=1.052  dt=10ms    F
yaw=  -72.8°  pitch=  +51.2°  roll= +151.7°  raw=( 8803,10607, 5050)  acc=(-1.000,+0.000,+0.216)  |g|=1.023  dt=11ms    F
yaw=  -73.3°  pitch=  +50.3°  roll= +150.2°  raw=( 9074,10289, 5182)  acc=(-1.078,-0.119,+0.333)  |g|=1.135  dt=11ms    F
yaw=  -74.1°  pitch=  +49.5°  roll= +149.1°  raw=( 9320, 9916, 5179)  acc=(-1.255,-0.277,+0.451)  |g|=1.362  dt=10ms    F
yaw=  -75.3°  pitch=  +48.7°  roll= +148.3°  raw=( 9204, 9480, 4907)  acc=(-1.363,-0.297,+0.431)  |g|=1.460  dt=11ms    F
yaw=  -76.8°  pitch=  +48.2°  roll= +147.6°  raw=( 8799, 9203, 4446)  acc=(-1.304,-0.198,+0.333)  |g|=1.360  dt=11ms    F
yaw=  -78.7°  pitch=  +47.9°  roll= +147.0°  raw=( 8477, 9029, 4044)  acc=(-1.029,-0.099,+0.275)  |g|=1.070  dt=11ms    F
yaw=  -78.6°  pitch=  +49.6°  roll= +145.1°  raw=( 8508, 8851, 3993)  acc=(-0.775,-0.040,+0.275)  |g|=0.823  dt=11ms    F
yaw=  -80.6°  pitch=  +49.3°  roll= +144.9°  raw=( 8686, 8614, 4336)  acc=(-0.637,-0.020,+0.275)  |g|=0.694  dt=11ms    F
yaw=  -82.4°  pitch=  +48.9°  roll= +144.8°  raw=( 8815, 8417, 4778)  acc=(-0.647,-0.079,+0.294)  |g|=0.715  dt=11ms    F
yaw=  -84.1°  pitch=  +48.5°  roll= +144.8°  raw=( 8927, 8231, 5125)  acc=(-0.706,-0.178,+0.392)  |g|=0.827  dt=11ms    F
yaw=  -83.9°  pitch=  +50.1°  roll= +143.4°  raw=( 8917, 7472, 5419)  acc=(-0.941,-0.436,+0.608)  |g|=1.202  dt=11ms    F
yaw=  -86.4°  pitch=  +49.9°  roll= +144.6°  raw=( 8678, 6949, 5260)  acc=(-1.078,-0.475,+0.725)  |g|=1.384  dt=11ms    F
yaw=  -89.5°  pitch=  +49.8°  roll= +146.2°  raw=( 8352, 6299, 4897)  acc=(-1.147,-0.495,+0.647)  |g|=1.407  dt=11ms    F
yaw=  -93.2°  pitch=  +49.9°  roll= +148.3°  raw=( 7990, 5652, 4355)  acc=(-0.941,-0.356,+0.431)  |g|=1.095  dt=10ms    F
yaw=  -95.5°  pitch=  +52.0°  roll= +149.4°  raw=( 7897, 5288, 4160)  acc=(-0.686,-0.238,+0.275)  |g|=0.776  dt=11ms    F
yaw=  -99.8°  pitch=  +52.0°  roll= +152.2°  raw=( 7855, 5086, 4395)  acc=(-0.588,-0.218,+0.118)  |g|=0.638  dt=11ms    F
yaw= -103.9°  pitch=  +51.8°  roll= +155.0°  raw=( 7771, 5148, 4762)  acc=(-0.608,-0.257,+0.098)  |g|=0.667  dt=11ms    F
yaw= -107.9°  pitch=  +51.7°  roll= +157.8°  raw=( 7491, 5184, 5022)  acc=(-0.696,-0.376,+0.196)  |g|=0.815  dt=11ms    F
yaw= -112.1°  pitch=  +51.5°  roll= +160.9°  raw=( 7234, 4869, 5119)  acc=(-0.745,-0.455,+0.196)  |g|=0.895  dt=11ms    F
yaw= -116.6°  pitch=  +51.4°  roll= +164.5°  raw=( 6637, 4344, 5032)  acc=(-0.696,-0.376,-0.157)  |g|=0.807  dt=10ms    F
yaw= -121.2°  pitch=  +51.4°  roll= +168.2°  raw=( 6212, 4549, 5092)  acc=(-0.637,-0.297,-0.431)  |g|=0.825  dt=11ms    F
