Connected to Wiimote.
MotionPlus activated.
Calibration complete placeholder
================================================================================
Wiimote Console Debugger - Orientation in degrees
  H = Home button pressed (yaw reset)
================================================================================
yaw=  +16.4°  pitch=  +26.4°  roll=  -37.4°  raw=( 7664, 7663, 9192)  acc=(+0.598,-0.416,+0.667)  |g|=0.987  dt=11ms    F
yaw=  +17.0°  pitch=  +26.5°  roll=  -38.0°  raw=( 7819, 7532, 9421)  acc=(+0.598,-0.396,+0.627)  |g|=0.953  dt=11ms    F
yaw=  +18.0°  pitch=  +26.7°  roll=  -38.3°  raw=( 7787, 7577, 9640)  acc=(+0.578,-0.416,+0.588)  |g|=0.924  dt=10ms    F
yaw=  +18.9°  pitch=  +27.0°  roll=  -38.5°  raw=( 7931, 7662, 9813)  acc=(+0.559,-0.416,+0.569)  |g|=0.899  dt=10ms    F
yaw=  +20.0°  pitch=  +27.2°  roll=  -38.7°  raw=( 7988, 7723, 9885)  acc=(+0.539,-0.436,+0.588)  |g|=0.909  dt=11ms    F
yaw=  +21.1°  pitch=  +27.4°  roll=  -38.9°  raw=( 7947, 7761, 9983)  acc=(+0.490,-0.455,+0.549)  |g|=0.866  dt=11ms    F
yaw=  +22.2°  pitch=  +27.5°  roll=  -39.2°  raw=( 7837, 7912, 9988)  acc=(+0.431,-0.495,+0.510)  |g|=0.831  dt=10ms    F
yaw=  +23.3°  pitch=  +27.4°  roll=  -39.5°  raw=( 7609, 8119, 9939)  acc=(+0.333,-0.515,+0.431)  |g|=0.750  dt=10ms    F
yaw=  +24.3°  pitch=  +27.0°  roll=  -39.9°  raw=( 7223, 8515, 9719)  acc=(+0.216,-0.554,+0.451)  |g|=0.747  dt=10ms    F
yaw=  +25.2°  pitch=  +26.3°  roll=  -40.6°  raw=( 6542, 8968, 9323)  acc=(+0.196,-0.554,+0.431)  |g|=0.729  dt=10ms    F
yaw=  +26.0°  pitch=  +25.1°  roll=  -41.6°  raw=( 5703, 9444, 8902)  acc=(+0.196,-0.554,+0.353)  |g|=0.686  dt=10ms    F
yaw=  +26.7°  pitch=  +23.6°  roll=  -42.7°  raw=( 5181, 9899, 8518)  acc=(+0.235,-0.495,+0.275)  |g|=0.613  dt=10ms    F
yaw=  +27.1°  pitch=  +21.9°  roll=  -43.7°  raw=( 5074,10280, 8233)  acc=(+0.255,-0.455,+0.157)  |g|=0.545  dt=10ms    F
yaw=  +27.2°  pitch=  +20.1°  roll=  -44.4°  raw=( 5558,10631, 7988)  acc=(+0.245,-0.436,+0.176)  |g|=0.530  dt=10ms    F
yaw=  +27.1°  pitch=  +18.3°  roll=  -44.7°  raw=( 6056,10901, 7738)  acc=(+0.284,-0.376,+0.176)  |g|=0.504  dt=10ms    F
yaw=  +26.8°  pitch=  +16.5°  roll=  -44.8°  raw=( 6476,11142, 7537)  acc=(+0.363,-0.297,+0.235)  |g|=0.525  dt=10ms    F
yaw=  +26.3°  pitch=  +14.6°  roll=  -44.4°  raw=( 7153,11573, 7492)  acc=(+0.461,-0.198,+0.451)  |g|=0.674  dt=10ms    F
yaw=  +25.8°  pitch=  +12.5°  roll=  -44.0°  raw=( 7171,11778, 7504)  acc=(+0.451,-0.178,+0.549)  |g|=0.733  dt=11ms    F
yaw=  +25.3°  pitch=  +10.4°  roll=  -43.5°  raw=( 7272,11935, 7455)  acc=(+0.441,-0.178,+0.647)  |g|=0.803  dt=10ms    F
yaw=  +24.8°  pitch=   +8.3°  roll=  -43.0°  raw=( 7391,11983, 7369)  acc=(+0.441,-0.178,+0.686)  |g|=0.835  dt=11ms    F
yaw=  +24.2°  pitch=   +6.3°  roll=  -42.4°  raw=( 7635,11999, 7229)  acc=(+0.451,-0.158,+0.745)  |g|=0.885  dt=10ms    F
yaw=  +23.5°  pitch=   +4.4°  roll=  -41.7°  raw=( 7869,12007, 7075)  acc=(+0.480,-0.099,+0.765)  |g|=0.908  dt=10ms    F
yaw=  +22.8°  pitch=   +2.4°  roll=  -40.9°  raw=( 8077,12024, 7000)  acc=(+0.471,-0.099,+0.745)  |g|=0.887  dt=11ms    F
yaw=  +22.1°  pitch=   +0.4°  roll=  -39.9°  raw=( 8488,12147, 6864)  acc=(+0.431,-0.059,+0.784)  |g|=0.897  dt=11ms    F
yaw=  +21.2°  pitch=   -1.6°  roll=  -38.7°  raw=( 8748,12249, 6678)  acc=(+0.422,-0.020,+0.843)  |g|=0.943  dt=11ms    F
yaw=  +20.4°  pitch=   -3.5°  roll=  -37.4°  raw=( 9053,12276, 6507)  acc=(+0.402,+0.000,+0.882)  |g|=0.970  dt=10ms    F
yaw=  +19.4°  pitch=   -5.5°  roll=  -35.4°  raw=( 9262,12347, 6303)  acc=(+0.373,+0.020,+1.020)  |g|=1.086  dt=10ms    F
yaw=  +18.1°  pitch=   -7.2°  roll=  -34.0°  raw=( 9534,11851, 5607)  acc=(+0.225,-0.079,+1.314)  |g|=1.335  dt=11ms    F
yaw=  +16.6°  pitch=   -8.5°  roll=  -32.8°  raw=( 9408,11358, 5059)  acc=(+0.186,-0.020,+1.373)  |g|=1.385  dt=10ms    F
yaw=  +14.8°  pitch=   -9.8°  roll=  -31.9°  raw=( 9146,10856, 4574)  acc=(+0.245,+0.059,+1.373)  |g|=1.396  dt=10ms    F
yaw=  +12.9°  pitch=  -10.8°  roll=  -31.2°  raw=( 8866,10402, 4326)  acc=(+0.343,+0.158,+1.294)  |g|=1.348  dt=10ms    F
yaw=  +10.9°  pitch=  -11.7°  roll=  -30.6°  raw=( 8876,10069, 4275)  acc=(+0.402,+0.218,+1.275)  |g|=1.354  dt=11ms    F
yaw=   +8.9°  pitch=  -12.6°  roll=  -30.1°  raw=( 8747, 9865, 4410)  acc=(+0.412,+0.277,+1.255)  |g|=1.350  dt=10ms    F
yaw=   +7.0°  pitch=  -13.3°  roll=  -29.7°  raw=( 8648, 9647, 4570)  acc=(+0.461,+0.297,+1.275)  |g|=1.387  dt=10ms    F
yaw=   +5.3°  pitch=  -13.9°  roll=  -29.3°  raw=( 8725, 9360, 4782)  acc=(+0.510,+0.317,+1.314)  |g|=1.444  dt=10ms    F
yaw=   +3.7°  pitch=  -14.3°  roll=  -28.9°  raw=( 8778, 8965, 5049)  acc=(+0.471,+0.277,+1.353)  |g|=1.459  dt=10ms    F
yaw=   +2.1°  pitch=  -14.5°  roll=  -28.5°  raw=( 8799, 8537, 5210)  acc=(+0.333,+0.238,+1.314)  |g|=1.376  dt=11ms    F
yaw=   +0.5°  pitch=  -14.5°  roll=  -28.3°  raw=( 8589, 8259, 5131)  acc=(+0.265,+0.238,+1.294)  |g|=1.342  dt=10ms    F
yaw=   -1.3°  pitch=  -14.4°  roll=  -28.1°  raw=( 8354, 7987, 4902)  acc=(+0.324,+0.317,+1.255)  |g|=1.334  dt=11ms    F
yaw=   -3.1°  pitch=  -14.1°  roll=  -28.1°  raw=( 8207, 7694, 4854)  acc=(+0.431,+0.376,+1.157)  |g|=1.291  dt=10ms    F
yaw=   -4.8°  pitch=  -13.7°  roll=  -27.9°  raw=( 8356, 7415, 5019)  acc=(+0.549,+0.396,+1.118)  |g|=1.307  dt=11ms    F
yaw=   -6.2°  pitch=  -13.1°  roll=  -27.5°  raw=( 8842, 7021, 5386)  acc=(+0.510,+0.356,+1.137)  |g|=1.296  dt=10ms    F
yaw=   -7.6°  pitch=  -12.5°  roll=  -27.0°  raw=( 8729, 6924, 5461)  acc=(+0.471,+0.337,+1.118)  |g|=1.259  dt=10ms    F
yaw=   -9.0°  pitch=  -11.8°  roll=  -26.8°  raw=( 8464, 6900, 5450)  acc=(+0.441,+0.317,+1.059)  |g|=1.190  dt=10ms    F
yaw=  -10.5°  pitch=  -11.1°  roll=  -26.5°  raw=( 8304, 6835, 5422)  acc=(+0.500,+0.337,+1.039)  |g|=1.201  dt=10ms    F
yaw=  -11.9°  pitch=  -10.4°  roll=  -26.3°  raw=( 8295, 6752, 5474)  acc=(+0.520,+0.376,+1.039)  |g|=1.221  dt=10ms    F
yaw=  -13.2°  pitch=   -9.5°  roll=  -26.1°  raw=( 8152, 6607, 5601)  acc=(+0.539,+0.376,+0.941)  |g|=1.148  dt=10ms    F
yaw=  -14.5°  pitch=   -8.6°  roll=  -25.8°  raw=( 8303, 6494, 5741)  acc=(+0.520,+0.356,+0.922)  |g|=1.116  dt=11ms    F
yaw=  -15.8°  pitch=   -7.8°  roll=  -25.2°  raw=( 8665, 6383, 5809)  acc=(+0.520,+0.337,+0.941)  |g|=1.127  dt=10ms    F
yaw=  -16.9°  pitch=   -6.8°  roll=  -24.5°  raw=( 8870, 6228, 5870)  acc=(+0.539,+0.337,+0.961)  |g|=1.152  dt=10ms    F
yaw=  -18.1°  pitch=   -5.9°  roll=  -23.8°  raw=( 8832, 6148, 5988)  acc=(+0.480,+0.277,+0.922)  |g|=1.076  dt=11ms    F
yaw=  -19.2°  pitch=   -4.9°  roll=  -23.1°  raw=( 8773, 6175, 6034)  acc=(+0.431,+0.257,+0.902)  |g|=1.032  dt=11ms    F
yaw=  -20.3°  pitch=   -4.0°  roll=  -22.4°  raw=( 8762, 6224, 6032)  acc=(+0.422,+0.238,+0.941)  |g|=1.058  dt=11ms    F
yaw=  -21.4°  pitch=   -3.2°  roll=  -21.8°  raw=( 8691, 6272, 6019)  acc=(+0.412,+0.198,+1.059)  |g|=1.153  dt=10ms    F
yaw=  -22.6°  pitch=   -2.2°  roll=  -21.2°  raw=( 8490, 6131, 5977)  acc=(+0.402,+0.218,+1.059)  |g|=1.153  dt=10ms    F
yaw=  -23.8°  pitch=   -1.1°  roll=  -20.6°  raw=( 8418, 5925, 5957)  acc=(+0.490,+0.238,+1.020)  |g|=1.156  dt=10ms    F
yaw=  -24.9°  pitch=   +0.0°  roll=  -19.8°  raw=( 8566, 5746, 6105)  acc=(+0.559,+0.238,+0.961)  |g|=1.137  dt=11ms    F
yaw=  -25.9°  pitch=   +1.1°  roll=  -19.0°  raw=( 8519, 5846, 6461)  acc=(+0.480,+0.198,+0.961)  |g|=1.092  dt=11ms    F
yaw=  -26.9°  pitch=   +2.2°  roll=  -18.3°  raw=( 8395, 5857, 6526)  acc=(+0.549,+0.218,+0.941)  |g|=1.111  dt=11ms    F
yaw=  -27.7°  pitch=   +3.3°  roll=  -17.5°  raw=( 8532, 5757, 6714)  acc=(+0.578,+0.218,+0.961)  |g|=1.142  dt=11ms    F
yaw=  -28.5°  pitch=   +4.4°  roll=  -16.4°  raw=( 8891, 5548, 6983)  acc=(+0.569,+0.218,+0.961)  |g|=1.137  dt=11ms    F
yaw=  -29.2°  pitch=   +5.7°  roll=  -15.1°  raw=( 9017, 5397, 7198)  acc=(+0.559,+0.238,+0.922)  |g|=1.104  dt=12ms    F
yaw=  -29.8°  pitch=   +6.7°  roll=  -13.7°  raw=( 9337, 5315, 7362)  acc=(+0.578,+0.198,+0.882)  |g|=1.073  dt=10ms    F
yaw=  -30.3°  pitch=   +7.7°  roll=  -12.2°  raw=( 9573, 5415, 7523)  acc=(+0.598,+0.178,+0.941)  |g|=1.129  dt=11ms    F
yaw=  -30.8°  pitch=   +8.6°  roll=  -10.8°  raw=( 9397, 5660, 7720)  acc=(+0.549,+0.178,+0.941)  |g|=1.104  dt=11ms    F
yaw=  -31.1°  pitch=   +9.4°  roll=   -9.8°  raw=( 8965, 5964, 7880)  acc=(+0.500,+0.158,+0.941)  |g|=1.077  dt=11ms    F
yaw=  -31.3°  pitch=  +10.1°  roll=   -9.0°  raw=( 8655, 6281, 8020)  acc=(+0.520,+0.139,+0.961)  |g|=1.101  dt=11ms    F
yaw=  -31.3°  pitch=  +10.9°  roll=   -8.4°  raw=( 8244, 6547, 8387)  acc=(+0.529,+0.158,+0.941)  |g|=1.091  dt=11ms    F
yaw=  -31.2°  pitch=  +11.6°  roll=   -8.0°  raw=( 8186, 6605, 8536)  acc=(+0.539,+0.139,+0.961)  |g|=1.110  dt=11ms    F
yaw=  -31.0°  pitch=  +12.3°  roll=   -7.5°  raw=( 8227, 6573, 8751)  acc=(+0.627,+0.158,+1.000)  |g|=1.191  dt=10ms    F
yaw=  -30.7°  pitch=  +13.1°  roll=   -6.8°  raw=( 8413, 6374, 9080)  acc=(+0.657,+0.158,+0.980)  |g|=1.191  dt=11ms    F
yaw=  -30.2°  pitch=  +13.9°  roll=   -5.9°  raw=( 8751, 6136, 9451)  acc=(+0.647,+0.158,+1.020)  |g|=1.218  dt=10ms    F
yaw=  -29.5°  pitch=  +14.8°  roll=   -4.8°  raw=( 9009, 5935, 9820)  acc=(+0.569,+0.099,+1.039)  |g|=1.189  dt=11ms    F
yaw=  -28.7°  pitch=  +15.7°  roll=   -3.8°  raw=( 8765, 5969,10001)  acc=(+0.569,+0.079,+0.980)  |g|=1.136  dt=11ms    F
yaw=  -27.8°  pitch=  +16.7°  roll=   -3.3°  raw=( 8157, 6176,10206)  acc=(+0.500,+0.020,+0.941)  |g|=1.066  dt=10ms    F
yaw=  -26.7°  pitch=  +17.6°  roll=   -3.1°  raw=( 7617, 6539,10349)  acc=(+0.363,-0.040,+0.961)  |g|=1.028  dt=10ms    F
yaw=  -25.4°  pitch=  +18.2°  roll=   -4.1°  raw=( 6941, 6874,10281)  acc=(+0.324,-0.079,+0.961)  |g|=1.017  dt=11ms    F
yaw=  -24.2°  pitch=  +18.8°  roll=   -5.4°  raw=( 6463, 7053,10208)  acc=(+0.392,-0.059,+0.922)  |g|=1.003  dt=10ms    F
yaw=  -22.8°  pitch=  +19.4°  roll=   -6.9°  raw=( 6424, 7036,10339)  acc=(+0.500,+0.000,+0.902)  |g|=1.031  dt=10ms    F
yaw=  -21.3°  pitch=  +20.1°  roll=   -8.4°  raw=( 6640, 6857,10710)  acc=(+0.539,+0.000,+0.843)  |g|=1.001  dt=11ms    F
yaw=  -19.7°  pitch=  +20.6°  roll=   -9.6°  raw=( 7048, 6670,11132)  acc=(+0.510,-0.020,+0.843)  |g|=0.985  dt=10ms    F
yaw=  -18.0°  pitch=  +21.2°  roll=  -10.5°  raw=( 7455, 6504,11461)  acc=(+0.471,-0.040,+0.843)  |g|=0.966  dt=10ms    F
yaw=  -16.1°  pitch=  +22.2°  roll=  -10.4°  raw=( 7699, 6343,11757)  acc=(+0.431,-0.040,+0.784)  |g|=0.896  dt=10ms    F
yaw=  -14.0°  pitch=  +23.2°  roll=  -10.2°  raw=( 7971, 6300,12349)  acc=(+0.431,-0.040,+0.686)  |g|=0.812  dt=10ms    F
yaw=  -11.7°  pitch=  +24.1°  roll=  -10.1°  raw=( 7922, 6468,12709)  acc=(+0.373,-0.099,+0.588)  |g|=0.703  dt=10ms    F
yaw=   -9.2°  pitch=  +24.8°  roll=  -10.1°  raw=( 7958, 6814,12928)  acc=(+0.127,-0.178,+0.588)  |g|=0.628  dt=10ms    F
yaw=   -6.7°  pitch=  +25.4°  roll=  -10.2°  raw=( 7819, 7197,12770)  acc=(-0.039,-0.277,+0.647)  |g|=0.705  dt=10ms    F
yaw=   -4.3°  pitch=  +25.8°  roll=  -10.4°  raw=( 7635, 7501,12407)  acc=(-0.137,-0.356,+0.725)  |g|=0.820  dt=10ms    F
yaw=   -2.1°  pitch=  +26.1°  roll=  -10.7°  raw=( 7594, 7634,11928)  acc=(-0.088,-0.356,+0.784)  |g|=0.866  dt=11ms    F
yaw=   +0.0°  pitch=  +26.4°  roll=  -11.1°  raw=( 7497, 7612,11623)  acc=(+0.039,-0.356,+0.804)  |g|=0.880  dt=11ms    F
yaw=   +2.0°  pitch=  +26.8°  roll=  -11.5°  raw=( 7566, 7518,11596)  acc=(+0.157,-0.297,+0.824)  |g|=0.889  dt=10ms    F
yaw=   +4.2°  pitch=  +27.2°  roll=  -11.8°  raw=( 7669, 7394,11839)  acc=(+0.225,-0.238,+0.784)  |g|=0.850  dt=11ms    F
yaw=   +6.5°  pitch=  +27.7°  roll=  -12.0°  raw=( 7871, 7323,12257)  acc=(+0.176,-0.238,+0.725)  |g|=0.784  dt=10ms    F
yaw=   +9.1°  pitch=  +28.1°  roll=  -12.1°  raw=( 8044, 7366,12611)  acc=(+0.049,-0.257,+0.706)  |g|=0.753  dt=11ms    F
yaw=  +11.8°  pitch=  +28.5°  roll=  -12.2°  raw=( 8200, 7481,12788)  acc=(-0.255,-0.396,+0.706)  |g|=0.849  dt=11ms    F
yaw=  +13.5°  pitch=  +29.4°  roll=  -10.5°  raw=( 8962, 7501,11663)  acc=(-0.706,-0.673,+0.804)  |g|=1.264  dt=10ms    F
yaw=  +14.7°  pitch=  +30.0°  roll=  -10.0°  raw=( 9159, 7386,10698)  acc=(-0.578,-0.673,+0.863)  |g|=1.238  dt=11ms    F
yaw=  +15.5°  pitch=  +30.6°  roll=   -9.5°  raw=( 9145, 7276,10042)  acc=(-0.392,-0.614,+0.882)  |g|=1.144  dt=11ms    F
yaw=  +16.2°  pitch=  +31.2°  roll=   -9.2°  raw=( 8900, 7299, 9776)  acc=(-0.294,-0.495,+0.922)  |g|=1.087  dt=10ms    F
yaw=  +17.1°  pitch=  +31.7°  roll=   -9.1°  raw=( 8406, 7416, 9744)  acc=(-0.284,-0.475,+0.902)  |g|=1.058  dt=11ms    F
yaw=  +18.2°  pitch=  +31.9°  roll=   -9.4°  raw=( 7891, 7583, 9764)  acc=(-0.314,-0.515,+0.843)  |g|=1.037  dt=11ms    F
yaw=  +19.2°  pitch=  +32.0°  roll=   -9.8°  raw=( 7570, 7806, 9709)  acc=(-0.402,-0.574,+0.784)  |g|=1.052  dt=10ms    F
yaw=  +20.1°  pitch=  +32.1°  roll=  -10.2°  raw=( 7679, 7917, 9492)  acc=(-0.461,-0.594,+0.784)  |g|=1.086  dt=10ms    F
yaw=  +20.8°  pitch=  +32.2°  roll=  -10.4°  raw=( 7790, 7900, 9204)  acc=(-0.480,-0.614,+0.745)  |g|=1.078  dt=10ms    F
