Connected to Wiimote.
MotionPlus activated.
Calibration complete placeholder
================================================================================
Wiimote Console Debugger - Orientation in degrees
  H = Home button pressed (yaw reset)
================================================================================
yaw=  +18.0°  pitch=  +32.9°  roll=  -16.0°  raw=( 8344, 6714, 8222)  acc=(+0.333,-0.416,+0.725)  |g|=0.900  dt=10ms    F
yaw=  +18.5°  pitch=  +33.6°  roll=  -16.2°  raw=( 8401, 6791, 8920)  acc=(+0.304,-0.515,+0.784)  |g|=0.986  dt=11ms    F
yaw=  +19.1°  pitch=  +34.1°  roll=  -16.8°  raw=( 8221, 6782, 9182)  acc=(+0.186,-0.594,+0.765)  |g|=0.986  dt=10ms    F
yaw=  +19.8°  pitch=  +34.6°  roll=  -17.4°  raw=( 7919, 6919, 9227)  acc=(+0.127,-0.554,+0.784)  |g|=0.969  dt=10ms    F
yaw=  +20.8°  pitch=  +35.0°  roll=  -18.1°  raw=( 7349, 7037, 9202)  acc=(+0.167,-0.515,+0.745)  |g|=0.921  dt=10ms    F
yaw=  +21.9°  pitch=  +35.3°  roll=  -19.0°  raw=( 7001, 7109, 9265)  acc=(+0.284,-0.455,+0.706)  |g|=0.887  dt=10ms    F
yaw=  +23.1°  pitch=  +35.6°  roll=  -20.0°  raw=( 6875, 7161, 9498)  acc=(+0.284,-0.455,+0.686)  |g|=0.871  dt=10ms    F
yaw=  +24.6°  pitch=  +35.7°  roll=  -21.2°  raw=( 6717, 7208, 9720)  acc=(+0.255,-0.475,+0.686)  |g|=0.873  dt=10ms    F
yaw=  +26.2°  pitch=  +35.8°  roll=  -22.4°  raw=( 6527, 7262, 9867)  acc=(+0.235,-0.475,+0.686)  |g|=0.867  dt=10ms    F
yaw=  +28.0°  pitch=  +35.8°  roll=  -23.7°  raw=( 6302, 7305, 9968)  acc=(+0.265,-0.455,+0.667)  |g|=0.850  dt=10ms    F
yaw=  +29.9°  pitch=  +35.6°  roll=  -25.2°  raw=( 6067, 7369,10119)  acc=(+0.265,-0.455,+0.588)  |g|=0.790  dt=10ms    F
yaw=  +31.9°  pitch=  +35.3°  roll=  -26.7°  raw=( 5909, 7515,10310)  acc=(+0.196,-0.495,+0.529)  |g|=0.751  dt=10ms    F
yaw=  +33.9°  pitch=  +34.8°  roll=  -28.1°  raw=( 5784, 7763,10348)  acc=(+0.118,-0.535,+0.471)  |g|=0.722  dt=10ms    F
yaw=  +35.7°  pitch=  +34.2°  roll=  -29.4°  raw=( 5732, 8051,10263)  acc=(+0.010,-0.554,+0.451)  |g|=0.715  dt=10ms    F
yaw=  +37.4°  pitch=  +33.3°  roll=  -30.6°  raw=( 5635, 8382,10037)  acc=(+0.000,-0.554,+0.451)  |g|=0.715  dt=10ms    F
yaw=  +38.9°  pitch=  +32.1°  roll=  -31.8°  raw=( 5447, 8719, 9819)  acc=(+0.049,-0.554,+0.451)  |g|=0.716  dt=11ms    F
yaw=  +40.4°  pitch=  +30.7°  roll=  -32.9°  raw=( 5267, 9058, 9741)  acc=(+0.069,-0.554,+0.471)  |g|=0.730  dt=11ms    F
yaw=  +41.7°  pitch=  +29.2°  roll=  -33.8°  raw=( 5147, 9358, 9685)  acc=(+0.088,-0.574,+0.490)  |g|=0.760  dt=11ms    F
yaw=  +42.9°  pitch=  +27.5°  roll=  -34.6°  raw=( 5277, 9553, 9664)  acc=(+0.039,-0.554,+0.529)  |g|=0.768  dt=11ms    F
yaw=  +44.0°  pitch=  +25.8°  roll=  -35.2°  raw=( 5489, 9669, 9560)  acc=(+0.069,-0.554,+0.529)  |g|=0.770  dt=11ms    F
yaw=  +44.9°  pitch=  +24.3°  roll=  -35.6°  raw=( 5774, 9768, 9527)  acc=(+0.127,-0.515,+0.510)  |g|=0.736  dt=11ms    F
yaw=  +45.7°  pitch=  +22.7°  roll=  -35.7°  raw=( 6113, 9917, 9585)  acc=(+0.167,-0.475,+0.490)  |g|=0.703  dt=11ms    F
yaw=  +46.5°  pitch=  +21.3°  roll=  -35.6°  raw=( 6465,10112, 9714)  acc=(+0.108,-0.475,+0.471)  |g|=0.677  dt=10ms    F
yaw=  +47.1°  pitch=  +19.9°  roll=  -35.1°  raw=( 6817,10546, 9516)  acc=(+0.020,-0.495,+0.549)  |g|=0.740  dt=11ms    F
yaw=  +47.5°  pitch=  +18.5°  roll=  -34.5°  raw=( 6924,10639, 9347)  acc=(+0.078,-0.455,+0.549)  |g|=0.718  dt=10ms    F
yaw=  +47.9°  pitch=  +17.2°  roll=  -33.7°  raw=( 7248,10812, 9269)  acc=(+0.078,-0.436,+0.549)  |g|=0.705  dt=10ms    F
yaw=  +48.2°  pitch=  +15.9°  roll=  -32.8°  raw=( 7476,11055, 9205)  acc=(+0.118,-0.376,+0.588)  |g|=0.708  dt=10ms    F
yaw=  +48.4°  pitch=  +14.5°  roll=  -31.7°  raw=( 7530,11379, 9204)  acc=(+0.137,-0.337,+0.549)  |g|=0.658  dt=10ms    F
yaw=  +48.7°  pitch=  +13.0°  roll=  -30.3°  raw=( 7590,11843, 9274)  acc=(+0.049,-0.337,+0.529)  |g|=0.629  dt=10ms    F
yaw=  +48.9°  pitch=  +11.3°  roll=  -28.7°  raw=( 7677,12415, 9151)  acc=(-0.029,-0.356,+0.588)  |g|=0.688  dt=10ms    F
yaw=  +48.7°  pitch=   +9.3°  roll=  -26.7°  raw=( 7849,13131, 8455)  acc=(-0.108,-0.277,+0.824)  |g|=0.876  dt=11ms    F
yaw=  +48.4°  pitch=   +7.5°  roll=  -24.8°  raw=( 8009,13041, 8072)  acc=(-0.127,-0.277,+0.863)  |g|=0.915  dt=11ms    F
yaw=  +47.9°  pitch=   +5.9°  roll=  -22.7°  raw=( 8314,12996, 7699)  acc=(-0.147,-0.218,+0.941)  |g|=0.977  dt=10ms    F
yaw=  +47.2°  pitch=   +4.2°  roll=  -20.7°  raw=( 8464,12937, 7306)  acc=(-0.098,-0.139,+0.961)  |g|=0.976  dt=10ms    F
yaw=  +46.5°  pitch=   +2.6°  roll=  -18.6°  raw=( 8517,12915, 7064)  acc=(-0.098,-0.020,+0.961)  |g|=0.966  dt=11ms    F
yaw=  +45.8°  pitch=   +1.2°  roll=  -15.6°  raw=( 8546,13021, 6876)  acc=(-0.098,+0.040,+0.980)  |g|=0.986  dt=11ms    F
yaw=  +45.0°  pitch=   -0.4°  roll=  -12.7°  raw=( 8503,13015, 6763)  acc=(-0.108,+0.040,+1.020)  |g|=1.026  dt=11ms    F
yaw=  +44.2°  pitch=   -2.0°  roll=  -10.7°  raw=( 8637,12935, 6633)  acc=(-0.118,+0.119,+1.098)  |g|=1.111  dt=10ms    F
yaw=  +43.4°  pitch=   -3.3°  roll=   -8.8°  raw=( 8993,12653, 6482)  acc=(-0.078,+0.158,+1.235)  |g|=1.248  dt=10ms    F
yaw=  +42.7°  pitch=   -4.3°  roll=   -6.8°  raw=( 9590,12009, 6494)  acc=(-0.049,+0.178,+1.314)  |g|=1.327  dt=10ms    F
yaw=  +41.9°  pitch=   -4.9°  roll=   -4.9°  raw=(10006,11430, 6574)  acc=(-0.118,+0.238,+1.353)  |g|=1.379  dt=11ms    F
yaw=  +41.3°  pitch=   -5.5°  roll=   -3.1°  raw=( 9889,11138, 6593)  acc=(-0.127,+0.238,+1.314)  |g|=1.341  dt=10ms    F
yaw=  +40.6°  pitch=   -6.2°  roll=   -1.6°  raw=( 9387,11069, 6621)  acc=(-0.147,+0.277,+1.275)  |g|=1.313  dt=10ms    F
yaw=  +39.9°  pitch=   -7.1°  roll=   -0.2°  raw=( 9021,11045, 6633)  acc=(-0.167,+0.297,+1.235)  |g|=1.281  dt=10ms    F
yaw=  +39.2°  pitch=   -7.9°  roll=   +1.2°  raw=( 9108,10904, 6609)  acc=(-0.127,+0.297,+1.216)  |g|=1.258  dt=11ms    F
yaw=  +38.5°  pitch=   -8.4°  roll=   +2.7°  raw=( 9645,10590, 6613)  acc=(-0.127,+0.297,+1.275)  |g|=1.315  dt=11ms    F
yaw=  +37.9°  pitch=   -8.6°  roll=   +4.3°  raw=(10239,10189, 6614)  acc=(-0.147,+0.277,+1.314)  |g|=1.351  dt=11ms    F
yaw=  +37.2°  pitch=   -8.4°  roll=   +6.1°  raw=(10650, 9703, 6576)  acc=(-0.196,+0.337,+1.235)  |g|=1.295  dt=11ms    F
yaw=  +36.6°  pitch=   -8.1°  roll=   +7.8°  raw=(10833, 9648, 6534)  acc=(-0.176,+0.337,+1.275)  |g|=1.330  dt=11ms    F
yaw=  +35.9°  pitch=   -7.7°  roll=   +9.5°  raw=(11180, 9479, 6538)  acc=(-0.147,+0.376,+1.451)  |g|=1.506  dt=10ms    F
yaw=  +35.3°  pitch=   -7.2°  roll=  +11.1°  raw=(11149, 9195, 6647)  acc=(-0.186,+0.337,+1.471)  |g|=1.520  dt=10ms    F
yaw=  +34.7°  pitch=   -6.9°  roll=  +12.5°  raw=(10456, 9170, 6733)  acc=(-0.216,+0.337,+1.412)  |g|=1.467  dt=10ms    F
yaw=  +34.0°  pitch=   -6.8°  roll=  +13.5°  raw=( 9846, 9182, 6703)  acc=(-0.186,+0.337,+1.294)  |g|=1.350  dt=10ms    F
yaw=  +33.4°  pitch=   -6.7°  roll=  +14.6°  raw=( 9898, 9011, 6726)  acc=(-0.186,+0.317,+1.098)  |g|=1.158  dt=10ms    F
yaw=  +32.7°  pitch=   -6.2°  roll=  +15.9°  raw=(10651, 8799, 6686)  acc=(-0.216,+0.277,+0.961)  |g|=1.023  dt=11ms    F
yaw=  +32.0°  pitch=   -5.3°  roll=  +17.8°  raw=(11750, 8604, 6569)  acc=(-0.245,+0.277,+0.941)  |g|=1.011  dt=11ms    F
yaw=  +31.2°  pitch=   -4.0°  roll=  +20.1°  raw=(12992, 8374, 6466)  acc=(-0.255,+0.257,+0.961)  |g|=1.027  dt=10ms    F
yaw=  +30.4°  pitch=   -2.3°  roll=  +23.0°  raw=(14114, 8166, 6419)  acc=(-0.373,+0.218,+1.020)  |g|=1.107  dt=11ms    F
yaw=  +29.5°  pitch=   -0.6°  roll=  +26.0°  raw=(14491, 8225, 6293)  acc=(-0.431,+0.218,+1.098)  |g|=1.200  dt=10ms    F
yaw=  +28.3°  pitch=   +0.8°  roll=  +28.8°  raw=(13425, 8499, 6231)  acc=(-0.304,+0.297,+1.373)  |g|=1.437  dt=11ms    F
yaw=  +27.3°  pitch=   +1.8°  roll=  +31.0°  raw=(12463, 8450, 6494)  acc=(-0.324,+0.317,+1.333)  |g|=1.408  dt=10ms    F
yaw=  +26.5°  pitch=   +2.4°  roll=  +32.6°  raw=(11288, 8499, 6768)  acc=(-0.343,+0.297,+1.255)  |g|=1.334  dt=10ms    F
yaw=  +25.8°  pitch=   +2.8°  roll=  +33.8°  raw=(10480, 8476, 7015)  acc=(-0.373,+0.277,+1.157)  |g|=1.247  dt=11ms    F
yaw=  +25.2°  pitch=   +3.2°  roll=  +34.9°  raw=(10149, 8361, 7178)  acc=(-0.441,+0.198,+1.039)  |g|=1.146  dt=11ms    F
yaw=  +24.6°  pitch=   +3.7°  roll=  +36.0°  raw=(10284, 8196, 7202)  acc=(-0.500,+0.158,+0.941)  |g|=1.077  dt=11ms    F
yaw=  +23.9°  pitch=   +4.3°  roll=  +37.2°  raw=(10672, 8040, 7105)  acc=(-0.578,+0.099,+0.843)  |g|=1.027  dt=10ms    F
yaw=  +23.0°  pitch=   +5.2°  roll=  +38.4°  raw=(11189, 7976, 6933)  acc=(-0.647,+0.059,+0.784)  |g|=1.019  dt=10ms    F
yaw=  +21.8°  pitch=   +6.3°  roll=  +40.1°  raw=(11672, 7970, 6681)  acc=(-0.657,+0.059,+0.824)  |g|=1.055  dt=12ms    F
yaw=  +20.6°  pitch=   +7.2°  roll=  +42.1°  raw=(11963, 7945, 6484)  acc=(-0.686,+0.059,+0.882)  |g|=1.119  dt=11ms    F
yaw=  +19.3°  pitch=   +8.0°  roll=  +44.1°  raw=(11826, 8032, 6317)  acc=(-0.657,+0.099,+0.941)  |g|=1.152  dt=11ms    F
yaw=  +18.1°  pitch=   +8.7°  roll=  +45.6°  raw=(11109, 7932, 6368)  acc=(-0.608,+0.099,+0.941)  |g|=1.125  dt=11ms    F
yaw=  +16.9°  pitch=   +9.3°  roll=  +47.0°  raw=(10825, 7832, 6488)  acc=(-0.608,+0.099,+0.863)  |g|=1.060  dt=11ms    F
yaw=  +15.9°  pitch=   +9.9°  roll=  +47.7°  raw=(10658, 7764, 6601)  acc=(-0.657,+0.079,+0.765)  |g|=1.011  dt=11ms    F
yaw=  +14.9°  pitch=  +10.4°  roll=  +48.6°  raw=(10610, 7705, 6672)  acc=(-0.686,+0.059,+0.667)  |g|=0.959  dt=11ms    F
yaw=  +13.9°  pitch=  +11.1°  roll=  +49.9°  raw=(10820, 7672, 6729)  acc=(-0.765,+0.020,+0.588)  |g|=0.965  dt=11ms    F
yaw=  +12.7°  pitch=  +11.7°  roll=  +51.3°  raw=(10998, 7692, 6635)  acc=(-0.794,+0.020,+0.549)  |g|=0.966  dt=11ms    F
yaw=  +11.5°  pitch=  +12.3°  roll=  +52.8°  raw=(11110, 7848, 6544)  acc=(-0.804,-0.020,+0.569)  |g|=0.985  dt=10ms    F
yaw=  +10.1°  pitch=  +12.8°  roll=  +54.4°  raw=(11235, 7826, 6446)  acc=(-0.794,-0.020,+0.588)  |g|=0.988  dt=11ms    F
yaw=   +8.6°  pitch=  +13.4°  roll=  +56.1°  raw=(11407, 7748, 6370)  acc=(-0.833,-0.040,+0.569)  |g|=1.010  dt=11ms    F
yaw=   +7.2°  pitch=  +13.9°  roll=  +57.7°  raw=(11475, 7741, 6278)  acc=(-0.843,-0.059,+0.549)  |g|=1.008  dt=10ms    F
yaw=   +5.6°  pitch=  +14.3°  roll=  +59.3°  raw=(11422, 7692, 6148)  acc=(-0.833,-0.079,+0.569)  |g|=1.012  dt=11ms    F
yaw=   +4.1°  pitch=  +14.8°  roll=  +60.8°  raw=(11363, 7623, 6154)  acc=(-0.843,-0.079,+0.549)  |g|=1.009  dt=10ms    F
yaw=   +2.7°  pitch=  +15.1°  roll=  +62.1°  raw=(11238, 7588, 6164)  acc=(-0.804,-0.079,+0.529)  |g|=0.966  dt=10ms    F
yaw=   +1.2°  pitch=  +15.5°  roll=  +63.5°  raw=(11126, 7526, 6218)  acc=(-0.824,-0.099,+0.529)  |g|=0.984  dt=11ms    F
yaw=   -0.2°  pitch=  +15.9°  roll=  +64.8°  raw=(11038, 7392, 6278)  acc=(-0.863,-0.119,+0.510)  |g|=1.009  dt=11ms    F
yaw=   -1.5°  pitch=  +16.3°  roll=  +66.0°  raw=(10855, 7310, 6313)  acc=(-0.882,-0.139,+0.431)  |g|=0.992  dt=10ms    F
yaw=   -2.9°  pitch=  +16.7°  roll=  +67.2°  raw=(10564, 7398, 6326)  acc=(-0.892,-0.158,+0.431)  |g|=1.004  dt=11ms    F
yaw=   -4.2°  pitch=  +17.0°  roll=  +68.1°  raw=(10298, 7425, 6328)  acc=(-0.873,-0.178,+0.451)  |g|=0.998  dt=10ms    F
yaw=   -5.3°  pitch=  +17.3°  roll=  +68.9°  raw=(10104, 7307, 6367)  acc=(-0.873,-0.198,+0.471)  |g|=1.011  dt=10ms    F
yaw=   -6.5°  pitch=  +17.7°  roll=  +69.6°  raw=( 9949, 7155, 6422)  acc=(-0.873,-0.198,+0.451)  |g|=1.002  dt=11ms    F
yaw=   -7.6°  pitch=  +18.2°  roll=  +70.2°  raw=( 9761, 7018, 6459)  acc=(-0.863,-0.218,+0.451)  |g|=0.998  dt=11ms    F
yaw=   -8.7°  pitch=  +18.9°  roll=  +70.7°  raw=( 9457, 6629, 6586)  acc=(-0.833,-0.257,+0.392)  |g|=0.956  dt=11ms    F
yaw=   -9.7°  pitch=  +19.7°  roll=  +71.3°  raw=( 9347, 6490, 6667)  acc=(-0.863,-0.257,+0.333)  |g|=0.960  dt=11ms    F
yaw=  -10.7°  pitch=  +20.5°  roll=  +71.8°  raw=( 9070, 6482, 6690)  acc=(-0.892,-0.297,+0.294)  |g|=0.985  dt=11ms    F
yaw=  -11.7°  pitch=  +21.3°  roll=  +72.3°  raw=( 8838, 6528, 6668)  acc=(-0.892,-0.337,+0.275)  |g|=0.992  dt=10ms    F
yaw=  -12.8°  pitch=  +22.2°  roll=  +72.8°  raw=( 8650, 6511, 6637)  acc=(-0.882,-0.337,+0.235)  |g|=0.973  dt=11ms    F
yaw=  -13.9°  pitch=  +23.1°  roll=  +73.4°  raw=( 8614, 6433, 6619)  acc=(-0.853,-0.337,+0.196)  |g|=0.938  dt=11ms    F
yaw=  -15.0°  pitch=  +24.0°  roll=  +74.1°  raw=( 8809, 6358, 6613)  acc=(-0.824,-0.337,+0.216)  |g|=0.915  dt=10ms    F
yaw=  -16.3°  pitch=  +24.9°  roll=  +75.0°  raw=( 9117, 6168, 6608)  acc=(-0.824,-0.356,+0.196)  |g|=0.919  dt=10ms    F
yaw=  -17.7°  pitch=  +25.9°  roll=  +76.1°  raw=( 9357, 5992, 6594)  acc=(-0.843,-0.376,+0.176)  |g|=0.940  dt=11ms    F
yaw=  -19.1°  pitch=  +26.8°  roll=  +77.4°  raw=( 9542, 5865, 6542)  acc=(-0.814,-0.376,+0.137)  |g|=0.907  dt=10ms    F
yaw=  -20.7°  pitch=  +27.8°  roll=  +78.8°  raw=( 9749, 5742, 6477)  acc=(-0.765,-0.376,+0.118)  |g|=0.860  dt=10ms    F
yaw=  -22.4°  pitch=  +28.7°  roll=  +80.5°  raw=(10008, 5575, 6489)  acc=(-0.794,-0.416,+0.118)  |g|=0.904  dt=10ms    F
yaw=  -24.4°  pitch=  +29.7°  roll=  +82.4°  raw=(10167, 5382, 6386)  acc=(-0.814,-0.416,-0.020)  |g|=0.914  dt=11ms    F
yaw=  -26.4°  pitch=  +30.6°  roll=  +84.4°  raw=(10177, 5487, 6339)  acc=(-0.824,-0.416,-0.157)  |g|=0.936  dt=11ms    F
yaw=  -28.4°  pitch=  +31.3°  roll=  +86.2°  raw=(10056, 5822, 6278)  acc=(-0.794,-0.416,-0.157)  |g|=0.910  dt=11ms    F
yaw=  -30.3°  pitch=  +31.8°  roll=  +87.9°  raw=( 9938, 6091, 6237)  acc=(-0.676,-0.356,-0.098)  |g|=0.771  dt=10ms    F
yaw=  -32.3°  pitch=  +32.2°  roll=  +89.8°  raw=(10267, 5981, 6401)  acc=(-0.578,-0.337,-0.078)  |g|=0.674  dt=11ms    F
yaw=  -34.2°  pitch=  +32.7°  roll=  +91.8°  raw=(10394, 5798, 6693)  acc=(-0.569,-0.356,-0.078)  |g|=0.676  dt=10ms    F
yaw=  -36.1°  pitch=  +33.0°  roll=  +94.1°  raw=(10578, 5606, 6968)  acc=(-0.618,-0.416,-0.118)  |g|=0.754  dt=11ms    F
yaw=  -38.0°  pitch=  +33.5°  roll=  +96.5°  raw=(10453, 5521, 7127)  acc=(-0.667,-0.436,-0.137)  |g|=0.808  dt=11ms    F
yaw=  -39.7°  pitch=  +33.9°  roll=  +98.6°  raw=(10198, 5534, 7186)  acc=(-0.706,-0.455,-0.235)  |g|=0.872  dt=10ms    F
yaw=  -41.4°  pitch=  +34.3°  roll= +100.7°  raw=( 9916, 5654, 7192)  acc=(-0.745,-0.475,-0.392)  |g|=0.967  dt=11ms    F
yaw=  -42.9°  pitch=  +34.6°  roll= +102.2°  raw=( 9350, 6348, 7050)  acc=(-0.716,-0.436,-0.412)  |g|=0.934  dt=11ms    F
