Connected to Wiimote.
MotionPlus activated.
Calibration complete placeholder
================================================================================
Wiimote Console Debugger - Orientation in degrees
  H = Home button pressed (yaw reset)
================================================================================
yaw=  +35.2°  pitch=  +26.5°  roll=  -26.3°  raw=( 8689, 6220,10265)  acc=(+0.324,-0.436,+0.725)  |g|=0.906  dt=11ms    F
yaw=  +36.6°  pitch=  +27.7°  roll=  -26.7°  raw=( 8853, 6168,10375)  acc=(+0.196,-0.455,+0.627)  |g|=0.800  dt=11ms    F
yaw=  +38.0°  pitch=  +28.7°  roll=  -27.1°  raw=( 8747, 6337,10191)  acc=(+0.196,-0.535,+0.588)  |g|=0.819  dt=11ms    F
yaw=  +39.3°  pitch=  +29.6°  roll=  -27.5°  raw=( 8565, 6607,10049)  acc=(+0.235,-0.515,+0.569)  |g|=0.802  dt=11ms    F
yaw=  +40.6°  pitch=  +30.3°  roll=  -28.0°  raw=( 8302, 6856, 9999)  acc=(+0.304,-0.475,+0.569)  |g|=0.801  dt=11ms    F
yaw=  +41.8°  pitch=  +30.7°  roll=  -28.5°  raw=( 8129, 7073,10060)  acc=(+0.324,-0.495,+0.529)  |g|=0.794  dt=10ms    F
yaw=  +43.2°  pitch=  +31.0°  roll=  -29.0°  raw=( 7959, 7264,10221)  acc=(+0.343,-0.436,+0.529)  |g|=0.767  dt=11ms    F
yaw=  +44.7°  pitch=  +31.2°  roll=  -29.5°  raw=( 7805, 7407,10441)  acc=(+0.382,-0.416,+0.569)  |g|=0.802  dt=10ms    F
yaw=  +46.3°  pitch=  +31.3°  roll=  -29.9°  raw=( 7732, 7470,10705)  acc=(+0.382,-0.436,+0.588)  |g|=0.826  dt=10ms    F
yaw=  +48.1°  pitch=  +31.4°  roll=  -30.5°  raw=( 7636, 7468,10960)  acc=(+0.324,-0.396,+0.549)  |g|=0.750  dt=10ms    F
yaw=  +50.0°  pitch=  +31.3°  roll=  -31.1°  raw=( 7475, 7556,11190)  acc=(+0.314,-0.356,+0.510)  |g|=0.697  dt=10ms    F
yaw=  +52.0°  pitch=  +31.2°  roll=  -31.6°  raw=( 7439, 7704,11452)  acc=(+0.245,-0.376,+0.431)  |g|=0.623  dt=10ms    F
yaw=  +54.1°  pitch=  +31.0°  roll=  -32.0°  raw=( 7491, 7907,11621)  acc=(+0.157,-0.396,+0.412)  |g|=0.592  dt=10ms    F
yaw=  +56.1°  pitch=  +30.7°  roll=  -32.2°  raw=( 7495, 8134,11655)  acc=(+0.078,-0.416,+0.431)  |g|=0.604  dt=10ms    F
yaw=  +58.0°  pitch=  +30.3°  roll=  -32.3°  raw=( 7387, 8440,11655)  acc=(+0.010,-0.416,+0.451)  |g|=0.614  dt=10ms    F
yaw=  +59.7°  pitch=  +29.8°  roll=  -32.3°  raw=( 7309, 8747,11589)  acc=(-0.020,-0.416,+0.510)  |g|=0.658  dt=10ms    F
yaw=  +61.5°  pitch=  +29.1°  roll=  -32.2°  raw=( 7167, 8982,11551)  acc=(-0.039,-0.376,+0.490)  |g|=0.619  dt=10ms    F
yaw=  +63.2°  pitch=  +28.4°  roll=  -31.9°  raw=( 7124, 9276,11574)  acc=(-0.137,-0.396,+0.412)  |g|=0.588  dt=10ms    F
yaw=  +64.8°  pitch=  +27.4°  roll=  -31.3°  raw=( 7026, 9748,11504)  acc=(-0.225,-0.376,+0.431)  |g|=0.615  dt=11ms    F
yaw=  +66.2°  pitch=  +26.3°  roll=  -30.4°  raw=( 6858,10300,11346)  acc=(-0.382,-0.436,+0.451)  |g|=0.734  dt=11ms    F
yaw=  +67.2°  pitch=  +25.0°  roll=  -29.3°  raw=( 6724,10853,10983)  acc=(-0.520,-0.475,+0.510)  |g|=0.869  dt=10ms    F
yaw=  +67.9°  pitch=  +23.6°  roll=  -27.9°  raw=( 6614,11347,10436)  acc=(-0.510,-0.475,+0.490)  |g|=0.852  dt=10ms    F
yaw=  +68.2°  pitch=  +22.1°  roll=  -26.2°  raw=( 6617,11850, 9977)  acc=(-0.549,-0.455,+0.471)  |g|=0.855  dt=10ms    F
yaw=  +68.2°  pitch=  +20.5°  roll=  -24.2°  raw=( 6715,12423, 9458)  acc=(-0.608,-0.436,+0.549)  |g|=0.928  dt=10ms    F
yaw=  +67.7°  pitch=  +18.8°  roll=  -21.9°  raw=( 6750,12957, 8804)  acc=(-0.627,-0.416,+0.667)  |g|=1.006  dt=11ms    F
yaw=  +67.5°  pitch=  +18.2°  roll=  -19.2°  raw=( 6601,13328, 8143)  acc=(-0.637,-0.376,+0.784)  |g|=1.078  dt=11ms    F
yaw=  +66.7°  pitch=  +17.4°  roll=  -16.3°  raw=( 6397,13567, 7471)  acc=(-0.608,-0.297,+0.804)  |g|=1.051  dt=10ms    F
yaw=  +65.6°  pitch=  +16.2°  roll=  -13.4°  raw=( 6216,13699, 6830)  acc=(-0.451,-0.198,+0.902)  |g|=1.028  dt=11ms    F
yaw=  +63.9°  pitch=  +14.0°  roll=  -10.9°  raw=( 6480,13641, 6500)  acc=(-0.402,-0.178,+1.039)  |g|=1.128  dt=11ms    F
yaw=  +62.4°  pitch=  +12.1°  roll=   -8.5°  raw=( 6969,13266, 6328)  acc=(-0.382,-0.178,+1.157)  |g|=1.231  dt=11ms    F
yaw=  +60.8°  pitch=  +10.7°  roll=   -6.5°  raw=( 7551,12638, 6094)  acc=(-0.392,-0.178,+1.235)  |g|=1.308  dt=10ms    F
yaw=  +59.2°  pitch=   +9.5°  roll=   -4.7°  raw=( 7956,12137, 5805)  acc=(-0.422,-0.198,+1.314)  |g|=1.394  dt=10ms    F
yaw=  +57.5°  pitch=   +8.4°  roll=   -3.1°  raw=( 7886,11783, 5479)  acc=(-0.471,-0.178,+1.392)  |g|=1.480  dt=10ms    F
yaw=  +55.6°  pitch=   +7.2°  roll=   -1.8°  raw=( 7598,11381, 5102)  acc=(-0.490,-0.119,+1.451)  |g|=1.536  dt=11ms    F
yaw=  +53.7°  pitch=   +5.9°  roll=   -0.8°  raw=( 7324,10935, 4791)  acc=(-0.431,-0.079,+1.392)  |g|=1.460  dt=10ms    F
yaw=  +51.6°  pitch=   +4.8°  roll=   -0.0°  raw=( 7306,10521, 4571)  acc=(-0.441,-0.079,+1.294)  |g|=1.370  dt=11ms    F
yaw=  +49.4°  pitch=   +3.7°  roll=   +0.6°  raw=( 7368,10374, 4254)  acc=(-0.373,-0.040,+1.294)  |g|=1.347  dt=10ms    F
yaw=  +47.0°  pitch=   +2.7°  roll=   +1.2°  raw=( 7463,10208, 4020)  acc=(-0.363,-0.040,+1.294)  |g|=1.345  dt=11ms    F
yaw=  +44.2°  pitch=   +1.7°  roll=   +1.8°  raw=( 7664, 9999, 3771)  acc=(-0.363,-0.059,+1.392)  |g|=1.440  dt=12ms    F
yaw=  +41.6°  pitch=   +1.0°  roll=   +2.3°  raw=( 7878, 9654, 3460)  acc=(-0.324,-0.040,+1.490)  |g|=1.525  dt=11ms    F
yaw=  +38.9°  pitch=   +0.5°  roll=   +2.5°  raw=( 7831, 9122, 3230)  acc=(-0.196,+0.000,+1.392)  |g|=1.406  dt=11ms    F
yaw=  +36.2°  pitch=   +0.1°  roll=   +2.5°  raw=( 7837, 8739, 3183)  acc=(-0.118,+0.079,+1.314)  |g|=1.321  dt=10ms    F
yaw=  +33.4°  pitch=   -0.1°  roll=   +2.5°  raw=( 7843, 8480, 3273)  acc=(-0.059,+0.139,+1.235)  |g|=1.244  dt=11ms    F
yaw=  +30.7°  pitch=   -0.3°  roll=   +2.4°  raw=( 7822, 8305, 3458)  acc=(+0.020,+0.178,+1.196)  |g|=1.209  dt=11ms    F
yaw=  +28.3°  pitch=   -0.3°  roll=   +2.3°  raw=( 7910, 8176, 3738)  acc=(+0.020,+0.099,+1.255)  |g|=1.259  dt=11ms    F
yaw=  +26.0°  pitch=   -0.3°  roll=   +2.1°  raw=( 7837, 8020, 3847)  acc=(+0.020,+0.059,+1.353)  |g|=1.354  dt=10ms    F
yaw=  +23.6°  pitch=   -0.2°  roll=   +1.7°  raw=( 7644, 7726, 3870)  acc=(+0.088,+0.079,+1.275)  |g|=1.280  dt=10ms    F
yaw=  +21.3°  pitch=   +0.1°  roll=   +1.4°  raw=( 7845, 7421, 3949)  acc=(+0.147,+0.099,+1.294)  |g|=1.306  dt=10ms    F
yaw=  +19.1°  pitch=   +0.6°  roll=   +1.2°  raw=( 8016, 7191, 4021)  acc=(+0.216,+0.119,+1.333)  |g|=1.356  dt=10ms    F
yaw=  +16.9°  pitch=   +1.2°  roll=   +0.9°  raw=( 7953, 6949, 4102)  acc=(+0.304,+0.139,+1.333)  |g|=1.375  dt=10ms    F
yaw=  +14.7°  pitch=   +1.9°  roll=   +0.5°  raw=( 7908, 6762, 4241)  acc=(+0.324,+0.139,+1.333)  |g|=1.379  dt=11ms    F
yaw=  +12.7°  pitch=   +2.7°  roll=   +0.1°  raw=( 7762, 6632, 4391)  acc=(+0.422,+0.158,+1.314)  |g|=1.389  dt=10ms    F
yaw=  +10.8°  pitch=   +3.6°  roll=   -0.3°  raw=( 7710, 6440, 4621)  acc=(+0.569,+0.218,+1.294)  |g|=1.430  dt=11ms    F
yaw=   +9.1°  pitch=   +4.7°  roll=   -0.6°  raw=( 7880, 6127, 5091)  acc=(+0.735,+0.317,+1.235)  |g|=1.472  dt=11ms    F
yaw=   +7.7°  pitch=   +6.1°  roll=   -0.7°  raw=( 8342, 5788, 5807)  acc=(+0.804,+0.317,+1.216)  |g|=1.491  dt=11ms    F
yaw=   +6.9°  pitch=   +7.5°  roll=   -0.6°  raw=( 8764, 5505, 6559)  acc=(+0.794,+0.317,+1.255)  |g|=1.518  dt=10ms    F
yaw=   +6.2°  pitch=   +9.2°  roll=   -0.3°  raw=( 8947, 5258, 7145)  acc=(+0.735,+0.238,+1.275)  |g|=1.490  dt=11ms    F
yaw=   +5.9°  pitch=  +11.0°  roll=   -0.1°  raw=( 8784, 5082, 7577)  acc=(+0.608,+0.178,+1.216)  |g|=1.371  dt=11ms    F
yaw=   +5.7°  pitch=  +12.7°  roll=   -0.2°  raw=( 8314, 5111, 7781)  acc=(+0.588,+0.158,+1.137)  |g|=1.290  dt=11ms    F
yaw=   +5.6°  pitch=  +14.3°  roll=   -0.6°  raw=( 7788, 5284, 8001)  acc=(+0.637,+0.158,+1.020)  |g|=1.213  dt=11ms    F
yaw=   +5.9°  pitch=  +15.7°  roll=   -1.1°  raw=( 7453, 5530, 8369)  acc=(+0.637,+0.139,+0.961)  |g|=1.161  dt=10ms    F
yaw=   +6.4°  pitch=  +17.0°  roll=   -1.7°  raw=( 7336, 5782, 8751)  acc=(+0.667,+0.099,+0.922)  |g|=1.142  dt=11ms    F
yaw=   +7.1°  pitch=  +18.3°  roll=   -2.3°  raw=( 7367, 5914, 9153)  acc=(+0.608,+0.079,+0.922)  |g|=1.107  dt=11ms    F
yaw=   +8.0°  pitch=  +19.4°  roll=   -2.8°  raw=( 7562, 5946, 9455)  acc=(+0.578,+0.040,+0.961)  |g|=1.122  dt=11ms    F
yaw=   +9.0°  pitch=  +20.6°  roll=   -3.3°  raw=( 7735, 5841, 9736)  acc=(+0.608,+0.079,+0.961)  |g|=1.140  dt=10ms    F
yaw=  +10.2°  pitch=  +22.1°  roll=   -3.6°  raw=( 8051, 5581,10146)  acc=(+0.598,+0.020,+0.941)  |g|=1.115  dt=11ms    F
yaw=  +11.6°  pitch=  +23.7°  roll=   -3.7°  raw=( 8405, 5323,10567)  acc=(+0.480,-0.040,+0.882)  |g|=1.005  dt=11ms    F
yaw=  +13.0°  pitch=  +24.1°  roll=   -5.0°  raw=( 8541, 5211,10851)  acc=(+0.324,-0.099,+0.784)  |g|=0.854  dt=10ms    F
yaw=  +14.6°  pitch=  +25.7°  roll=   -5.2°  raw=( 8525, 5310,10969)  acc=(+0.196,-0.158,+0.706)  |g|=0.750  dt=11ms    F
yaw=  +16.3°  pitch=  +27.0°  roll=   -5.5°  raw=( 8334, 5611,10958)  acc=(+0.167,-0.198,+0.686)  |g|=0.733  dt=10ms    F
