Connected to Wiimote.
MotionPlus activated.
Calibration complete placeholder
================================================================================
Wiimote Console Debugger - Orientation in degrees
  H = Home button pressed (yaw reset)
================================================================================
yaw= +142.4°  pitch=  +73.1°  roll= -104.6°  raw=( 5579, 7591, 7236)  acc=(+0.500,-0.475,+0.451)  |g|=0.824  dt=10ms    F
yaw= +139.0°  pitch=  +72.0°  roll= -101.5°  raw=( 5682, 7739, 7442)  acc=(+0.471,-0.535,+0.510)  |g|=0.876  dt=11ms    F
yaw= +135.6°  pitch=  +70.8°  roll=  -98.3°  raw=( 5370, 7922, 7494)  acc=(+0.480,-0.515,+0.588)  |g|=0.918  dt=11ms    F
yaw= +132.0°  pitch=  +69.4°  roll=  -94.8°  raw=( 4664, 7996, 7579)  acc=(+0.402,-0.535,+0.686)  |g|=0.958  dt=10ms    F
yaw= +127.1°  pitch=  +67.3°  roll=  -90.0°  raw=( 3046, 8187, 7441)  acc=(+0.431,-0.515,+0.588)  |g|=0.893  dt=10ms    F
yaw= +122.5°  pitch=  +64.7°  roll=  -85.4°  raw=( 2066, 8261, 7396)  acc=(+0.588,-0.475,+0.431)  |g|=0.871  dt=10ms    F
yaw= +119.0°  pitch=  +62.1°  roll=  -81.9°  raw=( 2353, 8227, 7439)  acc=(+0.588,-0.475,+0.373)  |g|=0.843  dt=10ms    F
yaw= +116.0°  pitch=  +59.4°  roll=  -78.9°  raw=( 2257, 8325, 7527)  acc=(+0.627,-0.495,+0.275)  |g|=0.845  dt=10ms    F
yaw= +113.4°  pitch=  +56.5°  roll=  -76.2°  raw=( 2267, 8414, 7570)  acc=(+0.676,-0.495,+0.157)  |g|=0.853  dt=10ms    F
yaw= +111.2°  pitch=  +53.9°  roll=  -73.7°  raw=( 2839, 8785, 7924)  acc=(+0.912,-0.455,+0.059)  |g|=1.021  dt=11ms    F
yaw= +106.3°  pitch=  +50.9°  roll=  -71.0°  raw=( 3430, 9038, 8255)  acc=(+1.000,-0.396,+0.118)  |g|=1.082  dt=11ms    F
yaw= +105.2°  pitch=  +48.9°  roll=  -69.1°  raw=( 3891, 9256, 8761)  acc=(+1.029,-0.376,+0.216)  |g|=1.117  dt=10ms    F
yaw= +104.5°  pitch=  +46.9°  roll=  -67.4°  raw=( 3865, 9382, 9256)  acc=(+1.029,-0.337,+0.255)  |g|=1.113  dt=10ms    F
yaw= +104.1°  pitch=  +44.9°  roll=  -65.7°  raw=( 3928, 9409, 9775)  acc=(+1.010,-0.297,+0.294)  |g|=1.093  dt=10ms    F
yaw= +104.2°  pitch=  +42.9°  roll=  -64.1°  raw=( 4204, 9284,10282)  acc=(+0.951,-0.317,+0.216)  |g|=1.025  dt=11ms    F
yaw= +101.8°  pitch=  +40.2°  roll=  -62.3°  raw=( 4891, 9103,10649)  acc=(+0.833,-0.337,+0.216)  |g|=0.924  dt=10ms    F
yaw= +102.7°  pitch=  +38.9°  roll=  -61.4°  raw=( 5723, 8916,10851)  acc=(+0.716,-0.416,+0.255)  |g|=0.866  dt=11ms    F
yaw= +103.8°  pitch=  +38.1°  roll=  -60.7°  raw=( 6374, 8751,10877)  acc=(+0.520,-0.535,+0.275)  |g|=0.794  dt=10ms    F
yaw= +104.8°  pitch=  +37.4°  roll=  -60.2°  raw=( 6771, 8644,10549)  acc=(+0.324,-0.594,+0.216)  |g|=0.710  dt=11ms    F
yaw= +105.2°  pitch=  +36.6°  roll=  -59.3°  raw=( 6513, 8997, 9862)  acc=(+0.304,-0.653,+0.098)  |g|=0.727  dt=11ms    F
yaw= +105.1°  pitch=  +35.8°  roll=  -58.1°  raw=( 6251, 9536, 9287)  acc=(+0.294,-0.634,+0.059)  |g|=0.701  dt=11ms    F
yaw= +104.6°  pitch=  +35.1°  roll=  -56.7°  raw=( 6302, 9998, 8775)  acc=(+0.314,-0.634,+0.039)  |g|=0.708  dt=10ms    F
yaw= +103.7°  pitch=  +35.3°  roll=  -55.3°  raw=( 8020,10160, 7953)  acc=(+0.167,-0.653,+0.078)  |g|=0.679  dt=11ms    F
yaw= +102.6°  pitch=  +36.2°  roll=  -54.2°  raw=( 9336,10023, 7478)  acc=(+0.147,-0.614,+0.216)  |g|=0.667  dt=11ms    F
yaw= +101.4°  pitch=  +37.5°  roll=  -53.3°  raw=(10107,10049, 6994)  acc=(+0.118,-0.594,+0.333)  |g|=0.691  dt=10ms    F
yaw=  +99.8°  pitch=  +38.7°  roll=  -52.1°  raw=(10066,10309, 6500)  acc=(+0.118,-0.554,+0.392)  |g|=0.689  dt=11ms    F
yaw=  +97.6°  pitch=  +39.9°  roll=  -50.5°  raw=( 9804,10709, 6074)  acc=(+0.088,-0.535,+0.451)  |g|=0.705  dt=11ms    F
yaw=  +94.9°  pitch=  +40.8°  roll=  -48.5°  raw=( 9598,11084, 5598)  acc=(+0.118,-0.495,+0.529)  |g|=0.734  dt=11ms    F
yaw=  +91.7°  pitch=  +41.8°  roll=  -46.3°  raw=( 9685,11271, 5225)  acc=(+0.147,-0.455,+0.529)  |g|=0.714  dt=11ms    F
yaw=  +88.2°  pitch=  +42.9°  roll=  -43.8°  raw=(10062,11379, 4900)  acc=(+0.088,-0.416,+0.588)  |g|=0.726  dt=11ms    F
yaw=  +84.4°  pitch=  +44.0°  roll=  -41.2°  raw=(10332,11467, 4476)  acc=(+0.059,-0.317,+0.667)  |g|=0.740  dt=10ms    F
yaw=  +80.2°  pitch=  +44.9°  roll=  -38.5°  raw=(10225,11588, 4006)  acc=(+0.127,-0.257,+0.686)  |g|=0.744  dt=10ms    F
yaw=  +75.4°  pitch=  +45.5°  roll=  -35.3°  raw=(10058,11800, 3536)  acc=(+0.265,-0.139,+0.745)  |g|=0.803  dt=11ms    F
yaw=  +70.4°  pitch=  +45.7°  roll=  -32.1°  raw=( 9712,11979, 3207)  acc=(+0.412,-0.059,+0.745)  |g|=0.853  dt=10ms    F
yaw=  +65.1°  pitch=  +45.6°  roll=  -28.8°  raw=( 9573,12070, 3019)  acc=(+0.480,-0.139,+0.725)  |g|=0.881  dt=11ms    F
yaw=  +60.4°  pitch=  +45.7°  roll=  -26.1°  raw=( 9830,11153, 3129)  acc=(+1.176,+0.238,+1.294)  |g|=1.765  dt=11ms    F
yaw=  +56.8°  pitch=  +46.0°  roll=  -24.1°  raw=( 9887,10058, 4400)  acc=(+1.245,+0.218,+1.255)  |g|=1.781  dt=11ms    F
yaw=  +53.9°  pitch=  +46.7°  roll=  -22.4°  raw=(10290, 9213, 5144)  acc=(+1.088,+0.158,+1.196)  |g|=1.625  dt=11ms    F
yaw=  +51.6°  pitch=  +47.5°  roll=  -21.1°  raw=(10322, 8638, 5721)  acc=(+0.863,+0.099,+1.059)  |g|=1.369  dt=10ms    F
yaw=  +49.4°  pitch=  +48.3°  roll=  -19.8°  raw=(10373, 8531, 5852)  acc=(+0.725,+0.059,+1.039)  |g|=1.269  dt=10ms    F
yaw=  +47.1°  pitch=  +48.9°  roll=  -18.5°  raw=( 9960, 8589, 5823)  acc=(+0.745,+0.059,+1.059)  |g|=1.296  dt=11ms    F
yaw=  +45.0°  pitch=  +49.2°  roll=  -17.4°  raw=( 9527, 8683, 5880)  acc=(+0.824,+0.059,+1.137)  |g|=1.405  dt=11ms    F
yaw=  +43.0°  pitch=  +49.5°  roll=  -16.4°  raw=( 9334, 8619, 5989)  acc=(+0.843,+0.059,+1.235)  |g|=1.497  dt=11ms    F
yaw=  +41.3°  pitch=  +49.8°  roll=  -15.7°  raw=( 9116, 8372, 6095)  acc=(+0.814,+0.040,+1.294)  |g|=1.529  dt=10ms    F
yaw=  +39.8°  pitch=  +50.2°  roll=  -15.2°  raw=( 8934, 8080, 6066)  acc=(+0.794,+0.079,+1.314)  |g|=1.537  dt=11ms    F
yaw=  +38.5°  pitch=  +50.6°  roll=  -15.0°  raw=( 8762, 7713, 6036)  acc=(+0.892,+0.139,+1.255)  |g|=1.546  dt=11ms    F
yaw=  +37.3°  pitch=  +51.2°  roll=  -15.0°  raw=( 8885, 7355, 6265)  acc=(+0.902,+0.158,+1.196)  |g|=1.506  dt=11ms    F
yaw=  +36.3°  pitch=  +52.1°  roll=  -14.9°  raw=( 9176, 7029, 6444)  acc=(+0.775,+0.059,+1.176)  |g|=1.410  dt=11ms    F
yaw=  +35.5°  pitch=  +52.8°  roll=  -15.0°  raw=( 8778, 6947, 6413)  acc=(+0.755,+0.059,+1.137)  |g|=1.366  dt=11ms    F
yaw=  +34.9°  pitch=  +53.6°  roll=  -15.5°  raw=( 8470, 6874, 6492)  acc=(+0.745,+0.079,+1.078)  |g|=1.313  dt=11ms    F
yaw=  +34.4°  pitch=  +54.4°  roll=  -16.0°  raw=( 8567, 6684, 6551)  acc=(+0.765,+0.079,+1.078)  |g|=1.324  dt=11ms    F
yaw=  +34.0°  pitch=  +55.3°  roll=  -16.5°  raw=( 8574, 6509, 6614)  acc=(+0.735,+0.059,+1.078)  |g|=1.307  dt=10ms    F
yaw=  +33.9°  pitch=  +56.1°  roll=  -17.4°  raw=( 8238, 6381, 6638)  acc=(+0.725,+0.059,+1.000)  |g|=1.237  dt=10ms    F
yaw=  +33.9°  pitch=  +57.0°  roll=  -18.6°  raw=( 8095, 6251, 6606)  acc=(+0.735,+0.059,+0.961)  |g|=1.211  dt=11ms    F
yaw=  +34.2°  pitch=  +58.0°  roll=  -19.8°  raw=( 8087, 6110, 6685)  acc=(+0.765,+0.059,+0.941)  |g|=1.214  dt=11ms    F
yaw=  +34.5°  pitch=  +59.0°  roll=  -21.2°  raw=( 8135, 5987, 6805)  acc=(+0.755,+0.020,+0.941)  |g|=1.207  dt=11ms    F
yaw=  +35.1°  pitch=  +60.0°  roll=  -22.7°  raw=( 8029, 5867, 6809)  acc=(+0.775,+0.020,+0.902)  |g|=1.189  dt=11ms    F
yaw=  +35.9°  pitch=  +61.1°  roll=  -24.5°  raw=( 7964, 5751, 6854)  acc=(+0.843,+0.040,+0.863)  |g|=1.207  dt=11ms    F
yaw=  +37.0°  pitch=  +62.2°  roll=  -26.3°  raw=( 8071, 5589, 7234)  acc=(+0.863,+0.020,+0.941)  |g|=1.277  dt=10ms    F
yaw=  +38.4°  pitch=  +63.3°  roll=  -28.4°  raw=( 8044, 5449, 7340)  acc=(+0.912,+0.020,+0.961)  |g|=1.325  dt=10ms    F
yaw=  +40.2°  pitch=  +64.5°  roll=  -30.8°  raw=( 7940, 5279, 7515)  acc=(+0.951,+0.040,+0.902)  |g|=1.311  dt=10ms    F
yaw=  +42.4°  pitch=  +65.6°  roll=  -33.5°  raw=( 7851, 5188, 7713)  acc=(+0.951,+0.020,+0.804)  |g|=1.245  dt=10ms    F
yaw=  +45.1°  pitch=  +66.6°  roll=  -36.6°  raw=( 7844, 5228, 7852)  acc=(+1.010,+0.040,+0.784)  |g|=1.279  dt=10ms    F
yaw=  +48.1°  pitch=  +67.6°  roll=  -39.9°  raw=( 7857, 5265, 8115)  acc=(+1.049,+0.040,+0.765)  |g|=1.299  dt=11ms    F
yaw=  +51.5°  pitch=  +68.5°  roll=  -43.4°  raw=( 7840, 5292, 8494)  acc=(+0.922,+0.020,+0.745)  |g|=1.185  dt=10ms    F
yaw=  +55.4°  pitch=  +69.2°  roll=  -47.3°  raw=( 7591, 5472, 8638)  acc=(+0.745,+0.000,+0.725)  |g|=1.040  dt=11ms    F
yaw=  +59.4°  pitch=  +69.4°  roll=  -51.4°  raw=( 6946, 5791, 8410)  acc=(+0.804,+0.020,+0.667)  |g|=1.045  dt=10ms    F
yaw=  +63.5°  pitch=  +69.1°  roll=  -55.8°  raw=( 6488, 6039, 8244)  acc=(+0.980,+0.099,+0.608)  |g|=1.158  dt=11ms    F
yaw=  +67.3°  pitch=  +68.7°  roll=  -59.8°  raw=( 6417, 6103, 8410)  acc=(+1.176,+0.198,+0.588)  |g|=1.330  dt=10ms    F
yaw=  +71.3°  pitch=  +68.3°  roll=  -63.6°  raw=( 6456, 6046, 8907)  acc=(+1.265,+0.257,+0.510)  |g|=1.388  dt=10ms    F
yaw=  +75.4°  pitch=  +67.9°  roll=  -67.3°  raw=( 6698, 5979, 9530)  acc=(+1.255,+0.257,+0.353)  |g|=1.329  dt=10ms    F
yaw=  +79.6°  pitch=  +67.7°  roll=  -70.6°  raw=( 7222, 5984,10080)  acc=(+1.196,+0.218,+0.255)  |g|=1.242  dt=10ms    F
yaw=  +83.4°  pitch=  +67.7°  roll=  -73.1°  raw=( 7993, 6480,10922)  acc=(+1.010,+0.079,+0.098)  |g|=1.018  dt=10ms    F
yaw=  +82.5°  pitch=  +67.3°  roll=  -73.4°  raw=( 8112, 7018,11164)  acc=(+0.922,+0.020,+0.157)  |g|=0.935  dt=10ms    F
yaw=  +81.1°  pitch=  +66.8°  roll=  -73.0°  raw=( 7828, 7592,11291)  acc=(+0.863,-0.020,+0.176)  |g|=0.881  dt=10ms    F
yaw=  +83.0°  pitch=  +66.4°  roll=  -73.2°  raw=( 7364, 8177,11376)  acc=(+0.892,-0.020,+0.078)  |g|=0.896  dt=10ms    F
yaw=  +81.2°  pitch=  +65.5°  roll=  -72.2°  raw=( 7415, 8717,11589)  acc=(+0.980,+0.000,+0.020)  |g|=0.981  dt=10ms    F
yaw=  +79.3°  pitch=  +65.0°  roll=  -71.0°  raw=( 8057, 9097,12057)  acc=(+0.990,-0.020,+0.000)  |g|=0.990  dt=10ms    F
yaw=  +77.3°  pitch=  +64.6°  roll=  -69.3°  raw=( 8388, 9556,12509)  acc=(+1.078,+0.059,+0.000)  |g|=1.080  dt=10ms    F
yaw=  +75.1°  pitch=  +64.4°  roll=  -66.8°  raw=( 9097,10047,13260)  acc=(+1.010,+0.099,+0.020)  |g|=1.015  dt=10ms    F
yaw=  +72.3°  pitch=  +64.2°  roll=  -63.3°  raw=( 9674,10569,13960)  acc=(+0.902,+0.139,+0.098)  |g|=0.918  dt=10ms    F
yaw=  +72.0°  pitch=  +64.8°  roll=  -59.0°  raw=(10132,11095,14615)  acc=(+0.637,+0.099,+0.235)  |g|=0.686  dt=11ms    F
