Connected to Wiimote.
MotionPlus activated.
Calibration complete placeholder
================================================================================
Wiimote Console Debugger - Orientation in degrees
  H = Home button pressed (yaw reset)
================================================================================
yaw=  +54.4°  pitch=  +40.6°  roll=  -30.5°  raw=( 8029, 4994,11853)  acc=(+0.314,-0.396,+0.549)  |g|=0.746  dt=11ms    F
yaw=  +57.9°  pitch=  +41.4°  roll=  -32.5°  raw=( 7735, 5246,11997)  acc=(+0.176,-0.416,+0.412)  |g|=0.611  dt=11ms    F
yaw=  +61.1°  pitch=  +41.8°  roll=  -34.3°  raw=( 7632, 5659,11959)  acc=(+0.157,-0.436,+0.333)  |g|=0.571  dt=10ms    F
yaw=  +64.1°  pitch=  +41.9°  roll=  -35.8°  raw=( 7294, 6161,11946)  acc=(+0.088,-0.515,+0.255)  |g|=0.581  dt=10ms    F
yaw=  +67.0°  pitch=  +41.7°  roll=  -37.2°  raw=( 6998, 6715,11844)  acc=(+0.108,-0.535,+0.275)  |g|=0.611  dt=11ms    F
yaw=  +69.6°  pitch=  +41.2°  roll=  -38.2°  raw=( 6791, 7218,11769)  acc=(+0.235,-0.495,+0.314)  |g|=0.632  dt=10ms    F
yaw=  +72.0°  pitch=  +40.7°  roll=  -38.9°  raw=( 6776, 7604,11956)  acc=(+0.265,-0.495,+0.255)  |g|=0.617  dt=10ms    F
yaw=  +74.4°  pitch=  +40.1°  roll=  -39.3°  raw=( 6901, 7990,12186)  acc=(+0.245,-0.455,+0.196)  |g|=0.553  dt=10ms    F
yaw=  +76.7°  pitch=  +39.5°  roll=  -39.3°  raw=( 7061, 8449,12388)  acc=(+0.196,-0.436,+0.118)  |g|=0.492  dt=10ms    F
yaw=  +78.8°  pitch=  +38.8°  roll=  -38.9°  raw=( 7114, 8957,12534)  acc=(+0.118,-0.455,+0.078)  |g|=0.477  dt=10ms    F
yaw=  +80.7°  pitch=  +38.1°  roll=  -38.2°  raw=( 7025, 9539,12605)  acc=(+0.059,-0.436,+0.039)  |g|=0.441  dt=10ms    F
yaw=  +82.3°  pitch=  +37.4°  roll=  -37.0°  raw=( 6995,10140,12627)  acc=(+0.029,-0.396,+0.118)  |g|=0.414  dt=10ms    F
yaw=  +83.7°  pitch=  +36.7°  roll=  -35.5°  raw=( 7195,10664,12651)  acc=(-0.020,-0.356,+0.137)  |g|=0.382  dt=10ms    F
yaw=  +84.9°  pitch=  +36.0°  roll=  -33.5°  raw=( 6921,11303,12630)  acc=(-0.137,-0.317,+0.137)  |g|=0.372  dt=10ms    F
yaw=  +85.8°  pitch=  +34.6°  roll=  -30.9°  raw=( 6049,12274,12465)  acc=(-0.186,-0.277,+0.216)  |g|=0.398  dt=11ms    F
yaw=  +86.2°  pitch=  +33.0°  roll=  -27.9°  raw=( 5262,13257,12246)  acc=(-0.186,-0.238,+0.294)  |g|=0.422  dt=10ms    F
yaw=  +86.3°  pitch=  +31.0°  roll=  -24.3°  raw=( 4856,14135,11987)  acc=(-0.304,-0.257,+0.451)  |g|=0.602  dt=10ms    F
yaw=  +86.1°  pitch=  +29.1°  roll=  -20.5°  raw=( 4893,14699,11501)  acc=(-0.471,-0.337,+0.725)  |g|=0.928  dt=10ms    F
yaw=  +85.7°  pitch=  +27.3°  roll=  -16.7°  raw=( 5254,14686,10782)  acc=(-0.559,-0.396,+0.961)  |g|=1.180  dt=10ms    F
yaw=  +85.2°  pitch=  +25.9°  roll=  -13.3°  raw=( 6046,14092,10014)  acc=(-0.686,-0.515,+1.176)  |g|=1.456  dt=10ms    F
yaw=  +84.4°  pitch=  +25.0°  roll=  -10.3°  raw=( 6819,13269, 9154)  acc=(-0.696,-0.455,+1.333)  |g|=1.572  dt=11ms    F
yaw=  +83.5°  pitch=  +24.1°  roll=   -7.8°  raw=( 6985,12524, 8418)  acc=(-0.618,-0.297,+1.333)  |g|=1.499  dt=10ms    F
yaw=  +82.5°  pitch=  +23.0°  roll=   -5.5°  raw=( 6509,12190, 7893)  acc=(-0.392,-0.178,+1.373)  |g|=1.439  dt=10ms    F
yaw=  +81.4°  pitch=  +21.3°  roll=   -3.5°  raw=( 5573,12107, 7702)  acc=(-0.196,-0.040,+1.314)  |g|=1.329  dt=10ms    F
yaw=  +80.6°  pitch=  +19.1°  roll=   -1.7°  raw=( 4575,12076, 7812)  acc=(-0.078,+0.059,+1.255)  |g|=1.259  dt=10ms    F
yaw=  +80.0°  pitch=  +16.8°  roll=   +0.0°  raw=( 4238,11962, 7967)  acc=(-0.029,+0.079,+1.098)  |g|=1.101  dt=10ms    F
yaw=  +79.6°  pitch=  +14.7°  roll=   +1.6°  raw=( 4849,11643, 8169)  acc=(-0.147,+0.000,+0.980)  |g|=0.991  dt=10ms    F
yaw=  +79.1°  pitch=  +13.3°  roll=   +3.2°  raw=( 6024,11483, 8051)  acc=(-0.382,-0.139,+1.137)  |g|=1.208  dt=10ms    F
yaw=  +78.5°  pitch=  +12.2°  roll=   +4.6°  raw=( 6721,11144, 7548)  acc=(-0.490,-0.139,+1.294)  |g|=1.391  dt=10ms    F
yaw=  +77.5°  pitch=  +11.3°  roll=   +5.8°  raw=( 6935,10756, 6889)  acc=(-0.431,-0.119,+1.373)  |g|=1.444  dt=10ms    F
yaw=  +75.9°  pitch=   +9.8°  roll=   +7.3°  raw=( 6703,10444, 6383)  acc=(-0.333,-0.040,+1.314)  |g|=1.356  dt=15ms    F
yaw=  +74.6°  pitch=   +8.6°  roll=   +8.1°  raw=( 6320,10212, 5997)  acc=(-0.245,+0.020,+1.196)  |g|=1.221  dt=10ms    F
yaw=  +73.1°  pitch=   +7.4°  roll=   +8.8°  raw=( 6263,10114, 5672)  acc=(-0.098,+0.079,+1.176)  |g|=1.183  dt=10ms    F
yaw=  +71.6°  pitch=   +6.4°  roll=   +9.3°  raw=( 6670, 9589, 5539)  acc=(+0.118,+0.198,+1.157)  |g|=1.180  dt=10ms    F
yaw=  +70.3°  pitch=   +5.7°  roll=   +9.7°  raw=( 7092, 9319, 5631)  acc=(+0.078,+0.178,+1.216)  |g|=1.231  dt=10ms    F
yaw=  +68.9°  pitch=   +5.1°  roll=   +9.9°  raw=( 7300, 9051, 5623)  acc=(+0.049,+0.139,+1.294)  |g|=1.302  dt=10ms    F
yaw=  +67.5°  pitch=   +4.5°  roll=  +10.0°  raw=( 7190, 8774, 5548)  acc=(+0.078,+0.139,+1.275)  |g|=1.284  dt=10ms    F
yaw=  +66.1°  pitch=   +4.0°  roll=  +10.0°  raw=( 7075, 8466, 5428)  acc=(+0.108,+0.139,+1.216)  |g|=1.228  dt=10ms    F
yaw=  +64.6°  pitch=   +3.4°  roll=   +9.7°  raw=( 6896, 8283, 5359)  acc=(+0.176,+0.158,+1.098)  |g|=1.123  dt=10ms    F
yaw=  +63.1°  pitch=   +2.7°  roll=   +9.4°  raw=( 6727, 8236, 5345)  acc=(+0.235,+0.198,+0.980)  |g|=1.027  dt=10ms    F
yaw=  +61.5°  pitch=   +2.1°  roll=   +9.1°  raw=( 6987, 8259, 5378)  acc=(+0.265,+0.178,+1.039)  |g|=1.087  dt=11ms    F
yaw=  +60.1°  pitch=   +1.7°  roll=   +8.9°  raw=( 7249, 8170, 5392)  acc=(+0.255,+0.158,+1.098)  |g|=1.138  dt=10ms    F
yaw=  +58.5°  pitch=   +1.4°  roll=   +8.6°  raw=( 7463, 7992, 5329)  acc=(+0.196,+0.119,+1.157)  |g|=1.179  dt=10ms    F
yaw=  +56.9°  pitch=   +1.2°  roll=   +8.2°  raw=( 7387, 7826, 5165)  acc=(+0.206,+0.119,+1.137)  |g|=1.162  dt=10ms    F
yaw=  +55.3°  pitch=   +0.9°  roll=   +7.7°  raw=( 7184, 7652, 5033)  acc=(+0.245,+0.139,+1.039)  |g|=1.077  dt=10ms    F
yaw=  +53.6°  pitch=   +0.8°  roll=   +7.2°  raw=( 7351, 7540, 4969)  acc=(+0.284,+0.158,+1.020)  |g|=1.070  dt=10ms    F
yaw=  +51.9°  pitch=   +0.8°  roll=   +6.7°  raw=( 7542, 7472, 4966)  acc=(+0.373,+0.178,+1.000)  |g|=1.082  dt=10ms    F
yaw=  +50.2°  pitch=   +0.8°  roll=   +6.2°  raw=( 7627, 7484, 5060)  acc=(+0.451,+0.158,+1.078)  |g|=1.180  dt=10ms    F
yaw=  +48.6°  pitch=   +0.8°  roll=   +5.7°  raw=( 7511, 7428, 5250)  acc=(+0.363,+0.099,+1.176)  |g|=1.235  dt=10ms    F
yaw=  +47.1°  pitch=   +0.9°  roll=   +5.1°  raw=( 7435, 7282, 5272)  acc=(+0.206,+0.000,+1.235)  |g|=1.252  dt=10ms    F
yaw=  +45.4°  pitch=   +1.0°  roll=   +4.3°  raw=( 7277, 7035, 4975)  acc=(+0.127,-0.040,+1.235)  |g|=1.242  dt=10ms    F
yaw=  +42.6°  pitch=   +1.6°  roll=   +3.1°  raw=( 7520, 6461, 4313)  acc=(+0.382,+0.079,+1.098)  |g|=1.165  dt=14ms    F
yaw=  +40.5°  pitch=   +2.2°  roll=   +2.2°  raw=( 7689, 6336, 4364)  acc=(+0.480,+0.119,+1.039)  |g|=1.151  dt=11ms    F
yaw=  +38.6°  pitch=   +2.8°  roll=   +1.4°  raw=( 7652, 6385, 4510)  acc=(+0.461,+0.079,+1.137)  |g|=1.230  dt=10ms    F
yaw=  +36.6°  pitch=   +3.3°  roll=   +0.5°  raw=( 7414, 6369, 4536)  acc=(+0.471,+0.099,+1.196)  |g|=1.289  dt=10ms    F
yaw=  +34.8°  pitch=   +4.0°  roll=   -0.5°  raw=( 7354, 6107, 4546)  acc=(+0.431,+0.079,+1.176)  |g|=1.256  dt=10ms    F
yaw=  +32.9°  pitch=   +4.8°  roll=   -1.5°  raw=( 7439, 5824, 4543)  acc=(+0.431,+0.139,+1.098)  |g|=1.188  dt=10ms    F
yaw=  +31.1°  pitch=   +5.7°  roll=   -2.5°  raw=( 7368, 5747, 4567)  acc=(+0.569,+0.198,+1.039)  |g|=1.201  dt=10ms    F
yaw=  +29.3°  pitch=   +6.7°  roll=   -3.5°  raw=( 7464, 5707, 4847)  acc=(+0.539,+0.099,+1.039)  |g|=1.175  dt=10ms    F
yaw=  +27.7°  pitch=   +7.9°  roll=   -4.4°  raw=( 7894, 5576, 4947)  acc=(+0.422,+0.059,+1.137)  |g|=1.214  dt=10ms    F
yaw=  +26.0°  pitch=   +9.2°  roll=   -5.2°  raw=( 7874, 5447, 4841)  acc=(+0.412,+0.079,+1.176)  |g|=1.249  dt=10ms    F
yaw=  +24.3°  pitch=  +10.5°  roll=   -6.1°  raw=( 7668, 5301, 4741)  acc=(+0.373,+0.099,+1.176)  |g|=1.238  dt=10ms    F
yaw=  +22.6°  pitch=  +11.6°  roll=   -7.2°  raw=( 7029, 5278, 4614)  acc=(+0.520,+0.198,+1.059)  |g|=1.196  dt=10ms    F
yaw=  +21.0°  pitch=  +12.7°  roll=   -8.8°  raw=( 6322, 5402, 4718)  acc=(+0.765,+0.317,+0.882)  |g|=1.210  dt=11ms    F
yaw=  +19.8°  pitch=  +13.7°  roll=  -10.2°  raw=( 6269, 5596, 5256)  acc=(+0.882,+0.317,+0.765)  |g|=1.210  dt=10ms    F
yaw=  +19.1°  pitch=  +14.6°  roll=  -11.3°  raw=( 6849, 5960, 6296)  acc=(+0.912,+0.238,+0.745)  |g|=1.201  dt=10ms    F
yaw=  +18.5°  pitch=  +15.5°  roll=  -12.0°  raw=( 7474, 6025, 6691)  acc=(+0.716,+0.158,+0.941)  |g|=1.193  dt=10ms    F
yaw=  +17.9°  pitch=  +16.6°  roll=  -12.7°  raw=( 7579, 5921, 6819)  acc=(+0.647,+0.099,+1.059)  |g|=1.245  dt=10ms    F
yaw=  +17.5°  pitch=  +17.7°  roll=  -13.7°  raw=( 7157, 5803, 6880)  acc=(+0.843,+0.198,+1.020)  |g|=1.338  dt=10ms    F
yaw=  +17.4°  pitch=  +18.6°  roll=  -14.9°  raw=( 6626, 5794, 7326)  acc=(+0.912,+0.178,+0.863)  |g|=1.268  dt=10ms    F
yaw=  +17.5°  pitch=  +19.7°  roll=  -16.0°  raw=( 6872, 5741, 7716)  acc=(+0.892,+0.158,+0.784)  |g|=1.198  dt=10ms    F
yaw=  +17.8°  pitch=  +20.6°  roll=  -17.0°  raw=( 6830, 5888, 8055)  acc=(+0.892,+0.198,+0.765)  |g|=1.192  dt=10ms    F
yaw=  +18.3°  pitch=  +21.6°  roll=  -18.1°  raw=( 6932, 5946, 8440)  acc=(+0.922,+0.158,+0.686)  |g|=1.160  dt=10ms    F
yaw=  +19.0°  pitch=  +22.6°  roll=  -18.9°  raw=( 7338, 5975, 8866)  acc=(+0.863,+0.099,+0.745)  |g|=1.144  dt=10ms    F
yaw=  +19.8°  pitch=  +23.6°  roll=  -19.6°  raw=( 7783, 5928, 9115)  acc=(+0.843,+0.059,+0.843)  |g|=1.194  dt=10ms    F
yaw=  +20.7°  pitch=  +24.8°  roll=  -20.3°  raw=( 7777, 5811, 9378)  acc=(+0.814,+0.040,+0.784)  |g|=1.131  dt=10ms    F
yaw=  +21.8°  pitch=  +25.8°  roll=  -21.1°  raw=( 7530, 5884, 9668)  acc=(+0.833,+0.020,+0.706)  |g|=1.092  dt=10ms    F
yaw=  +23.2°  pitch=  +26.6°  roll=  -21.9°  raw=( 7389, 6120, 9955)  acc=(+0.882,+0.000,+0.667)  |g|=1.106  dt=10ms    F
yaw=  +24.7°  pitch=  +27.3°  roll=  -22.9°  raw=( 7268, 6367,10348)  acc=(+0.941,+0.040,+0.647)  |g|=1.143  dt=10ms    F
yaw=  +26.6°  pitch=  +27.9°  roll=  -23.7°  raw=( 7299, 6559,10864)  acc=(+0.922,+0.020,+0.647)  |g|=1.126  dt=10ms    F
yaw=  +28.8°  pitch=  +28.5°  roll=  -24.6°  raw=( 7416, 6679,11424)  acc=(+0.931,+0.020,+0.647)  |g|=1.134  dt=11ms    F
yaw=  +31.2°  pitch=  +29.0°  roll=  -25.4°  raw=( 7508, 6785,11988)  acc=(+0.941,+0.020,+0.588)  |g|=1.110  dt=10ms    F
yaw=  +32.9°  pitch=  +27.7°  roll=  -27.0°  raw=( 7723, 6914,12577)  acc=(+0.843,-0.020,+0.490)  |g|=0.975  dt=10ms    F
yaw=  +35.8°  pitch=  +28.2°  roll=  -27.4°  raw=( 8154, 7164,13052)  acc=(+0.676,-0.040,+0.431)  |g|=0.803  dt=11ms    F
yaw=  +38.6°  pitch=  +28.4°  roll=  -27.4°  raw=( 8423, 7924,13386)  acc=(+0.392,-0.139,+0.490)  |g|=0.643  dt=10ms    F
yaw=  +41.3°  pitch=  +28.3°  roll=  -27.2°  raw=( 8219, 8506,13373)  acc=(+0.314,-0.198,+0.608)  |g|=0.712  dt=10ms    F
yaw=  +44.1°  pitch=  +28.1°  roll=  -27.0°  raw=( 8039, 8678,13406)  acc=(+0.206,-0.238,+0.627)  |g|=0.702  dt=10ms    F
yaw=  +46.7°  pitch=  +27.8°  roll=  -26.9°  raw=( 7867, 8837,13372)  acc=(+0.157,-0.257,+0.588)  |g|=0.661  dt=10ms    F
yaw=  +49.3°  pitch=  +27.4°  roll=  -26.6°  raw=( 7917, 9004,13310)  acc=(+0.049,-0.317,+0.529)  |g|=0.619  dt=10ms    F
