Connected to Wiimote.
MotionPlus activated.
Calibration complete placeholder
================================================================================
Wiimote Console Debugger - Orientation in degrees
  H = Home button pressed (yaw reset)
================================================================================
yaw=  +79.5°  pitch=  +23.2°  roll=  -48.6°  raw=( 9110, 5898,10797)  acc=(-0.127,-0.614,+0.490)  |g|=0.796  dt=10ms    F
yaw=  +81.3°  pitch=  +23.8°  roll=  -49.7°  raw=( 8932, 6102,10649)  acc=(-0.186,-0.634,+0.333)  |g|=0.740  dt=11ms    F
yaw=  +82.9°  pitch=  +24.4°  roll=  -50.7°  raw=( 9083, 6303,10350)  acc=(-0.167,-0.693,+0.333)  |g|=0.787  dt=10ms    F
yaw=  +84.3°  pitch=  +25.0°  roll=  -51.6°  raw=( 9058, 6594,10109)  acc=(-0.137,-0.772,+0.294)  |g|=0.838  dt=11ms    F
yaw=  +85.6°  pitch=  +25.5°  roll=  -52.4°  raw=( 8830, 6934, 9998)  acc=(-0.176,-0.772,+0.294)  |g|=0.845  dt=10ms    F
yaw=  +86.7°  pitch=  +25.6°  roll=  -52.9°  raw=( 8362, 7316, 9873)  acc=(-0.206,-0.713,+0.333)  |g|=0.813  dt=10ms    F
yaw=  +87.7°  pitch=  +25.5°  roll=  -53.2°  raw=( 7865, 7688, 9679)  acc=(-0.157,-0.693,+0.373)  |g|=0.802  dt=10ms    F
yaw=  +88.5°  pitch=  +25.1°  roll=  -53.3°  raw=( 7481, 7997, 9562)  acc=(-0.127,-0.653,+0.431)  |g|=0.793  dt=10ms    F
yaw=  +89.2°  pitch=  +24.6°  roll=  -53.3°  raw=( 7060, 8207, 9535)  acc=(-0.118,-0.634,+0.451)  |g|=0.787  dt=10ms    F
yaw=  +89.9°  pitch=  +23.7°  roll=  -53.2°  raw=( 6659, 8382, 9524)  acc=(-0.147,-0.653,+0.392)  |g|=0.776  dt=10ms    F
yaw=  +90.5°  pitch=  +22.7°  roll=  -52.9°  raw=( 6274, 8662, 9451)  acc=(-0.265,-0.673,+0.294)  |g|=0.781  dt=10ms    F
yaw=  +90.8°  pitch=  +21.4°  roll=  -52.3°  raw=( 5722, 9173, 9226)  acc=(-0.294,-0.653,+0.176)  |g|=0.738  dt=10ms    F
yaw=  +90.9°  pitch=  +19.8°  roll=  -51.3°  raw=( 5093, 9871, 8985)  acc=(-0.265,-0.594,+0.157)  |g|=0.669  dt=10ms    F
yaw=  +90.8°  pitch=  +17.7°  roll=  -49.9°  raw=( 4446,10544, 8814)  acc=(-0.176,-0.515,+0.137)  |g|=0.561  dt=11ms    F
yaw=  +90.6°  pitch=  +15.4°  roll=  -48.1°  raw=( 3926,11220, 8695)  acc=(-0.147,-0.455,+0.118)  |g|=0.493  dt=11ms    F
yaw=  +90.3°  pitch=  +13.0°  roll=  -46.0°  raw=( 3719,11922, 8653)  acc=(-0.176,-0.436,+0.059)  |g|=0.474  dt=10ms    F
yaw=  +90.0°  pitch=  +10.5°  roll=  -43.4°  raw=( 3426,12872, 8522)  acc=(-0.255,-0.356,+0.078)  |g|=0.445  dt=10ms    F
yaw=  +89.6°  pitch=   +7.8°  roll=  -40.3°  raw=( 3146,13832, 8360)  acc=(-0.294,-0.337,+0.118)  |g|=0.462  dt=10ms    F
yaw=  +89.1°  pitch=   +4.9°  roll=  -36.8°  raw=( 2731,14739, 8053)  acc=(-0.314,-0.277,+0.235)  |g|=0.480  dt=10ms    F
yaw=  +88.6°  pitch=   +1.8°  roll=  -33.0°  raw=( 2376,15533, 7564)  acc=(-0.255,-0.119,+0.529)  |g|=0.599  dt=10ms    F
yaw=  +88.0°  pitch=   -1.3°  roll=  -29.2°  raw=( 2596,15614, 7158)  acc=(-0.216,-0.020,+0.706)  |g|=0.738  dt=10ms    F
yaw=  +87.4°  pitch=   -3.9°  roll=  -25.4°  raw=( 3685,15276, 6722)  acc=(-0.206,-0.020,+0.863)  |g|=0.887  dt=10ms    F
yaw=  +86.7°  pitch=   -5.9°  roll=  -22.0°  raw=( 4667,14879, 6350)  acc=(-0.196,+0.000,+1.000)  |g|=1.019  dt=10ms    F
yaw=  +86.3°  pitch=   -6.8°  roll=  -17.7°  raw=( 5310,14436, 6118)  acc=(-0.186,+0.020,+1.137)  |g|=1.153  dt=11ms    F
yaw=  +85.4°  pitch=   -8.4°  roll=  -14.4°  raw=( 5769,14058, 5907)  acc=(-0.118,+0.119,+1.373)  |g|=1.383  dt=11ms    F
yaw=  +84.5°  pitch=   -9.8°  roll=  -11.5°  raw=( 6121,13460, 5805)  acc=(-0.039,+0.178,+1.510)  |g|=1.521  dt=11ms    F
yaw=  +83.7°  pitch=  -10.9°  roll=   -9.1°  raw=( 6467,12653, 5881)  acc=(-0.088,+0.099,+1.529)  |g|=1.535  dt=10ms    F
yaw=  +82.9°  pitch=  -12.0°  roll=   -7.1°  raw=( 6668,12018, 5915)  acc=(-0.216,+0.000,+1.471)  |g|=1.486  dt=10ms    F
yaw=  +81.9°  pitch=  -13.1°  roll=   -5.3°  raw=( 6629,11573, 5749)  acc=(-0.343,-0.040,+1.412)  |g|=1.453  dt=11ms    F
yaw=  +80.7°  pitch=  -14.1°  roll=   -3.7°  raw=( 6732,11310, 5350)  acc=(-0.333,-0.020,+1.471)  |g|=1.508  dt=11ms    F
yaw=  +79.3°  pitch=  -15.0°  roll=   -2.2°  raw=( 6899,10999, 4960)  acc=(-0.324,+0.000,+1.627)  |g|=1.659  dt=10ms    F
yaw=  +77.7°  pitch=  -15.8°  roll=   -1.1°  raw=( 7067,10524, 4658)  acc=(-0.255,+0.040,+1.784)  |g|=1.803  dt=10ms    F
yaw=  +75.9°  pitch=  -16.6°  roll=   -0.2°  raw=( 7180, 9903, 4472)  acc=(-0.196,+0.059,+1.843)  |g|=1.854  dt=11ms    F
yaw=  +73.9°  pitch=  -17.1°  roll=   +0.3°  raw=( 7351, 9273, 4343)  acc=(-0.147,+0.040,+1.784)  |g|=1.791  dt=10ms    F
yaw=  +71.9°  pitch=  -17.5°  roll=   +0.5°  raw=( 7679, 8693, 4266)  acc=(-0.216,-0.020,+1.765)  |g|=1.778  dt=10ms    F
yaw=  +69.7°  pitch=  -17.6°  roll=   +0.5°  raw=( 7831, 8264, 4111)  acc=(-0.353,-0.139,+1.725)  |g|=1.767  dt=10ms    F
yaw=  +67.2°  pitch=  -17.9°  roll=   +0.3°  raw=( 7515, 8093, 3691)  acc=(-0.353,-0.198,+1.745)  |g|=1.791  dt=10ms    F
yaw=  +64.4°  pitch=  -18.4°  roll=   -0.2°  raw=( 7089, 7792, 3226)  acc=(-0.176,+0.000,+1.608)  |g|=1.617  dt=10ms    F
yaw=  +61.4°  pitch=  -18.5°  roll=   -0.8°  raw=( 7329, 7321, 3013)  acc=(-0.059,+0.040,+1.490)  |g|=1.492  dt=10ms    F
yaw=  +58.4°  pitch=  -18.3°  roll=   -1.5°  raw=( 7965, 6902, 2945)  acc=(+0.000,+0.079,+1.490)  |g|=1.492  dt=10ms    F
yaw=  +55.4°  pitch=  -17.7°  roll=   -2.2°  raw=( 8409, 6504, 2917)  acc=(+0.069,+0.099,+1.490)  |g|=1.495  dt=10ms    F
yaw=  +52.4°  pitch=  -16.9°  roll=   -3.0°  raw=( 8484, 6192, 2954)  acc=(+0.137,+0.099,+1.412)  |g|=1.422  dt=10ms    F
yaw=  +49.2°  pitch=  -16.2°  roll=   -3.9°  raw=( 8109, 6109, 3021)  acc=(+0.294,+0.158,+1.255)  |g|=1.299  dt=11ms    F
yaw=  +46.2°  pitch=  -15.5°  roll=   -4.9°  raw=( 7922, 6056, 3226)  acc=(+0.343,+0.119,+1.078)  |g|=1.138  dt=11ms    F
yaw=  +43.2°  pitch=  -14.6°  roll=   -5.8°  raw=( 8051, 6102, 3397)  acc=(+0.333,+0.079,+1.059)  |g|=1.113  dt=11ms    F
yaw=  +40.4°  pitch=  -13.9°  roll=   -6.7°  raw=( 8002, 6160, 3439)  acc=(+0.412,+0.099,+1.098)  |g|=1.177  dt=11ms    F
yaw=  +37.6°  pitch=  -13.0°  roll=   -7.5°  raw=( 7884, 6092, 3500)  acc=(+0.588,+0.218,+1.098)  |g|=1.265  dt=11ms    F
yaw=  +34.9°  pitch=  -12.1°  roll=   -8.4°  raw=( 7891, 5900, 3764)  acc=(+0.794,+0.317,+1.059)  |g|=1.361  dt=11ms    F
yaw=  +32.7°  pitch=  -10.9°  roll=   -9.1°  raw=( 8386, 5610, 4253)  acc=(+0.912,+0.356,+1.059)  |g|=1.442  dt=10ms    F
yaw=  +30.7°  pitch=   -9.3°  roll=   -9.6°  raw=( 8900, 5307, 4801)  acc=(+0.931,+0.356,+1.098)  |g|=1.483  dt=11ms    F
yaw=  +29.0°  pitch=   -7.4°  roll=  -10.0°  raw=( 9164, 5020, 5314)  acc=(+0.971,+0.376,+1.118)  |g|=1.527  dt=11ms    F
yaw=  +27.6°  pitch=   -5.4°  roll=  -10.4°  raw=( 9128, 4864, 5797)  acc=(+0.941,+0.356,+1.059)  |g|=1.461  dt=11ms    F
yaw=  +26.4°  pitch=   -3.7°  roll=  -10.9°  raw=( 8693, 4990, 6206)  acc=(+1.020,+0.376,+0.980)  |g|=1.464  dt=11ms    F
yaw=  +25.5°  pitch=   -2.1°  roll=  -11.6°  raw=( 8326, 5112, 6662)  acc=(+1.127,+0.396,+0.922)  |g|=1.509  dt=11ms    F
yaw=  +25.0°  pitch=   -0.7°  roll=  -12.2°  raw=( 8297, 5309, 7249)  acc=(+1.186,+0.396,+0.922)  |g|=1.554  dt=10ms    F
yaw=  +24.8°  pitch=   +0.7°  roll=  -12.8°  raw=( 8192, 5450, 7847)  acc=(+1.225,+0.396,+0.980)  |g|=1.619  dt=11ms    F
yaw=  +25.0°  pitch=   +2.1°  roll=  -13.5°  raw=( 8082, 5438, 8515)  acc=(+1.245,+0.376,+0.980)  |g|=1.629  dt=11ms    F
yaw=  +25.6°  pitch=   +3.5°  roll=  -14.1°  raw=( 8175, 5310, 9186)  acc=(+1.216,+0.356,+1.020)  |g|=1.626  dt=10ms    F
yaw=  +26.6°  pitch=   +5.1°  roll=  -14.8°  raw=( 8324, 5109, 9805)  acc=(+1.167,+0.317,+1.020)  |g|=1.581  dt=10ms    F
yaw=  +27.8°  pitch=   +6.7°  roll=  -15.4°  raw=( 8478, 4851,10438)  acc=(+1.078,+0.238,+0.922)  |g|=1.438  dt=10ms    F
yaw=  +29.4°  pitch=   +8.5°  roll=  -16.1°  raw=( 8724, 4675,10905)  acc=(+0.912,+0.178,+0.843)  |g|=1.255  dt=10ms    F
