Connected to Wiimote.
MotionPlus activated.
Calibration complete placeholder
================================================================================
Wiimote Console Debugger - Orientation in degrees
  H = Home button pressed (yaw reset)
================================================================================
yaw=  +16.9°  pitch=  +35.4°  roll=  -12.0°  raw=( 8778, 7680, 9120)  acc=(-0.010,-0.594,+0.569)  |g|=0.822  dt=10ms    F
yaw=  +16.9°  pitch=  +35.7°  roll=  -11.3°  raw=( 9265, 7839, 8964)  acc=(+0.010,-0.614,+0.510)  |g|=0.798  dt=10ms    F
yaw=  +16.7°  pitch=  +36.1°  roll=  -10.3°  raw=( 9784, 7970, 8847)  acc=(-0.029,-0.634,+0.431)  |g|=0.767  dt=10ms    F
yaw=  +16.3°  pitch=  +36.4°  roll=   -9.1°  raw=(10124, 8209, 8792)  acc=(-0.098,-0.594,+0.549)  |g|=0.815  dt=10ms    F
yaw=  +15.8°  pitch=  +36.6°  roll=   -7.8°  raw=(10105, 8364, 8665)  acc=(-0.020,-0.475,+0.667)  |g|=0.819  dt=10ms    F
yaw=  +15.6°  pitch=  +36.7°  roll=   -6.9°  raw=( 9508, 8374, 8834)  acc=(+0.118,-0.455,+0.569)  |g|=0.738  dt=10ms    F
yaw=  +15.6°  pitch=  +36.7°  roll=   -6.1°  raw=( 9309, 8481, 9141)  acc=(+0.088,-0.475,+0.490)  |g|=0.688  dt=10ms    F
yaw=  +15.6°  pitch=  +36.8°  roll=   -5.1°  raw=( 9615, 8558, 9293)  acc=(-0.010,-0.535,+0.275)  |g|=0.601  dt=10ms    F
yaw=  +15.3°  pitch=  +36.8°  roll=   -3.6°  raw=(10358, 8769, 9169)  acc=(-0.137,-0.594,+0.216)  |g|=0.647  dt=10ms    F
yaw=  +14.5°  pitch=  +36.7°  roll=   -1.6°  raw=(10912, 9085, 8921)  acc=(-0.176,-0.535,+0.353)  |g|=0.665  dt=10ms    F
yaw=  +13.7°  pitch=  +36.5°  roll=   +0.3°  raw=(10904, 9379, 8841)  acc=(-0.206,-0.515,+0.490)  |g|=0.740  dt=10ms    F
yaw=  +13.0°  pitch=  +36.0°  roll=   +2.2°  raw=(10678, 9690, 8949)  acc=(-0.235,-0.495,+0.529)  |g|=0.762  dt=10ms    F
yaw=  +12.7°  pitch=  +35.1°  roll=   +3.8°  raw=(10072,10290, 9351)  acc=(-0.225,-0.416,+0.608)  |g|=0.770  dt=10ms    F
yaw=  +12.4°  pitch=  +34.1°  roll=   +5.5°  raw=(10272,10442, 9529)  acc=(-0.294,-0.436,+0.529)  |g|=0.746  dt=11ms    F
yaw=  +12.2°  pitch=  +33.0°  roll=   +7.3°  raw=(10365,10713, 9610)  acc=(-0.382,-0.356,+0.569)  |g|=0.772  dt=11ms    F
yaw=  +11.9°  pitch=  +31.9°  roll=  +10.1°  raw=(10959,10953, 9571)  acc=(-0.618,-0.356,+1.000)  |g|=1.228  dt=10ms    F
yaw=  +11.4°  pitch=  +30.8°  roll=  +12.3°  raw=(10923,10651, 9378)  acc=(-0.647,-0.376,+1.020)  |g|=1.265  dt=11ms    F
yaw=  +11.2°  pitch=  +29.8°  roll=  +13.8°  raw=(10083,10508, 9167)  acc=(-0.490,-0.297,+0.843)  |g|=1.020  dt=11ms    F
yaw=  +11.1°  pitch=  +28.5°  roll=  +15.7°  raw=(10142,10548, 9210)  acc=(-0.382,-0.218,+0.706)  |g|=0.832  dt=10ms    F
yaw=  +11.0°  pitch=  +27.4°  roll=  +17.5°  raw=(10487,10676, 9424)  acc=(-0.402,-0.238,+0.667)  |g|=0.814  dt=11ms    F
yaw=  +10.8°  pitch=  +26.3°  roll=  +19.5°  raw=(10891,10846, 9567)  acc=(-0.441,-0.238,+0.608)  |g|=0.788  dt=10ms    F
yaw=  +10.8°  pitch=  +25.0°  roll=  +21.5°  raw=(10990,11139, 9722)  acc=(-0.471,-0.178,+0.510)  |g|=0.716  dt=10ms    F
yaw=  +10.9°  pitch=  +23.4°  roll=  +23.5°  raw=(10860,11654, 9904)  acc=(-0.559,-0.119,+0.667)  |g|=0.878  dt=10ms    F
yaw=  +11.2°  pitch=  +21.6°  roll=  +25.8°  raw=(10623,11936,10010)  acc=(-0.696,-0.139,+0.843)  |g|=1.102  dt=10ms    F
yaw=  +11.6°  pitch=  +19.8°  roll=  +27.2°  raw=( 9703,11851, 9647)  acc=(-0.863,-0.139,+1.059)  |g|=1.373  dt=11ms    F
yaw=  +11.8°  pitch=  +18.1°  roll=  +28.2°  raw=( 9352,11543, 9301)  acc=(-0.853,-0.119,+1.020)  |g|=1.335  dt=10ms    F
yaw=  +11.9°  pitch=  +16.7°  roll=  +29.4°  raw=( 9570,11186, 8874)  acc=(-0.882,-0.099,+0.980)  |g|=1.323  dt=11ms    F
yaw=  +11.7°  pitch=  +15.4°  roll=  +30.6°  raw=( 9663,10922, 8519)  acc=(-0.941,-0.139,+0.902)  |g|=1.311  dt=10ms    F
yaw=  +11.4°  pitch=  +14.1°  roll=  +31.7°  raw=( 9577,10833, 8146)  acc=(-0.971,-0.139,+0.863)  |g|=1.306  dt=11ms    F
yaw=  +11.0°  pitch=  +12.8°  roll=  +32.7°  raw=( 9438,10864, 7824)  acc=(-0.941,-0.119,+0.922)  |g|=1.323  dt=10ms    F
yaw=  +10.5°  pitch=  +11.5°  roll=  +33.6°  raw=( 9233,10843, 7655)  acc=(-0.882,-0.079,+0.961)  |g|=1.307  dt=10ms    F
yaw=  +10.1°  pitch=  +10.2°  roll=  +34.3°  raw=( 8959,10788, 7630)  acc=(-0.853,-0.079,+0.941)  |g|=1.273  dt=10ms    F
yaw=   +9.7°  pitch=   +8.9°  roll=  +34.8°  raw=( 8695,10754, 7641)  acc=(-0.882,-0.040,+0.922)  |g|=1.276  dt=10ms    F
yaw=   +9.3°  pitch=   +7.5°  roll=  +35.4°  raw=( 8619,10649, 7576)  acc=(-0.941,-0.040,+0.902)  |g|=1.304  dt=12ms    F
yaw=   +8.8°  pitch=   +6.2°  roll=  +35.9°  raw=( 8636,10498, 7321)  acc=(-0.980,-0.099,+0.843)  |g|=1.297  dt=11ms    F
yaw=   +8.0°  pitch=   +5.1°  roll=  +36.4°  raw=( 8776,10421, 6952)  acc=(-0.990,-0.079,+0.843)  |g|=1.303  dt=10ms    F
yaw=   +7.1°  pitch=   +3.9°  roll=  +36.9°  raw=( 8746,10405, 6605)  acc=(-0.961,-0.059,+0.902)  |g|=1.319  dt=10ms    F
yaw=   +6.1°  pitch=   +2.8°  roll=  +37.2°  raw=( 8381,10270, 6309)  acc=(-0.794,-0.020,+0.882)  |g|=1.187  dt=11ms    F
yaw=   +5.0°  pitch=   +1.7°  roll=  +37.4°  raw=( 8397,10207, 6308)  acc=(-0.824,-0.020,+0.784)  |g|=1.137  dt=10ms    F
yaw=   +4.0°  pitch=   +0.6°  roll=  +37.7°  raw=( 8454,10247, 6227)  acc=(-0.882,-0.040,+0.843)  |g|=1.221  dt=10ms    F
yaw=   +2.8°  pitch=   -0.5°  roll=  +37.8°  raw=( 8244,10278, 6041)  acc=(-0.873,-0.040,+0.922)  |g|=1.270  dt=11ms    F
yaw=   +1.5°  pitch=   -1.6°  roll=  +37.8°  raw=( 8071,10153, 5848)  acc=(-0.794,-0.020,+0.922)  |g|=1.217  dt=10ms    F
yaw=   +0.2°  pitch=   -2.6°  roll=  +37.8°  raw=( 8182, 9944, 5685)  acc=(-0.725,-0.020,+0.863)  |g|=1.127  dt=10ms    F
yaw=   -1.3°  pitch=   -3.4°  roll=  +38.1°  raw=( 8631, 9767, 5558)  acc=(-0.735,-0.040,+0.843)  |g|=1.119  dt=10ms    F
yaw=   -2.7°  pitch=   -4.3°  roll=  +38.4°  raw=( 8789, 9716, 5469)  acc=(-0.794,-0.079,+0.745)  |g|=1.092  dt=10ms    F
yaw=   -4.3°  pitch=   -5.3°  roll=  +38.5°  raw=( 8382, 9893, 5402)  acc=(-0.706,+0.059,+0.765)  |g|=1.042  dt=11ms    F
yaw=   -5.8°  pitch=   -6.2°  roll=  +38.5°  raw=( 8240, 9988, 5442)  acc=(-0.569,+0.079,+0.882)  |g|=1.053  dt=10ms    F
yaw=   -7.2°  pitch=   -7.1°  roll=  +38.2°  raw=( 8208, 9718, 5644)  acc=(-0.529,+0.040,+0.882)  |g|=1.030  dt=11ms    F
yaw=   -8.6°  pitch=   -7.8°  roll=  +38.5°  raw=( 8774, 9311, 5758)  acc=(-0.598,+0.020,+0.902)  |g|=1.082  dt=11ms    F
yaw=   -9.9°  pitch=   -8.4°  roll=  +38.8°  raw=( 8856, 9138, 5806)  acc=(-0.637,+0.000,+0.863)  |g|=1.073  dt=11ms    F
yaw=  -11.1°  pitch=   -8.9°  roll=  +39.1°  raw=( 8848, 9047, 5786)  acc=(-0.608,+0.020,+0.882)  |g|=1.072  dt=11ms    F
yaw=  -12.5°  pitch=   -9.4°  roll=  +39.3°  raw=( 8702, 8918, 5789)  acc=(-0.559,+0.020,+0.882)  |g|=1.045  dt=11ms    F
yaw=  -13.7°  pitch=   -9.8°  roll=  +39.6°  raw=( 8757, 8834, 5914)  acc=(-0.569,+0.000,+0.882)  |g|=1.050  dt=10ms    F
yaw=  -14.9°  pitch=  -10.2°  roll=  +39.8°  raw=( 8598, 8808, 6004)  acc=(-0.578,+0.020,+0.922)  |g|=1.088  dt=11ms    F
yaw=  -16.1°  pitch=  -10.6°  roll=  +39.8°  raw=( 8414, 8731, 6093)  acc=(-0.539,+0.020,+0.980)  |g|=1.119  dt=11ms    F
yaw=  -17.1°  pitch=  -10.7°  roll=  +39.8°  raw=( 8182, 8508, 6258)  acc=(-0.480,+0.059,+1.078)  |g|=1.182  dt=11ms    F
yaw=  -18.1°  pitch=  -10.7°  roll=  +39.7°  raw=( 7953, 8176, 6482)  acc=(-0.382,+0.059,+1.078)  |g|=1.146  dt=10ms    F
yaw=  -18.9°  pitch=  -10.5°  roll=  +39.6°  raw=( 7864, 7875, 6819)  acc=(-0.353,+0.059,+1.059)  |g|=1.118  dt=11ms    F
yaw=  -19.4°  pitch=  -10.2°  roll=  +39.6°  raw=( 7965, 7645, 7135)  acc=(-0.480,+0.020,+0.961)  |g|=1.074  dt=11ms    F
yaw=  -19.9°  pitch=   -9.8°  roll=  +39.6°  raw=( 7919, 7605, 7287)  acc=(-0.569,-0.020,+0.902)  |g|=1.066  dt=11ms    F
yaw=  -20.5°  pitch=   -9.4°  roll=  +39.5°  raw=( 7666, 7678, 7252)  acc=(-0.578,-0.040,+0.961)  |g|=1.122  dt=11ms    F
yaw=  -21.1°  pitch=   -9.0°  roll=  +39.4°  raw=( 7726, 7569, 7166)  acc=(-0.569,-0.040,+1.020)  |g|=1.168  dt=11ms    F
yaw=  -21.7°  pitch=   -8.5°  roll=  +39.3°  raw=( 7747, 7425, 7093)  acc=(-0.520,-0.020,+1.059)  |g|=1.180  dt=11ms    F
yaw=  -22.3°  pitch=   -7.9°  roll=  +39.2°  raw=( 7558, 7279, 7199)  acc=(-0.461,-0.020,+1.098)  |g|=1.191  dt=11ms    F
yaw=  -22.7°  pitch=   -7.2°  roll=  +39.0°  raw=( 7313, 7133, 7409)  acc=(-0.480,-0.040,+1.039)  |g|=1.146  dt=11ms    F
yaw=  -23.1°  pitch=   -6.4°  roll=  +38.7°  raw=( 7098, 7059, 7585)  acc=(-0.510,-0.079,+1.020)  |g|=1.143  dt=10ms    F
yaw=  -23.4°  pitch=   -5.5°  roll=  +38.3°  raw=( 6837, 6968, 7696)  acc=(-0.480,-0.079,+1.020)  |g|=1.130  dt=10ms    F
yaw=  -23.6°  pitch=   -4.5°  roll=  +37.9°  raw=( 6600, 6822, 7852)  acc=(-0.441,-0.099,+1.020)  |g|=1.115  dt=10ms    F
yaw=  -23.8°  pitch=   -3.4°  roll=  +37.4°  raw=( 6564, 6720, 7981)  acc=(-0.402,-0.079,+0.980)  |g|=1.063  dt=11ms    F
yaw=  -23.8°  pitch=   -2.2°  roll=  +36.9°  raw=( 6497, 6649, 8172)  acc=(-0.461,-0.119,+0.902)  |g|=1.020  dt=11ms    F
yaw=  -23.8°  pitch=   -1.2°  roll=  +36.5°  raw=( 6754, 6704, 8147)  acc=(-0.598,-0.198,+0.882)  |g|=1.084  dt=10ms    F
yaw=  -23.9°  pitch=   -0.2°  roll=  +36.3°  raw=( 6907, 6699, 7978)  acc=(-0.598,-0.198,+0.961)  |g|=1.149  dt=10ms    F
yaw=  -24.1°  pitch=   +1.0°  roll=  +35.9°  raw=( 6789, 6574, 7825)  acc=(-0.490,-0.178,+1.059)  |g|=1.180  dt=11ms    F
yaw=  -24.3°  pitch=   +2.3°  roll=  +35.6°  raw=( 6598, 6329, 7857)  acc=(-0.363,-0.139,+1.098)  |g|=1.165  dt=11ms    F
yaw=  -24.3°  pitch=   +3.8°  roll=  +35.2°  raw=( 6379, 6034, 8058)  acc=(-0.304,-0.139,+1.118)  |g|=1.166  dt=11ms    F
yaw=  -24.2°  pitch=   +5.5°  roll=  +34.7°  raw=( 6016, 5760, 8381)  acc=(-0.275,-0.178,+1.000)  |g|=1.052  dt=10ms    F
yaw=  -23.7°  pitch=   +7.0°  roll=  +33.5°  raw=( 5887, 5635, 8668)  acc=(-0.353,-0.198,+0.863)  |g|=0.953  dt=10ms    F
yaw=  -23.2°  pitch=   +8.4°  roll=  +32.8°  raw=( 6020, 5674, 8790)  acc=(-0.480,-0.257,+0.725)  |g|=0.907  dt=10ms    F
yaw=  -22.8°  pitch=  +10.0°  roll=  +32.4°  raw=( 6249, 5754, 8672)  acc=(-0.578,-0.317,+0.588)  |g|=0.884  dt=10ms    F
yaw=  -22.7°  pitch=  +11.4°  roll=  +32.1°  raw=( 6670, 6033, 8304)  acc=(-0.549,-0.337,+0.667)  |g|=0.927  dt=10ms    F
yaw=  -22.8°  pitch=  +12.6°  roll=  +31.8°  raw=( 6775, 6251, 8004)  acc=(-0.382,-0.317,+0.804)  |g|=0.945  dt=10ms    F
yaw=  -22.7°  pitch=  +13.7°  roll=  +31.2°  raw=( 6601, 6282, 8009)  acc=(-0.255,-0.277,+0.941)  |g|=1.014  dt=10ms    F
yaw=  -22.4°  pitch=  +14.8°  roll=  +30.2°  raw=( 6407, 6139, 8247)  acc=(-0.176,-0.257,+1.039)  |g|=1.085  dt=10ms    F
yaw=  -21.8°  pitch=  +16.1°  roll=  +28.8°  raw=( 5966, 5908, 8589)  acc=(-0.118,-0.257,+1.039)  |g|=1.077  dt=10ms    F
yaw=  -21.1°  pitch=  +18.0°  roll=  +28.0°  raw=( 5555, 5640, 8970)  acc=(-0.127,-0.238,+1.039)  |g|=1.074  dt=11ms    F
yaw=  -19.9°  pitch=  +19.6°  roll=  +26.3°  raw=( 5161, 5371, 9353)  acc=(-0.225,-0.257,+0.863)  |g|=0.928  dt=10ms    F
yaw=  -19.0°  pitch=  +21.5°  roll=  +25.4°  raw=( 5248, 5232, 9341)  acc=(-0.402,-0.376,+0.529)  |g|=0.764  dt=10ms    F
yaw=  -18.3°  pitch=  +23.3°  roll=  +24.6°  raw=( 5886, 5412, 8996)  acc=(-0.324,-0.416,+0.471)  |g|=0.706  dt=10ms    F
yaw=  -17.8°  pitch=  +24.9°  roll=  +24.2°  raw=( 6583, 5601, 8745)  acc=(-0.176,-0.376,+0.569)  |g|=0.704  dt=10ms    F
yaw=  -17.3°  pitch=  +26.5°  roll=  +23.9°  raw=( 6844, 5733, 8759)  acc=(-0.088,-0.376,+0.667)  |g|=0.771  dt=11ms    F
yaw=  -16.7°  pitch=  +28.0°  roll=  +23.6°  raw=( 6833, 5813, 8996)  acc=(-0.049,-0.376,+0.725)  |g|=0.819  dt=10ms    F
yaw=  -15.8°  pitch=  +29.4°  roll=  +23.0°  raw=( 6522, 5873, 9340)  acc=(-0.078,-0.416,+0.627)  |g|=0.757  dt=10ms    F
yaw=  -14.7°  pitch=  +30.9°  roll=  +22.3°  raw=( 6395, 5991, 9569)  acc=(-0.098,-0.455,+0.510)  |g|=0.691  dt=11ms    F
yaw=  -13.6°  pitch=  +32.2°  roll=  +21.8°  raw=( 6734, 6126, 9692)  acc=(-0.147,-0.495,+0.451)  |g|=0.686  dt=10ms    F
yaw=  -12.6°  pitch=  +33.3°  roll=  +21.4°  raw=( 7095, 6286, 9684)  acc=(-0.167,-0.535,+0.373)  |g|=0.673  dt=10ms    F
yaw=  -11.6°  pitch=  +34.3°  roll=  +21.2°  raw=( 7418, 6540, 9609)  acc=(-0.137,-0.554,+0.275)  |g|=0.634  dt=11ms    F
yaw=  -10.8°  pitch=  +35.0°  roll=  +21.1°  raw=( 7738, 6856, 9611)  acc=(-0.108,-0.554,+0.235)  |g|=0.612  dt=10ms    F
yaw=  -10.0°  pitch=  +35.5°  roll=  +21.1°  raw=( 8031, 7270, 9663)  acc=(-0.137,-0.554,+0.333)  |g|=0.661  dt=10ms    F
yaw=   -9.2°  pitch=  +35.9°  roll=  +21.1°  raw=( 8058, 7582, 9779)  acc=(-0.225,-0.574,+0.451)  |g|=0.764  dt=10ms    F
yaw=   -7.9°  pitch=  +36.1°  roll=  +20.6°  raw=( 7283, 7980, 9851)  acc=(-0.304,-0.554,+0.569)  |g|=0.850  dt=10ms    F
yaw=   -6.6°  pitch=  +36.2°  roll=  +19.9°  raw=( 7103, 8059, 9861)  acc=(-0.333,-0.574,+0.569)  |g|=0.874  dt=10ms    F
yaw=   -5.2°  pitch=  +36.3°  roll=  +19.2°  raw=( 7114, 8096, 9848)  acc=(-0.343,-0.574,+0.588)  |g|=0.891  dt=11ms    F
yaw=   -4.0°  pitch=  +36.4°  roll=  +18.6°  raw=( 7235, 8098, 9841)  acc=(-0.373,-0.594,+0.588)  |g|=0.915  dt=10ms    F
yaw=   -2.8°  pitch=  +36.5°  roll=  +18.1°  raw=( 7393, 8140, 9807)  acc=(-0.422,-0.594,+0.608)  |g|=0.949  dt=11ms    F
yaw=   -1.6°  pitch=  +36.5°  roll=  +17.6°  raw=( 7486, 8199, 9762)  acc=(-0.441,-0.594,+0.608)  |g|=0.958  dt=11ms    F
yaw=   -0.7°  pitch=  +36.8°  roll=  +17.9°  raw=( 7584, 8269, 9720)  acc=(-0.510,-0.614,+0.588)  |g|=0.991  dt=11ms    F
yaw=   +0.2°  pitch=  +37.1°  roll=  +18.3°  raw=( 7708, 8386, 9644)  acc=(-0.549,-0.634,+0.608)  |g|=1.036  dt=11ms    F
yaw=   +0.9°  pitch=  +37.2°  roll=  +19.0°  raw=( 7942, 8464, 9533)  acc=(-0.647,-0.614,+0.647)  |g|=1.102  dt=11ms    F
yaw=   +1.6°  pitch=  +37.1°  roll=  +19.0°  raw=( 8113, 8497, 9350)  acc=(-0.784,-0.693,+0.725)  |g|=1.274  dt=11ms    F
yaw=   +2.1°  pitch=  +36.9°  roll=  +18.9°  raw=( 7949, 8569, 9017)  acc=(-0.814,-0.713,+0.686)  |g|=1.281  dt=10ms    F
