Connected to Wiimote.
MotionPlus activated.
Calibration complete placeholder
================================================================================
Wiimote Console Debugger - Orientation in degrees
  H = Home button pressed (yaw reset)
================================================================================
yaw= +105.7°  pitch=  +69.3°  roll=  -82.7°  raw=( 8292, 7028, 8564)  acc=(-0.078,-0.554,+0.765)  |g|=0.948  dt=10ms    F
yaw= +107.4°  pitch=  +69.2°  roll=  -84.4°  raw=( 8341, 7070, 8169)  acc=(+0.049,-0.475,+0.843)  |g|=0.969  dt=10ms    F
yaw= +101.8°  pitch=  +68.9°  roll=  -79.5°  raw=( 8424, 7084, 7959)  acc=(+0.176,-0.495,+0.882)  |g|=1.027  dt=10ms    F
yaw=  +96.6°  pitch=  +68.3°  roll=  -75.1°  raw=( 8287, 6997, 7969)  acc=(+0.265,-0.535,+0.922)  |g|=1.098  dt=11ms    F
yaw=  +98.3°  pitch=  +68.1°  roll=  -76.9°  raw=( 8036, 6923, 8124)  acc=(+0.324,-0.515,+0.882)  |g|=1.072  dt=11ms    F
yaw=  +93.7°  pitch=  +67.2°  roll=  -73.1°  raw=( 7874, 6849, 8351)  acc=(+0.294,-0.535,+0.804)  |g|=1.009  dt=10ms    F
yaw=  +89.7°  pitch=  +66.2°  roll=  -69.9°  raw=( 7752, 6863, 8569)  acc=(+0.235,-0.554,+0.725)  |g|=0.943  dt=11ms    F
yaw=  +86.2°  pitch=  +65.2°  roll=  -67.0°  raw=( 7865, 6939, 8676)  acc=(+0.206,-0.535,+0.725)  |g|=0.924  dt=11ms    F
yaw=  +87.9°  pitch=  +65.1°  roll=  -68.6°  raw=( 7899, 6977, 8709)  acc=(+0.206,-0.535,+0.706)  |g|=0.909  dt=11ms    F
yaw=  +89.5°  pitch=  +64.8°  roll=  -70.0°  raw=( 7541, 7111, 8773)  acc=(+0.333,-0.475,+0.706)  |g|=0.914  dt=10ms    F
yaw=  +91.2°  pitch=  +64.4°  roll=  -71.3°  raw=( 7325, 7170, 8998)  acc=(+0.422,-0.455,+0.686)  |g|=0.925  dt=11ms    F
yaw=  +92.9°  pitch=  +63.8°  roll=  -72.5°  raw=( 7154, 7264, 9351)  acc=(+0.490,-0.436,+0.706)  |g|=0.964  dt=11ms    F
yaw=  +94.6°  pitch=  +63.0°  roll=  -73.4°  raw=( 6817, 7359, 9792)  acc=(+0.559,-0.376,+0.647)  |g|=0.934  dt=11ms    F
yaw=  +96.5°  pitch=  +62.1°  roll=  -74.1°  raw=( 6538, 7489,10392)  acc=(+0.608,-0.317,+0.588)  |g|=0.903  dt=11ms    F
yaw=  +98.3°  pitch=  +61.1°  roll=  -74.3°  raw=( 6356, 7740,11069)  acc=(+0.608,-0.277,+0.529)  |g|=0.852  dt=10ms    F
yaw= +100.1°  pitch=  +60.1°  roll=  -74.2°  raw=( 6257, 8052,11749)  acc=(+0.520,-0.277,+0.510)  |g|=0.779  dt=11ms    F
yaw= +101.8°  pitch=  +59.1°  roll=  -73.5°  raw=( 6270, 8427,12302)  acc=(+0.392,-0.257,+0.431)  |g|=0.637  dt=10ms    F
yaw= +103.3°  pitch=  +58.3°  roll=  -72.5°  raw=( 6393, 8848,12662)  acc=(+0.294,-0.257,+0.373)  |g|=0.540  dt=10ms    F
yaw= +104.6°  pitch=  +57.6°  roll=  -70.9°  raw=( 6574, 9435,12938)  acc=(+0.167,-0.257,+0.412)  |g|=0.513  dt=10ms    F
yaw= +105.5°  pitch=  +57.2°  roll=  -68.9°  raw=( 6866, 9917,13049)  acc=(+0.039,-0.257,+0.431)  |g|=0.504  dt=10ms    F
yaw= +106.2°  pitch=  +56.9°  roll=  -66.6°  raw=( 7045,10297,13082)  acc=(+0.029,-0.218,+0.412)  |g|=0.467  dt=10ms    F
yaw= +106.6°  pitch=  +56.7°  roll=  -63.6°  raw=( 7036,10862,13192)  acc=(+0.029,-0.158,+0.294)  |g|=0.335  dt=11ms    F
yaw= +105.4°  pitch=  +56.8°  roll=  -58.8°  raw=( 6883,12754,13375)  acc=(-0.480,-0.257,+0.373)  |g|=0.660  dt=11ms    F
yaw= +103.2°  pitch=  +56.8°  roll=  -53.1°  raw=( 6756,13643,12724)  acc=(-0.804,-0.396,+0.647)  |g|=1.105  dt=11ms    F
yaw= +100.3°  pitch=  +56.8°  roll=  -47.4°  raw=( 6937,13796,11570)  acc=(-0.892,-0.554,+0.843)  |g|=1.347  dt=10ms    F
yaw=  +96.9°  pitch=  +56.8°  roll=  -42.0°  raw=( 7377,13511,10354)  acc=(-0.794,-0.495,+1.020)  |g|=1.384  dt=11ms    F
yaw=  +93.6°  pitch=  +56.9°  roll=  -37.1°  raw=( 7843,13015, 9391)  acc=(-0.657,-0.396,+1.078)  |g|=1.323  dt=10ms    F
yaw=  +90.2°  pitch=  +56.8°  roll=  -32.7°  raw=( 7919,12589, 8789)  acc=(-0.490,-0.277,+1.098)  |g|=1.234  dt=11ms    F
yaw=  +86.9°  pitch=  +56.6°  roll=  -28.5°  raw=( 7781,12377, 8530)  acc=(-0.373,-0.139,+1.059)  |g|=1.131  dt=10ms    F
yaw=  +83.8°  pitch=  +56.2°  roll=  -24.7°  raw=( 7840,12244, 8486)  acc=(-0.382,-0.099,+0.961)  |g|=1.039  dt=10ms    F
yaw=  +80.8°  pitch=  +55.9°  roll=  -20.9°  raw=( 8099,12282, 8425)  acc=(-0.559,-0.158,+1.039)  |g|=1.191  dt=10ms    F
yaw=  +77.6°  pitch=  +55.5°  roll=  -17.0°  raw=( 8122,12288, 8087)  acc=(-0.627,-0.198,+1.196)  |g|=1.365  dt=10ms    F
yaw=  +74.3°  pitch=  +55.1°  roll=  -13.5°  raw=( 8372,11971, 7627)  acc=(-0.618,-0.198,+1.412)  |g|=1.554  dt=10ms    F
yaw=  +71.4°  pitch=  +54.8°  roll=  -10.5°  raw=( 8516,11396, 7275)  acc=(-0.627,-0.218,+1.471)  |g|=1.614  dt=10ms    F
yaw=  +68.7°  pitch=  +54.5°  roll=   -8.1°  raw=( 8403,10732, 6801)  acc=(-0.706,-0.218,+1.451)  |g|=1.628  dt=11ms    F
yaw=  +66.2°  pitch=  +53.8°  roll=   -6.3°  raw=( 7789,10292, 6233)  acc=(-0.676,-0.158,+1.314)  |g|=1.486  dt=11ms    F
yaw=  +63.9°  pitch=  +52.9°  roll=   -5.1°  raw=( 7181,10102, 5706)  acc=(-0.510,-0.020,+1.176)  |g|=1.282  dt=10ms    F
yaw=  +61.7°  pitch=  +52.0°  roll=   -4.3°  raw=( 7036, 9824, 5340)  acc=(-0.216,+0.099,+1.020)  |g|=1.047  dt=10ms    F
yaw=  +59.5°  pitch=  +51.2°  roll=   -3.5°  raw=( 7322, 9761, 5353)  acc=(-0.127,+0.158,+1.039)  |g|=1.059  dt=11ms    F
yaw=  +57.4°  pitch=  +50.5°  roll=   -2.7°  raw=( 7526, 9640, 5428)  acc=(-0.108,+0.139,+1.098)  |g|=1.112  dt=11ms    F
yaw=  +55.3°  pitch=  +49.9°  roll=   -2.0°  raw=( 7610, 9506, 5530)  acc=(-0.108,+0.119,+1.137)  |g|=1.149  dt=11ms    F
yaw=  +53.4°  pitch=  +49.2°  roll=   -1.4°  raw=( 7634, 9352, 5571)  acc=(-0.137,+0.059,+1.137)  |g|=1.147  dt=11ms    F
yaw=  +51.6°  pitch=  +48.7°  roll=   -1.0°  raw=( 7632, 9209, 5469)  acc=(-0.206,+0.020,+1.137)  |g|=1.156  dt=11ms    F
yaw=  +49.7°  pitch=  +48.1°  roll=   -0.7°  raw=( 7592, 9081, 5198)  acc=(-0.206,+0.020,+1.196)  |g|=1.214  dt=10ms    F
yaw=  +47.9°  pitch=  +47.5°  roll=   -0.6°  raw=( 7344, 8982, 4913)  acc=(-0.127,+0.079,+1.196)  |g|=1.205  dt=10ms    F
yaw=  +46.3°  pitch=  +46.9°  roll=   -0.8°  raw=( 6996, 8837, 4703)  acc=(+0.010,+0.119,+1.137)  |g|=1.143  dt=10ms    F
yaw=  +44.7°  pitch=  +46.3°  roll=   -1.2°  raw=( 7041, 8684, 4667)  acc=(+0.108,+0.139,+1.137)  |g|=1.151  dt=10ms    F
yaw=  +43.0°  pitch=  +45.9°  roll=   -1.4°  raw=( 7354, 8494, 4715)  acc=(+0.098,+0.099,+1.196)  |g|=1.204  dt=10ms    F
yaw=  +41.3°  pitch=  +45.9°  roll=   -1.8°  raw=( 7817, 7882, 4575)  acc=(-0.020,-0.040,+1.373)  |g|=1.373  dt=11ms    F
yaw=  +39.5°  pitch=  +46.0°  roll=   -2.3°  raw=( 7814, 7552, 4346)  acc=(-0.108,-0.079,+1.431)  |g|=1.438  dt=11ms    F
yaw=  +37.8°  pitch=  +46.3°  roll=   -3.1°  raw=( 7669, 7179, 3961)  acc=(-0.020,+0.000,+1.392)  |g|=1.392  dt=10ms    F
yaw=  +36.1°  pitch=  +46.8°  roll=   -4.0°  raw=( 7717, 6739, 3729)  acc=(+0.088,+0.079,+1.353)  |g|=1.358  dt=10ms    F
yaw=  +34.3°  pitch=  +47.6°  roll=   -5.0°  raw=( 8054, 6350, 3704)  acc=(+0.137,+0.079,+1.373)  |g|=1.382  dt=10ms    F
yaw=  +32.6°  pitch=  +48.5°  roll=   -5.9°  raw=( 8114, 6082, 3717)  acc=(+0.147,+0.040,+1.373)  |g|=1.381  dt=10ms    F
yaw=  +31.1°  pitch=  +49.5°  roll=   -7.1°  raw=( 7883, 5869, 3688)  acc=(+0.176,+0.020,+1.314)  |g|=1.326  dt=10ms    F
yaw=  +29.7°  pitch=  +50.5°  roll=   -8.5°  raw=( 7667, 5742, 3674)  acc=(+0.235,+0.040,+1.255)  |g|=1.277  dt=11ms    F
yaw=  +28.5°  pitch=  +51.5°  roll=  -10.0°  raw=( 7466, 5719, 3740)  acc=(+0.373,+0.099,+1.216)  |g|=1.275  dt=10ms    F
yaw=  +27.7°  pitch=  +52.4°  roll=  -11.8°  raw=( 7108, 5758, 4032)  acc=(+0.510,+0.198,+1.137)  |g|=1.262  dt=10ms    F
yaw=  +27.3°  pitch=  +53.3°  roll=  -13.8°  raw=( 6904, 5858, 4575)  acc=(+0.627,+0.218,+1.098)  |g|=1.283  dt=11ms    F
yaw=  +27.3°  pitch=  +54.1°  roll=  -15.9°  raw=( 6816, 5921, 5178)  acc=(+0.686,+0.238,+1.118)  |g|=1.333  dt=11ms    F
yaw=  +27.8°  pitch=  +54.8°  roll=  -18.2°  raw=( 6714, 5882, 5742)  acc=(+0.716,+0.158,+1.118)  |g|=1.337  dt=11ms    F
yaw=  +28.7°  pitch=  +55.9°  roll=  -20.4°  raw=( 7029, 5452, 6533)  acc=(+0.725,+0.139,+0.961)  |g|=1.212  dt=11ms    F
yaw=  +29.6°  pitch=  +57.2°  roll=  -22.5°  raw=( 7525, 5264, 6842)  acc=(+0.725,+0.099,+0.922)  |g|=1.177  dt=11ms    F
yaw=  +30.4°  pitch=  +58.7°  roll=  -24.1°  raw=( 8086, 5167, 7096)  acc=(+0.745,+0.099,+0.980)  |g|=1.235  dt=11ms    F
yaw=  +31.3°  pitch=  +60.2°  roll=  -25.6°  raw=( 8346, 5086, 7363)  acc=(+0.794,+0.079,+0.961)  |g|=1.249  dt=10ms    F
yaw=  +32.6°  pitch=  +61.6°  roll=  -27.3°  raw=( 8249, 5095, 7774)  acc=(+0.814,+0.099,+0.961)  |g|=1.263  dt=10ms    F
yaw=  +34.5°  pitch=  +63.0°  roll=  -29.4°  raw=( 8070, 5210, 8266)  acc=(+0.843,+0.099,+0.922)  |g|=1.253  dt=11ms    F
yaw=  +37.0°  pitch=  +64.2°  roll=  -31.8°  raw=( 7847, 5311, 8849)  acc=(+0.833,+0.059,+0.843)  |g|=1.187  dt=11ms    F
yaw=  +40.1°  pitch=  +65.4°  roll=  -34.5°  raw=( 7863, 5423, 9404)  acc=(+0.745,-0.020,+0.804)  |g|=1.096  dt=11ms    F
yaw=  +43.2°  pitch=  +66.5°  roll=  -36.9°  raw=( 8112, 5544, 9785)  acc=(+0.637,-0.139,+0.843)  |g|=1.066  dt=11ms    F
yaw=  +42.3°  pitch=  +65.5°  roll=  -36.5°  raw=( 8311, 5607, 9981)  acc=(+0.412,-0.178,+0.902)  |g|=1.007  dt=10ms    F
yaw=  +41.9°  pitch=  +64.7°  roll=  -36.4°  raw=( 8232, 5540, 9859)  acc=(+0.422,-0.238,+0.922)  |g|=1.041  dt=11ms    F
yaw=  +41.5°  pitch=  +63.9°  roll=  -36.4°  raw=( 8197, 5388, 9830)  acc=(+0.510,-0.218,+0.882)  |g|=1.042  dt=11ms    F
yaw=  +41.4°  pitch=  +63.4°  roll=  -36.6°  raw=( 8546, 5101,10263)  acc=(+0.549,-0.238,+0.804)  |g|=1.002  dt=11ms    F
yaw=  +41.6°  pitch=  +63.0°  roll=  -36.9°  raw=( 8558, 5111,10581)  acc=(+0.490,-0.277,+0.725)  |g|=0.918  dt=11ms    F
yaw=  +45.1°  pitch=  +64.3°  roll=  -39.2°  raw=( 8472, 5318,10852)  acc=(+0.402,-0.317,+0.686)  |g|=0.856  dt=11ms    F
yaw=  +48.6°  pitch=  +65.3°  roll=  -41.3°  raw=( 8292, 5634,11055)  acc=(+0.255,-0.416,+0.608)  |g|=0.779  dt=10ms    F
yaw=  +52.1°  pitch=  +66.0°  roll=  -43.5°  raw=( 8055, 6040,11066)  acc=(+0.049,-0.515,+0.627)  |g|=0.813  dt=10ms    F
yaw=  +55.4°  pitch=  +66.4°  roll=  -45.6°  raw=( 7920, 6349,10826)  acc=(-0.049,-0.574,+0.745)  |g|=0.942  dt=10ms    F
yaw=  +58.9°  pitch=  +66.8°  roll=  -48.0°  raw=( 7810, 6375,10474)  acc=(-0.078,-0.634,+0.804)  |g|=1.027  dt=11ms    F
yaw=  +59.1°  pitch=  +66.0°  roll=  -47.3°  raw=( 7687, 6218,10172)  acc=(-0.029,-0.634,+0.745)  |g|=0.979  dt=10ms    F
yaw=  +62.7°  pitch=  +66.4°  roll=  -50.1°  raw=( 7748, 6134, 9981)  acc=(+0.039,-0.594,+0.647)  |g|=0.879  dt=11ms    F
yaw=  +65.9°  pitch=  +66.8°  roll=  -52.7°  raw=( 8008, 6127, 9919)  acc=(+0.088,-0.554,+0.627)  |g|=0.842  dt=10ms    F
yaw=  +69.3°  pitch=  +67.2°  roll=  -55.2°  raw=( 8097, 6207,10039)  acc=(+0.078,-0.535,+0.608)  |g|=0.813  dt=10ms    F
yaw=  +72.9°  pitch=  +67.5°  roll=  -57.9°  raw=( 7964, 6337,10166)  acc=(+0.059,-0.554,+0.569)  |g|=0.796  dt=11ms    F
yaw=  +76.2°  pitch=  +67.5°  roll=  -60.3°  raw=( 7833, 6542,10291)  acc=(+0.000,-0.574,+0.510)  |g|=0.768  dt=10ms    F
yaw=  +79.0°  pitch=  +67.5°  roll=  -62.1°  raw=( 7857, 7025,10246)  acc=(-0.216,-0.653,+0.392)  |g|=0.792  dt=11ms    F
