Connected to Wiimote.
MotionPlus activated.
Calibration complete placeholder
================================================================================
Wiimote Console Debugger - Orientation in degrees
  H = Home button pressed (yaw reset)
================================================================================
yaw=  +11.3°  pitch=  +10.6°  roll=  -23.7°  raw=( 7931, 8254, 6927)  acc=(+0.863,+0.020,+0.980)  |g|=1.306  dt=10ms    F
yaw=  +10.9°  pitch=  +10.7°  roll=  -23.7°  raw=( 8081, 8056, 7453)  acc=(+0.951,+0.020,+0.961)  |g|=1.352  dt=10ms    F
yaw=  +10.9°  pitch=  +10.8°  roll=  -23.8°  raw=( 8057, 7960, 8053)  acc=(+1.029,+0.040,+0.961)  |g|=1.409  dt=10ms    F
yaw=  +11.5°  pitch=  +11.1°  roll=  -23.5°  raw=( 8647, 7779, 9485)  acc=(+0.980,+0.020,+1.020)  |g|=1.415  dt=10ms    F
yaw=  +12.5°  pitch=  +11.5°  roll=  -23.2°  raw=( 8798, 7631,10090)  acc=(+0.765,-0.059,+1.059)  |g|=1.307  dt=10ms    F
yaw=  +13.7°  pitch=  +11.9°  roll=  -23.1°  raw=( 8562, 7529,10410)  acc=(+0.637,-0.099,+1.059)  |g|=1.240  dt=10ms    F
yaw=  +15.0°  pitch=  +12.2°  roll=  -23.2°  raw=( 8203, 7488,10576)  acc=(+0.637,-0.079,+1.098)  |g|=1.272  dt=10ms    F
yaw=  +16.5°  pitch=  +12.6°  roll=  -23.4°  raw=( 7949, 7362,10847)  acc=(+0.676,-0.079,+1.059)  |g|=1.259  dt=10ms    F
yaw=  +18.2°  pitch=  +13.1°  roll=  -23.7°  raw=( 7915, 7163,11194)  acc=(+0.657,-0.079,+1.039)  |g|=1.232  dt=10ms    F
yaw=  +20.1°  pitch=  +13.7°  roll=  -24.0°  raw=( 7923, 6944,11570)  acc=(+0.667,-0.079,+1.020)  |g|=1.221  dt=10ms    F
yaw=  +22.3°  pitch=  +14.5°  roll=  -24.4°  raw=( 7959, 6689,11973)  acc=(+0.667,-0.079,+0.922)  |g|=1.140  dt=11ms    F
yaw=  +24.7°  pitch=  +15.3°  roll=  -24.7°  raw=( 8212, 6525,12426)  acc=(+0.637,-0.040,+0.941)  |g|=1.137  dt=10ms    F
yaw=  +27.3°  pitch=  +16.3°  roll=  -25.0°  raw=( 8472, 6374,12940)  acc=(+0.520,-0.020,+0.843)  |g|=0.991  dt=10ms    F
yaw=  +29.5°  pitch=  +16.1°  roll=  -25.4°  raw=( 8635, 6254,13386)  acc=(+0.382,-0.059,+0.784)  |g|=0.875  dt=10ms    F
yaw=  +32.6°  pitch=  +17.2°  roll=  -25.7°  raw=( 8654, 6225,13580)  acc=(+0.245,-0.040,+0.627)  |g|=0.675  dt=11ms    F
yaw=  +35.6°  pitch=  +18.1°  roll=  -26.0°  raw=( 8634, 6363,13733)  acc=(+0.294,+0.000,+0.510)  |g|=0.589  dt=10ms    F
yaw=  +38.8°  pitch=  +19.0°  roll=  -26.3°  raw=( 8712, 6627,14063)  acc=(+0.314,+0.040,+0.451)  |g|=0.551  dt=10ms    F
yaw=  +42.2°  pitch=  +19.7°  roll=  -26.5°  raw=( 8791, 6955,14483)  acc=(+0.186,+0.059,+0.373)  |g|=0.421  dt=10ms    F
yaw=  +45.8°  pitch=  +20.2°  roll=  -26.5°  raw=( 8653, 7494,14840)  acc=(-0.137,+0.020,+0.392)  |g|=0.416  dt=10ms    F
yaw=  +49.4°  pitch=  +20.3°  roll=  -26.5°  raw=( 8439, 8131,14788)  acc=(-0.490,-0.198,+0.412)  |g|=0.670  dt=10ms    F
yaw=  +52.6°  pitch=  +20.1°  roll=  -26.3°  raw=( 7984, 8721,14176)  acc=(-0.637,-0.337,+0.451)  |g|=0.850  dt=10ms    F
yaw=  +55.2°  pitch=  +19.6°  roll=  -25.9°  raw=( 7677, 9256,13338)  acc=(-0.647,-0.455,+0.471)  |g|=0.921  dt=10ms    F
yaw=  +57.0°  pitch=  +18.8°  roll=  -25.3°  raw=( 7701, 9933,11898)  acc=(-0.520,-0.416,+0.510)  |g|=0.838  dt=10ms    F
yaw=  +58.4°  pitch=  +18.2°  roll=  -24.3°  raw=( 7949,10186,11345)  acc=(-0.480,-0.376,+0.529)  |g|=0.808  dt=11ms    F
yaw=  +59.6°  pitch=  +17.3°  roll=  -23.3°  raw=( 7776,10519,10873)  acc=(-0.363,-0.277,+0.529)  |g|=0.699  dt=11ms    F
yaw=  +60.6°  pitch=  +16.3°  roll=  -22.0°  raw=( 7579,10988,10627)  acc=(-0.392,-0.257,+0.549)  |g|=0.722  dt=11ms    F
yaw=  +61.4°  pitch=  +14.9°  roll=  -20.6°  raw=( 7227,11558,10316)  acc=(-0.500,-0.297,+0.725)  |g|=0.930  dt=10ms    F
yaw=  +62.4°  pitch=  +14.4°  roll=  -18.4°  raw=( 6735,11878, 9785)  acc=(-0.598,-0.356,+0.941)  |g|=1.171  dt=11ms    F
yaw=  +62.6°  pitch=  +12.7°  roll=  -17.0°  raw=( 6612,11865, 9159)  acc=(-0.676,-0.416,+1.059)  |g|=1.323  dt=11ms    F
yaw=  +62.4°  pitch=  +11.1°  roll=  -15.7°  raw=( 6586,11588, 8401)  acc=(-0.637,-0.376,+1.078)  |g|=1.308  dt=11ms    F
yaw=  +61.9°  pitch=   +9.6°  roll=  -14.5°  raw=( 6729,11310, 7692)  acc=(-0.529,-0.297,+1.059)  |g|=1.220  dt=11ms    F
yaw=  +61.2°  pitch=   +8.1°  roll=  -13.5°  raw=( 6683,11125, 7106)  acc=(-0.343,-0.158,+1.020)  |g|=1.087  dt=11ms    F
yaw=  +60.3°  pitch=   +6.6°  roll=  -12.5°  raw=( 6597,11015, 6851)  acc=(-0.196,-0.040,+0.961)  |g|=0.981  dt=11ms    F
yaw=  +59.5°  pitch=   +5.6°  roll=  -10.8°  raw=( 6699,10982, 6820)  acc=(-0.147,-0.020,+0.980)  |g|=0.992  dt=11ms    F
yaw=  +58.6°  pitch=   +4.0°  roll=  -10.0°  raw=( 6566,10971, 6707)  acc=(-0.216,-0.020,+1.137)  |g|=1.158  dt=11ms    F
yaw=  +57.7°  pitch=   +2.6°  roll=   -9.2°  raw=( 6582,10722, 6512)  acc=(-0.176,-0.040,+1.176)  |g|=1.190  dt=10ms    F
yaw=  +56.7°  pitch=   +1.3°  roll=   -8.6°  raw=( 6772,10356, 6350)  acc=(-0.176,-0.040,+1.098)  |g|=1.113  dt=11ms    F
yaw=  +55.5°  pitch=   +0.1°  roll=   -8.1°  raw=( 6836,10121, 6214)  acc=(-0.225,-0.079,+0.961)  |g|=0.990  dt=11ms    F
yaw=  +54.5°  pitch=   -0.4°  roll=   -7.1°  raw=( 6820,10129, 5967)  acc=(-0.304,-0.099,+0.941)  |g|=0.994  dt=10ms    F
yaw=  +53.1°  pitch=   -1.0°  roll=   -6.1°  raw=( 6712,10228, 5575)  acc=(-0.216,-0.059,+0.980)  |g|=1.006  dt=11ms    F
yaw=  +51.6°  pitch=   -1.7°  roll=   -5.3°  raw=( 6678,10131, 5274)  acc=(-0.078,+0.000,+1.039)  |g|=1.042  dt=10ms    F
yaw=  +49.9°  pitch=   -2.5°  roll=   -4.6°  raw=( 7081, 9797, 5174)  acc=(+0.059,+0.059,+1.078)  |g|=1.082  dt=11ms    F
yaw=  +48.3°  pitch=   -3.2°  roll=   -4.2°  raw=( 7709, 9431, 5261)  acc=(+0.029,+0.079,+1.098)  |g|=1.101  dt=11ms    F
yaw=  +46.7°  pitch=   -3.6°  roll=   -3.8°  raw=( 8027, 9219, 5343)  acc=(-0.098,+0.040,+1.098)  |g|=1.103  dt=11ms    F
yaw=  +45.2°  pitch=   -4.1°  roll=   -3.5°  raw=( 7851, 9238, 5252)  acc=(-0.118,+0.040,+1.137)  |g|=1.144  dt=10ms    F
yaw=  +43.5°  pitch=   -4.7°  roll=   -3.4°  raw=( 7582, 9121, 5018)  acc=(-0.098,+0.020,+1.176)  |g|=1.181  dt=10ms    F
yaw=  +41.7°  pitch=   -5.2°  roll=   -3.3°  raw=( 7529, 9002, 4899)  acc=(-0.049,+0.059,+1.216)  |g|=1.218  dt=11ms    F
yaw=  +39.8°  pitch=   -5.6°  roll=   -3.3°  raw=( 7658, 8751, 4825)  acc=(-0.039,+0.059,+1.216)  |g|=1.218  dt=11ms    F
yaw=  +37.9°  pitch=   -5.9°  roll=   -3.4°  raw=( 7741, 8589, 4796)  acc=(-0.078,+0.020,+1.235)  |g|=1.238  dt=11ms    F
yaw=  +36.0°  pitch=   -6.2°  roll=   -3.5°  raw=( 7563, 8460, 4671)  acc=(-0.108,+0.000,+1.255)  |g|=1.260  dt=10ms    F
yaw=  +33.8°  pitch=   -6.5°  roll=   -3.8°  raw=( 7481, 8273, 4440)  acc=(-0.108,+0.000,+1.255)  |g|=1.260  dt=11ms    F
yaw=  +31.6°  pitch=   -6.6°  roll=   -4.2°  raw=( 7468, 8105, 4250)  acc=(-0.088,+0.000,+1.255)  |g|=1.258  dt=11ms    F
yaw=  +29.3°  pitch=   -6.7°  roll=   -4.5°  raw=( 7540, 7939, 4034)  acc=(-0.039,+0.020,+1.255)  |g|=1.256  dt=11ms    F
yaw=  +26.8°  pitch=   -6.6°  roll=   -4.9°  raw=( 7640, 7740, 3833)  acc=(+0.029,+0.059,+1.314)  |g|=1.315  dt=11ms    F
yaw=  +24.3°  pitch=   -6.3°  roll=   -5.2°  raw=( 7756, 7484, 3763)  acc=(+0.078,+0.079,+1.314)  |g|=1.318  dt=11ms    F
yaw=  +21.8°  pitch=   -6.0°  roll=   -5.7°  raw=( 7557, 7258, 3853)  acc=(+0.127,+0.079,+1.294)  |g|=1.303  dt=11ms    F
yaw=  +19.4°  pitch=   -5.6°  roll=   -6.3°  raw=( 7410, 7187, 3897)  acc=(+0.147,+0.059,+1.294)  |g|=1.304  dt=10ms    F
yaw=  +17.0°  pitch=   -5.1°  roll=   -7.0°  raw=( 7223, 7053, 3879)  acc=(+0.176,+0.059,+1.255)  |g|=1.269  dt=11ms    F
yaw=  +14.5°  pitch=   -4.6°  roll=   -7.6°  raw=( 7298, 6875, 3912)  acc=(+0.216,+0.079,+1.216)  |g|=1.237  dt=11ms    F
yaw=  +12.1°  pitch=   -3.8°  roll=   -8.1°  raw=( 7610, 6692, 3934)  acc=(+0.255,+0.099,+1.235)  |g|=1.265  dt=11ms    F
yaw=   +9.8°  pitch=   -2.9°  roll=   -8.5°  raw=( 7831, 6483, 4000)  acc=(+0.343,+0.139,+1.235)  |g|=1.290  dt=11ms    F
yaw=   +7.6°  pitch=   -1.9°  roll=   -8.6°  raw=( 8127, 6215, 4182)  acc=(+0.431,+0.178,+1.235)  |g|=1.321  dt=10ms    F
yaw=   +5.6°  pitch=   -0.7°  roll=   -8.7°  raw=( 8352, 6019, 4487)  acc=(+0.549,+0.178,+1.157)  |g|=1.293  dt=10ms    F
yaw=   +3.8°  pitch=   +0.5°  roll=   -8.6°  raw=( 8430, 6007, 4928)  acc=(+0.520,+0.158,+1.137)  |g|=1.260  dt=10ms    F
yaw=   +2.3°  pitch=   +1.6°  roll=   -8.6°  raw=( 8275, 6110, 5299)  acc=(+0.480,+0.139,+1.137)  |g|=1.242  dt=10ms    F
yaw=   +0.9°  pitch=   +2.7°  roll=   -8.7°  raw=( 7985, 6195, 5560)  acc=(+0.490,+0.099,+1.137)  |g|=1.242  dt=10ms    F
yaw=   -0.5°  pitch=   +3.9°  roll=   -8.8°  raw=( 7950, 6154, 5747)  acc=(+0.559,+0.158,+1.157)  |g|=1.294  dt=11ms    F
yaw=   -1.7°  pitch=   +5.1°  roll=   -8.8°  raw=( 8037, 5997, 5959)  acc=(+0.637,+0.218,+1.176)  |g|=1.356  dt=10ms    F
yaw=   -2.8°  pitch=   +6.4°  roll=   -8.7°  raw=( 8335, 5720, 6229)  acc=(+0.716,+0.238,+1.216)  |g|=1.431  dt=10ms    F
yaw=   -3.7°  pitch=   +7.9°  roll=   -8.3°  raw=( 8727, 5361, 6550)  acc=(+0.794,+0.277,+1.216)  |g|=1.478  dt=10ms    F
yaw=   -4.2°  pitch=   +9.6°  roll=   -7.6°  raw=( 9072, 4999, 7421)  acc=(+0.765,+0.198,+1.059)  |g|=1.321  dt=10ms    F
yaw=   -4.5°  pitch=  +11.2°  roll=   -7.2°  raw=( 8682, 5215, 7845)  acc=(+0.657,+0.139,+1.020)  |g|=1.221  dt=10ms    F
yaw=   -4.5°  pitch=  +12.6°  roll=   -7.1°  raw=( 8041, 5630, 8149)  acc=(+0.539,+0.079,+0.980)  |g|=1.122  dt=11ms    F
yaw=   -4.4°  pitch=  +13.9°  roll=   -7.4°  raw=( 7429, 5983, 8308)  acc=(+0.539,+0.040,+0.980)  |g|=1.120  dt=10ms    F
yaw=   -4.1°  pitch=  +15.0°  roll=   -7.9°  raw=( 7246, 6148, 8501)  acc=(+0.510,+0.020,+1.039)  |g|=1.158  dt=11ms    F
yaw=   -3.7°  pitch=  +16.2°  roll=   -8.2°  raw=( 7356, 6084, 8618)  acc=(+0.500,+0.000,+1.059)  |g|=1.171  dt=11ms    F
yaw=   -3.4°  pitch=  +17.5°  roll=   -8.5°  raw=( 7592, 5887, 8686)  acc=(+0.549,+0.000,+1.078)  |g|=1.210  dt=10ms    F
yaw=   -3.1°  pitch=  +18.9°  roll=   -8.4°  raw=( 8040, 5560, 8826)  acc=(+0.578,-0.020,+1.020)  |g|=1.172  dt=10ms    F
yaw=   -2.7°  pitch=  +20.5°  roll=   -8.1°  raw=( 8492, 5271, 8974)  acc=(+0.500,-0.020,+0.961)  |g|=1.083  dt=10ms    F
yaw=   -2.4°  pitch=  +22.1°  roll=   -7.7°  raw=( 8716, 5131, 9078)  acc=(+0.539,-0.059,+0.941)  |g|=1.086  dt=10ms    F
yaw=   -1.9°  pitch=  +23.8°  roll=   -7.3°  raw=( 8670, 5098, 9300)  acc=(+0.549,-0.099,+0.863)  |g|=1.027  dt=10ms    F
yaw=   -1.4°  pitch=  +24.7°  roll=   -8.2°  raw=( 8489, 5208, 9549)  acc=(+0.510,-0.119,+0.765)  |g|=0.927  dt=11ms    F
yaw=   -0.6°  pitch=  +26.2°  roll=   -8.1°  raw=( 8265, 5469, 9787)  acc=(+0.461,-0.158,+0.725)  |g|=0.874  dt=11ms    F
yaw=   +0.5°  pitch=  +27.4°  roll=   -8.2°  raw=( 7978, 5836,10029)  acc=(+0.441,-0.158,+0.667)  |g|=0.815  dt=10ms    F
yaw=   +1.7°  pitch=  +28.5°  roll=   -8.5°  raw=( 7706, 6209,10257)  acc=(+0.392,-0.218,+0.647)  |g|=0.787  dt=10ms    F
yaw=   +3.3°  pitch=  +29.4°  roll=   -8.9°  raw=( 7621, 6664,10655)  acc=(+0.363,-0.218,+0.686)  |g|=0.806  dt=11ms    F
yaw=   +4.9°  pitch=  +30.2°  roll=   -9.0°  raw=( 8003, 6590,10843)  acc=(+0.265,-0.297,+0.725)  |g|=0.827  dt=11ms    F
yaw=   +6.5°  pitch=  +31.1°  roll=   -9.3°  raw=( 7881, 6667,10842)  acc=(+0.294,-0.277,+0.686)  |g|=0.796  dt=10ms    F
yaw=   +8.1°  pitch=  +31.8°  roll=   -9.5°  raw=( 7945, 6714,10954)  acc=(+0.284,-0.257,+0.608)  |g|=0.719  dt=10ms    F
yaw=   +9.8°  pitch=  +32.5°  roll=   -9.8°  raw=( 7968, 6859,11157)  acc=(+0.255,-0.297,+0.529)  |g|=0.658  dt=10ms    F
yaw=  +11.7°  pitch=  +33.0°  roll=  -10.1°  raw=( 7726, 7212,11276)  acc=(+0.284,-0.297,+0.471)  |g|=0.625  dt=10ms    F
yaw=  +13.7°  pitch=  +33.2°  roll=  -10.7°  raw=( 7366, 7631,11522)  acc=(+0.284,-0.257,+0.431)  |g|=0.577  dt=10ms    F
yaw=  +16.1°  pitch=  +33.2°  roll=  -11.3°  raw=( 7193, 8052,11862)  acc=(+0.245,-0.277,+0.333)  |g|=0.498  dt=11ms    F
yaw=  +18.6°  pitch=  +32.8°  roll=  -11.8°  raw=( 7189, 8520,12189)  acc=(+0.069,-0.317,+0.235)  |g|=0.401  dt=10ms    F
yaw=  +21.1°  pitch=  +32.2°  roll=  -12.2°  raw=( 7216, 9116,12254)  acc=(-0.186,-0.396,+0.294)  |g|=0.527  dt=11ms    F
yaw=  +23.3°  pitch=  +31.2°  roll=  -12.5°  raw=( 7079, 9653,11954)  acc=(-0.373,-0.455,+0.490)  |g|=0.766  dt=10ms    F
