Connected to Wiimote.
MotionPlus activated.
Calibration complete placeholder
================================================================================
Wiimote Console Debugger - Orientation in degrees
  H = Home button pressed (yaw reset)
================================================================================
yaw= +175.8°  pitch=  +60.0°  roll=   -0.8°  raw=( 4438, 5136, 6179)  acc=(-0.353,+0.059,+1.980)  |g|=2.012  dt=11ms    F
yaw= +171.7°  pitch=  +57.5°  roll=   +2.5°  raw=( 4708, 4179, 5929)  acc=(-0.490,+0.000,+1.824)  |g|=1.888  dt=11ms    F
yaw= +168.2°  pitch=  +54.6°  roll=   +4.9°  raw=( 4781, 3443, 5496)  acc=(-0.549,-0.119,+1.608)  |g|=1.703  dt=11ms    F
yaw= +165.7°  pitch=  +51.4°  roll=   +5.5°  raw=( 6161, 2521, 4321)  acc=(-0.510,-0.277,+1.725)  |g|=1.820  dt=10ms    F
yaw= +163.5°  pitch=  +48.0°  roll=   +5.2°  raw=( 6834, 2006, 3658)  acc=(-0.529,-0.158,+1.902)  |g|=1.981  dt=10ms    F
yaw= +161.3°  pitch=  +44.4°  roll=   +4.3°  raw=( 7186, 1467, 2913)  acc=(-0.284,+0.020,+1.961)  |g|=1.981  dt=10ms    F
yaw= +159.0°  pitch=  +40.6°  roll=   +3.3°  raw=( 7032,  969, 2548)  acc=(+0.039,+0.020,+1.569)  |g|=1.569  dt=10ms    F
yaw= +156.5°  pitch=  +36.8°  roll=   +2.4°  raw=( 6598, 1146, 2560)  acc=(+0.373,+0.059,+1.275)  |g|=1.329  dt=10ms    F
yaw= +154.1°  pitch=  +33.3°  roll=   +1.7°  raw=( 6357, 1703, 2929)  acc=(+0.559,+0.119,+1.510)  |g|=1.614  dt=10ms    F
yaw= +151.8°  pitch=  +29.6°  roll=   +1.1°  raw=( 5837, 1665, 3410)  acc=(+0.539,+0.317,+1.471)  |g|=1.598  dt=10ms    F
yaw= +149.8°  pitch=  +25.7°  roll=   +0.0°  raw=( 6266, 1112, 3483)  acc=(+0.912,+0.436,+1.294)  |g|=1.642  dt=10ms    F
yaw= +148.3°  pitch=  +21.8°  roll=   -1.8°  raw=( 6935, 6457, 4022)  acc=(+1.098,+0.515,+1.020)  |g|=1.584  dt=10ms    F
yaw= +147.1°  pitch=  +17.9°  roll=   -4.0°  raw=( 7640, 6393, 4480)  acc=(+1.059,+0.574,+0.882)  |g|=1.493  dt=10ms    F
yaw= +145.8°  pitch=  +14.0°  roll=   -6.1°  raw=( 7294, 6398, 4729)  acc=(+1.039,+0.634,+0.647)  |g|=1.378  dt=10ms    F
yaw= +144.2°  pitch=   +9.9°  roll=   -8.1°  raw=( 6648, 6447, 4764)  acc=(+1.196,+0.733,+0.392)  |g|=1.456  dt=11ms    F
yaw= +142.6°  pitch=   +5.7°  roll=   -9.8°  raw=( 6300, 6487, 4871)  acc=(+1.451,+0.931,+0.078)  |g|=1.726  dt=11ms    F
yaw= +141.1°  pitch=   +1.8°  roll=  -11.7°  raw=( 6495,  634, 5229)  acc=(+1.676,+1.089,-0.275)  |g|=2.018  dt=11ms    F
yaw= +139.8°  pitch=   -1.6°  roll=  -13.9°  raw=( 7132,  908, 5798)  acc=(+1.725,+1.089,-0.412)  |g|=2.082  dt=10ms    F
yaw= +138.6°  pitch=   -4.7°  roll=  -16.0°  raw=( 7328, 1318, 6319)  acc=(+1.657,+1.050,-0.588)  |g|=2.048  dt=10ms    F
yaw= +137.6°  pitch=   -7.7°  roll=  -17.8°  raw=( 7043, 2000, 6640)  acc=(+1.618,+1.010,-0.804)  |g|=2.070  dt=10ms    F
yaw= +136.7°  pitch=  -10.4°  roll=  -19.3°  raw=( 6729, 2892, 6930)  acc=(+1.608,+0.950,-0.922)  |g|=2.083  dt=11ms    F
