Connected to Wiimote.
MotionPlus activated.
Calibration complete placeholder
================================================================================
Wiimote Console Debugger - Orientation in degrees
  H = Home button pressed (yaw reset)
================================================================================
yaw=  +65.1°  pitch=  +20.6°  roll=   -0.3°  raw=( 8601, 7357, 8819)  acc=(-0.941,-0.198,+0.941)  |g|=1.346  dt=10ms    F
yaw=  +65.3°  pitch=  +21.1°  roll=   -0.6°  raw=( 8862, 7286, 8326)  acc=(-1.049,-0.218,+1.020)  |g|=1.479  dt=10ms    F
yaw=  +65.2°  pitch=  +21.7°  roll=   -1.0°  raw=( 8747, 7200, 7731)  acc=(-1.314,-0.317,+1.059)  |g|=1.717  dt=10ms    F
yaw=  +64.7°  pitch=  +22.2°  roll=   -1.5°  raw=( 8684, 7059, 6766)  acc=(-1.578,-0.475,+1.059)  |g|=1.959  dt=10ms    F
yaw=  +63.4°  pitch=  +22.7°  roll=   -2.0°  raw=( 8628, 6891, 5461)  acc=(-1.657,-0.475,+0.863)  |g|=1.928  dt=10ms    F
yaw=  +61.4°  pitch=  +23.2°  roll=   -2.5°  raw=( 8458, 7089, 4136)  acc=(-1.529,-0.337,+0.686)  |g|=1.710  dt=10ms    F
yaw=  +58.8°  pitch=  +23.4°  roll=   -2.7°  raw=( 8340, 7646, 3133)  acc=(-1.412,-0.139,+0.686)  |g|=1.576  dt=10ms    F
yaw=  +55.8°  pitch=  +23.4°  roll=   -2.7°  raw=( 8210, 8240, 2357)  acc=(-1.324,+0.040,+0.784)  |g|=1.539  dt=10ms    F
yaw=  +52.3°  pitch=  +23.4°  roll=   -2.4°  raw=( 8336, 8508, 1692)  acc=(-1.206,+0.059,+0.863)  |g|=1.484  dt=10ms    F
yaw=  +48.4°  pitch=  +23.4°  roll=   -2.1°  raw=( 8559, 8611, 1148)  acc=(-1.235,+0.040,+0.902)  |g|=1.530  dt=10ms    F
yaw=  +43.9°  pitch=  +23.4°  roll=   -1.7°  raw=( 8608, 8711, 6494)  acc=(-1.392,+0.000,+0.863)  |g|=1.638  dt=11ms    F
yaw=  +38.9°  pitch=  +23.2°  roll=   -1.2°  raw=( 8433, 8943, 6300)  acc=(-1.480,+0.099,+0.882)  |g|=1.726  dt=11ms    F
yaw=  +33.2°  pitch=  +22.5°  roll=   -1.1°  raw=( 7599, 9358, 5888)  acc=(-1.363,+0.535,+0.961)  |g|=1.751  dt=10ms    F
yaw=  +27.2°  pitch=  +21.8°  roll=   -1.1°  raw=( 7366, 9248, 5730)  acc=(-1.020,+0.713,+0.941)  |g|=1.560  dt=10ms    F
yaw=  +21.2°  pitch=  +21.2°  roll=   -1.2°  raw=( 7520, 9073, 5713)  acc=(-0.775,+0.713,+0.922)  |g|=1.399  dt=10ms    F
yaw=  +15.3°  pitch=  +20.8°  roll=   -1.4°  raw=( 7642, 8958, 5724)  acc=(-0.520,+0.713,+0.941)  |g|=1.290  dt=10ms    F
yaw=   +9.5°  pitch=  +20.4°  roll=   -1.5°  raw=( 7827, 8884, 5793)  acc=(-0.520,+0.673,+1.039)  |g|=1.343  dt=10ms    F
yaw=   +3.6°  pitch=  +20.1°  roll=   -1.7°  raw=( 7745, 8650, 5811)  acc=(-0.245,+0.653,+1.059)  |g|=1.268  dt=11ms    F
yaw=   -2.0°  pitch=  +20.0°  roll=   -1.8°  raw=( 7937, 8310, 5872)  acc=(-0.078,+0.614,+1.137)  |g|=1.295  dt=10ms    F
yaw=   -7.3°  pitch=  +20.2°  roll=   -1.6°  raw=( 8324, 7812, 5957)  acc=(+0.206,+0.653,+1.157)  |g|=1.345  dt=10ms    F
yaw=  -12.7°  pitch=  +20.7°  roll=   -1.0°  raw=( 9033, 7148, 6065)  acc=(+0.500,+0.594,+1.157)  |g|=1.393  dt=10ms    F
yaw=  -18.0°  pitch=  +21.3°  roll=   +0.2°  raw=( 9894, 6616, 6235)  acc=(+0.412,+0.495,+1.196)  |g|=1.358  dt=10ms    F
yaw=  -23.2°  pitch=  +21.8°  roll=   +1.7°  raw=(10149, 6282, 6303)  acc=(+0.500,+0.495,+1.137)  |g|=1.337  dt=10ms    F
yaw=  -28.3°  pitch=  +22.4°  roll=   +3.3°  raw=(10099, 6162, 6358)  acc=(+0.765,+0.574,+1.039)  |g|=1.412  dt=10ms    F
yaw=  -33.3°  pitch=  +22.8°  roll=   +4.9°  raw=(10069, 6240, 6508)  acc=(+0.951,+0.634,+0.961)  |g|=1.493  dt=11ms    F
yaw=  -37.7°  pitch=  +22.9°  roll=   +6.5°  raw=(10104, 6439, 1431)  acc=(+1.069,+0.634,+1.039)  |g|=1.620  dt=11ms    F
yaw=  -41.5°  pitch=  +23.0°  roll=   +7.9°  raw=( 9792, 6617, 2226)  acc=(+1.147,+0.614,+1.059)  |g|=1.677  dt=10ms    F
yaw=  -44.7°  pitch=  +23.1°  roll=   +8.9°  raw=( 9337, 6837, 2988)  acc=(+1.225,+0.614,+1.000)  |g|=1.697  dt=11ms    F
yaw=  -47.5°  pitch=  +23.2°  roll=   +9.8°  raw=( 8994, 7077, 3802)  acc=(+1.196,+0.614,+1.020)  |g|=1.687  dt=11ms    F
yaw=  -49.3°  pitch=  +23.4°  roll=  +10.3°  raw=( 8370, 7318, 5384)  acc=(+1.127,+0.475,+1.039)  |g|=1.605  dt=11ms    F
yaw=  -50.7°  pitch=  +23.7°  roll=  +10.6°  raw=( 8026, 7424, 5966)  acc=(+1.020,+0.376,+1.000)  |g|=1.477  dt=11ms    F
