Connected to Wiimote.
MotionPlus activated.
Calibration complete placeholder
================================================================================
Wiimote Console Debugger - Orientation in degrees
  H = Home button pressed (yaw reset)
================================================================================
yaw=  -63.4°  pitch=  +20.7°  roll=   -1.1°  raw=( 7454,10333, 4754)  acc=(-1.520,-0.040,-0.392)  |g|=1.570  dt=100ms    F
yaw=  -65.0°  pitch=  +21.5°  roll=   -4.0°  raw=( 4879,11822, 3683)  acc=(-1.922,-0.099,-0.431)  |g|=1.972  dt=11ms    F
yaw=  -66.7°  pitch=  +22.7°  roll=   -7.4°  raw=( 3945,12416, 2846)  acc=(-2.284,-0.178,-0.686)  |g|=2.392  dt=11ms    F
yaw=  -68.8°  pitch=  +24.2°  roll=  -11.4°  raw=( 3049,13307, 1518)  acc=(-2.500,-0.119,-1.059)  |g|=2.718  dt=10ms    F
yaw=  -71.5°  pitch=  +26.0°  roll=  -16.2°  raw=( 2560,14377, 6341)  acc=(-2.461,-0.079,-1.275)  |g|=2.772  dt=11ms    F
yaw=  -75.3°  pitch=  +27.1°  roll=  -21.4°  raw=( 3895,15630, 5755)  acc=(-2.314,+0.396,-1.039)  |g|=2.567  dt=11ms    F
yaw=  -79.9°  pitch=  +27.4°  roll=  -26.2°  raw=( 5930,15412, 5519)  acc=(-2.510,+0.594,-0.569)  |g|=2.641  dt=11ms    F
yaw=  -85.4°  pitch=  +26.9°  roll=  -30.2°  raw=( 8146,14776, 5265)  acc=(-2.353,+0.871,-0.020)  |g|=2.509  dt=11ms    F
yaw=  -91.6°  pitch=  +25.8°  roll=  -33.6°  raw=(10039,13729, 5085)  acc=(-2.108,+0.950,+0.529)  |g|=2.372  dt=10ms    F
yaw=  -98.2°  pitch=  +24.5°  roll=  -36.5°  raw=(10929,12752, 5046)  acc=(-1.578,+1.010,+0.686)  |g|=1.996  dt=10ms    F
yaw= -104.8°  pitch=  +23.1°  roll=  -39.3°  raw=(11410,12128, 5114)  acc=(-1.010,+0.950,+0.549)  |g|=1.491  dt=11ms    F
yaw= -111.0°  pitch=  +21.9°  roll=  -42.2°  raw=(11762,12061, 5301)  acc=(-0.627,+0.871,+0.549)  |g|=1.206  dt=11ms    F
yaw= -116.2°  pitch=  +21.0°  roll=  -45.1°  raw=(11684,12336, 5541)  acc=(-0.333,+0.832,+0.804)  |g|=1.204  dt=10ms    F
yaw= -121.1°  pitch=  +20.9°  roll=  -48.2°  raw=(10942,12676, 5789)  acc=(-0.137,+0.871,+1.137)  |g|=1.439  dt=11ms    F
yaw= -125.3°  pitch=  +21.5°  roll=  -51.0°  raw=( 9754,12840, 6035)  acc=(+0.069,+1.010,+1.314)  |g|=1.658  dt=10ms    F
yaw= -129.1°  pitch=  +22.8°  roll=  -53.3°  raw=( 8669,12807, 6272)  acc=(+0.284,+1.149,+1.451)  |g|=1.872  dt=10ms    F
yaw= -132.5°  pitch=  +24.4°  roll=  -55.3°  raw=( 8092,12628, 6497)  acc=(+0.402,+1.267,+1.647)  |g|=2.117  dt=10ms    F
yaw= -135.5°  pitch=  +26.1°  roll=  -56.8°  raw=( 7610,12322, 1297)  acc=(+0.588,+1.406,+1.784)  |g|=2.347  dt=10ms    F
yaw= -138.5°  pitch=  +28.1°  roll=  -57.8°  raw=( 6831,11942, 2005)  acc=(+0.765,+1.366,+1.843)  |g|=2.418  dt=10ms    F
