Connected to Wiimote.
MotionPlus activated.
Calibration complete placeholder
================================================================================
Wiimote Console Debugger - Orientation in degrees
  H = Home button pressed (yaw reset)
================================================================================
yaw= +132.9°  pitch=   +0.9°  roll=  -27.4°  raw=(10861, 8643, 7519)  acc=(-1.255,-0.337,+0.275)  |g|=1.328  dt=11ms    F
yaw= +132.4°  pitch=   +2.2°  roll=  -28.3°  raw=(11062, 8609, 7224)  acc=(-1.422,-0.356,+0.118)  |g|=1.470  dt=11ms    F
yaw= +131.5°  pitch=   +3.7°  roll=  -29.1°  raw=(11060, 8787, 6606)  acc=(-1.451,-0.337,-0.059)  |g|=1.491  dt=11ms    F
yaw= +130.5°  pitch=   +5.1°  roll=  -29.6°  raw=(10635, 9280, 6180)  acc=(-1.431,-0.238,-0.196)  |g|=1.464  dt=10ms    F
yaw= +129.3°  pitch=   +6.5°  roll=  -29.6°  raw=(10272, 9882, 5944)  acc=(-1.382,-0.139,-0.294)  |g|=1.420  dt=10ms    F
yaw= +128.0°  pitch=   +8.0°  roll=  -29.2°  raw=( 9906,10533, 5793)  acc=(-1.333,-0.119,-0.235)  |g|=1.359  dt=10ms    F
yaw= +126.4°  pitch=   +9.6°  roll=  -28.4°  raw=( 9540,11049, 5640)  acc=(-1.363,-0.158,-0.098)  |g|=1.375  dt=11ms    F
yaw= +124.9°  pitch=  +11.1°  roll=  -27.6°  raw=( 9505,11014, 5539)  acc=(-1.529,-0.218,-0.137)  |g|=1.551  dt=10ms    F
yaw= +123.1°  pitch=  +12.5°  roll=  -26.6°  raw=( 9220,11212, 5293)  acc=(-1.706,-0.238,-0.255)  |g|=1.741  dt=10ms    F
yaw= +121.0°  pitch=  +13.7°  roll=  -25.2°  raw=( 8704,11598, 4810)  acc=(-1.725,-0.178,-0.333)  |g|=1.766  dt=10ms    F
yaw= +118.6°  pitch=  +14.8°  roll=  -23.3°  raw=( 8260,12076, 4442)  acc=(-1.706,-0.139,-0.353)  |g|=1.748  dt=10ms    F
yaw= +115.8°  pitch=  +15.8°  roll=  -21.1°  raw=( 7996,12540, 4164)  acc=(-1.716,-0.099,-0.255)  |g|=1.737  dt=10ms    F
yaw= +112.9°  pitch=  +16.7°  roll=  -18.9°  raw=( 7976,12727, 3817)  acc=(-1.716,-0.079,-0.216)  |g|=1.731  dt=10ms    F
yaw= +109.6°  pitch=  +17.6°  roll=  -16.4°  raw=( 8218,12790, 3425)  acc=(-1.706,-0.040,-0.235)  |g|=1.722  dt=10ms    F
yaw= +106.0°  pitch=  +18.6°  roll=  -13.8°  raw=( 8431,13005, 2994)  acc=(-1.696,-0.040,-0.176)  |g|=1.706  dt=10ms    F
yaw= +102.0°  pitch=  +19.5°  roll=  -11.0°  raw=( 8492,13349, 2545)  acc=(-1.647,+0.079,+0.020)  |g|=1.649  dt=10ms    F
yaw=  +97.6°  pitch=  +20.2°  roll=   -8.0°  raw=( 8592,13479, 2079)  acc=(-1.382,+0.257,+0.255)  |g|=1.429  dt=11ms    F
yaw=  +93.0°  pitch=  +21.0°  roll=   -5.0°  raw=( 9060,13364, 1808)  acc=(-1.059,+0.257,+0.549)  |g|=1.220  dt=11ms    F
yaw=  +88.5°  pitch=  +21.8°  roll=   -2.1°  raw=( 9492,13060, 1961)  acc=(-0.912,+0.257,+0.765)  |g|=1.218  dt=11ms    F
yaw=  +83.9°  pitch=  +22.6°  roll=   +0.7°  raw=( 9863,12690, 2052)  acc=(-0.833,+0.238,+0.824)  |g|=1.195  dt=11ms    F
yaw=  +79.4°  pitch=  +23.3°  roll=   +3.5°  raw=(10038,12575, 2009)  acc=(-0.696,+0.257,+1.020)  |g|=1.261  dt=11ms    F
yaw=  +74.8°  pitch=  +23.7°  roll=   +6.4°  raw=( 9951,12565, 1988)  acc=(-0.539,+0.277,+1.314)  |g|=1.447  dt=11ms    F
yaw=  +70.3°  pitch=  +23.8°  roll=   +8.8°  raw=( 9501,12039, 1797)  acc=(-0.039,+0.436,+1.882)  |g|=1.933  dt=11ms    F
yaw=  +66.1°  pitch=  +23.6°  roll=  +10.9°  raw=( 9071,11619, 1907)  acc=(+0.304,+0.614,+2.078)  |g|=2.188  dt=10ms    F
yaw=  +62.1°  pitch=  +23.2°  roll=  +12.7°  raw=( 8765,11062, 2349)  acc=(+0.667,+0.752,+2.196)  |g|=2.415  dt=11ms    F
yaw=  +58.8°  pitch=  +22.7°  roll=  +14.0°  raw=( 8373,10482, 3227)  acc=(+0.912,+0.733,+2.255)  |g|=2.540  dt=11ms    F
yaw=  +56.5°  pitch=  +22.0°  roll=  +14.7°  raw=( 7798, 9966, 4330)  acc=(+1.010,+0.614,+2.216)  |g|=2.511  dt=10ms    F
