Connected to Wiimote.
MotionPlus activated.
Calibration complete placeholder
================================================================================
Wiimote Console Debugger - Orientation in degrees
  H = Home button pressed (yaw reset)
================================================================================
yaw=  +89.3°  pitch=  +13.2°  roll=  -12.0°  raw=( 8170, 7828, 7299)  acc=(-0.824,-0.376,+0.961)  |g|=1.320  dt=10ms    F
yaw=  +88.4°  pitch=  +13.2°  roll=  -12.1°  raw=( 8091, 8028, 6575)  acc=(-1.206,-0.416,+0.824)  |g|=1.518  dt=10ms    F
yaw=  +86.9°  pitch=  +12.8°  roll=  -11.9°  raw=( 7455, 8503, 5401)  acc=(-1.480,-0.356,+0.765)  |g|=1.704  dt=10ms    F
yaw=  +84.5°  pitch=  +12.1°  roll=  -11.4°  raw=( 6937, 9144, 3949)  acc=(-1.520,-0.218,+0.765)  |g|=1.715  dt=10ms    F
yaw=  +81.3°  pitch=  +11.3°  roll=  -10.7°  raw=( 6845, 9675, 2631)  acc=(-1.343,+0.000,+1.000)  |g|=1.675  dt=10ms    F
yaw=  +77.7°  pitch=  +11.0°  roll=  -10.0°  raw=( 7713, 9555, 1590)  acc=(-0.873,+0.238,+1.353)  |g|=1.627  dt=10ms    F
yaw=  +73.9°  pitch=  +11.5°  roll=   -9.7°  raw=( 9203, 8538, 1346)  acc=(-0.382,+0.218,+1.451)  |g|=1.516  dt=10ms    F
yaw=  +70.5°  pitch=  +13.0°  roll=   -9.6°  raw=(10811, 7515, 1836)  acc=(-0.471,+0.139,+1.353)  |g|=1.439  dt=10ms    F
yaw=  +67.3°  pitch=  +14.7°  roll=   -9.5°  raw=(11328, 7138, 2228)  acc=(-0.814,-0.020,+1.137)  |g|=1.399  dt=10ms    F
yaw=  +64.0°  pitch=  +16.1°  roll=   -9.3°  raw=(10576, 7488, 2039)  acc=(-0.961,-0.020,+1.020)  |g|=1.401  dt=10ms    F
yaw=  +60.4°  pitch=  +16.8°  roll=   -9.0°  raw=( 9522, 8022, 1599)  acc=(-0.814,+0.020,+0.922)  |g|=1.230  dt=10ms    F
yaw=  +56.7°  pitch=  +17.1°  roll=   -8.7°  raw=( 9032, 8379, 1345)  acc=(-0.882,-0.079,+0.941)  |g|=1.293  dt=10ms    F
yaw=  +52.8°  pitch=  +17.3°  roll=   -8.3°  raw=( 8842, 8513, 6593)  acc=(-0.990,-0.158,+0.961)  |g|=1.389  dt=10ms    F
yaw=  +48.4°  pitch=  +17.5°  roll=   -8.0°  raw=( 8664, 8457, 6421)  acc=(-0.853,-0.079,+0.922)  |g|=1.258  dt=10ms    F
yaw=  +43.6°  pitch=  +17.7°  roll=   -7.6°  raw=( 8849, 8339, 6289)  acc=(-0.569,+0.198,+1.020)  |g|=1.184  dt=10ms    F
yaw=  +38.9°  pitch=  +18.1°  roll=   -7.2°  raw=( 9261, 8050, 6266)  acc=(-0.176,+0.396,+1.196)  |g|=1.272  dt=10ms    F
yaw=  +34.4°  pitch=  +18.9°  roll=   -6.7°  raw=( 9770, 7496, 6350)  acc=(+0.029,+0.297,+1.294)  |g|=1.328  dt=10ms    F
yaw=  +30.0°  pitch=  +20.0°  roll=   -6.2°  raw=( 9939, 6959, 6441)  acc=(+0.127,+0.238,+1.176)  |g|=1.207  dt=10ms    F
yaw=  +25.8°  pitch=  +21.1°  roll=   -5.8°  raw=( 9839, 6708, 6492)  acc=(+0.255,+0.257,+0.941)  |g|=1.008  dt=10ms    F
yaw=  +21.5°  pitch=  +20.4°  roll=   -5.1°  raw=(10025, 6792, 6569)  acc=(+0.324,+0.238,+0.902)  |g|=0.987  dt=10ms    F
yaw=  +17.3°  pitch=  +21.3°  roll=   -4.3°  raw=(10048, 7033, 1147)  acc=(+0.431,+0.257,+1.059)  |g|=1.172  dt=11ms    F
yaw=  +13.4°  pitch=  +22.1°  roll=   -3.6°  raw=( 9729, 7177, 1398)  acc=(+0.598,+0.337,+1.118)  |g|=1.312  dt=10ms    F
yaw=   +9.8°  pitch=  +22.6°  roll=   -3.1°  raw=( 9207, 7329, 1765)  acc=(+0.765,+0.416,+1.078)  |g|=1.386  dt=10ms    F
yaw=   +6.5°  pitch=  +23.0°  roll=   -2.8°  raw=( 8707, 7520, 2279)  acc=(+0.941,+0.515,+1.098)  |g|=1.535  dt=10ms    F
yaw=   +3.6°  pitch=  +23.4°  roll=   -2.6°  raw=( 8416, 7638, 2889)  acc=(+1.137,+0.594,+1.157)  |g|=1.728  dt=10ms    F
yaw=   +1.2°  pitch=  +23.7°  roll=   -2.7°  raw=( 8105, 7598, 3598)  acc=(+1.314,+0.673,+1.196)  |g|=1.900  dt=10ms    F
yaw=   -0.8°  pitch=  +24.1°  roll=   -2.8°  raw=( 7951, 7413, 4411)  acc=(+1.441,+0.673,+1.137)  |g|=1.955  dt=10ms    F
