Connected to Wiimote.
MotionPlus activated.
Calibration complete placeholder
================================================================================
Wiimote Console Debugger - Orientation in degrees
  H = Home button pressed (yaw reset)
================================================================================
yaw= +113.8°  pitch=  +15.2°  roll=  -62.3°  raw=( 6357, 7006, 7990)  acc=(-0.431,-0.297,+0.333)  |g|=0.621  dt=10ms    F
yaw= +113.6°  pitch=  +14.1°  roll=  -62.3°  raw=( 6180, 7420, 7915)  acc=(-0.480,-0.277,+0.294)  |g|=0.628  dt=11ms    F
yaw= +113.4°  pitch=  +12.8°  roll=  -62.0°  raw=( 5867, 7785, 7844)  acc=(-0.480,-0.297,+0.314)  |g|=0.646  dt=10ms    F
yaw= +113.1°  pitch=  +11.6°  roll=  -61.5°  raw=( 5640, 8041, 7744)  acc=(-0.461,-0.317,+0.294)  |g|=0.632  dt=10ms    F
yaw= +112.7°  pitch=  +10.4°  roll=  -60.9°  raw=( 5646, 8309, 7663)  acc=(-0.461,-0.277,+0.235)  |g|=0.587  dt=10ms    F
yaw= +112.2°  pitch=   +9.3°  roll=  -60.2°  raw=( 5724, 8691, 7561)  acc=(-0.539,-0.356,+0.255)  |g|=0.695  dt=10ms    F
yaw= +111.6°  pitch=   +8.1°  roll=  -59.1°  raw=( 5297, 9234, 7366)  acc=(-0.598,-0.416,+0.235)  |g|=0.765  dt=10ms    F
yaw= +110.8°  pitch=   +6.6°  roll=  -57.4°  raw=( 4645, 9978, 7129)  acc=(-0.735,-0.515,+0.275)  |g|=0.939  dt=10ms    F
yaw= +111.0°  pitch=   +5.8°  roll=  -55.8°  raw=( 3943,10770, 6661)  acc=(-0.931,-0.594,+0.294)  |g|=1.143  dt=11ms    F
yaw= +109.5°  pitch=   +3.8°  roll=  -53.1°  raw=( 3163,11536, 5815)  acc=(-1.029,-0.594,+0.235)  |g|=1.212  dt=11ms    F
yaw= +107.4°  pitch=   +1.4°  roll=  -49.8°  raw=( 2321,12324, 4861)  acc=(-1.039,-0.574,+0.118)  |g|=1.193  dt=11ms    F
yaw= +105.0°  pitch=   -1.4°  roll=  -45.9°  raw=( 1432,13349, 3805)  acc=(-0.941,-0.455,+0.078)  |g|=1.049  dt=11ms    F
yaw= +102.2°  pitch=   -4.5°  roll=  -41.8°  raw=(  936,14133, 2860)  acc=(-0.745,-0.297,-0.020)  |g|=0.802  dt=11ms    F
yaw=  +99.2°  pitch=   -7.8°  roll=  -37.2°  raw=( 1138,14864, 2210)  acc=(-0.608,-0.119,+0.000)  |g|=0.619  dt=11ms    F
yaw=  +96.4°  pitch=  -10.8°  roll=  -32.6°  raw=( 1751,15394, 1791)  acc=(-0.529,+0.000,+0.255)  |g|=0.588  dt=11ms    F
yaw=  +93.5°  pitch=  -13.5°  roll=  -28.2°  raw=( 2677,15402, 1421)  acc=(-0.471,+0.139,+0.588)  |g|=0.766  dt=11ms    F
yaw=  +90.6°  pitch=  -16.1°  roll=  -24.3°  raw=( 3214,14863, 1097)  acc=(-0.255,+0.198,+0.784)  |g|=0.848  dt=11ms    F
yaw=  +87.6°  pitch=  -18.5°  roll=  -21.0°  raw=( 3937,14077, 6588)  acc=(-0.020,+0.238,+0.941)  |g|=0.971  dt=10ms    F
yaw=  +84.8°  pitch=  -20.5°  roll=  -18.2°  raw=( 4566,13306, 1100)  acc=(+0.157,+0.257,+1.059)  |g|=1.101  dt=10ms    F
yaw=  +81.9°  pitch=  -22.5°  roll=  -15.9°  raw=( 5056,12462, 1426)  acc=(+0.333,+0.277,+1.137)  |g|=1.217  dt=11ms    F
yaw=  +79.2°  pitch=  -24.3°  roll=  -14.2°  raw=( 5462,11593, 1991)  acc=(+0.422,+0.218,+1.098)  |g|=1.196  dt=10ms    F
yaw=  +76.6°  pitch=  -25.7°  roll=  -12.7°  raw=( 6126,10949, 2538)  acc=(+0.422,+0.158,+1.098)  |g|=1.187  dt=11ms    F
yaw=  +74.2°  pitch=  -26.9°  roll=  -11.5°  raw=( 6594,10571, 2916)  acc=(+0.353,+0.079,+1.157)  |g|=1.212  dt=11ms    F
yaw=  +71.8°  pitch=  -28.0°  roll=  -10.4°  raw=( 6791,10399, 3069)  acc=(+0.343,+0.020,+1.216)  |g|=1.263  dt=11ms    F
yaw=  +69.2°  pitch=  -29.0°  roll=   -9.4°  raw=( 6953,10199, 3043)  acc=(+0.353,+0.020,+1.373)  |g|=1.417  dt=11ms    F
yaw=  +66.7°  pitch=  -29.9°  roll=   -8.7°  raw=( 7158, 9793, 2977)  acc=(+0.549,+0.059,+1.569)  |g|=1.663  dt=11ms    F
yaw=  +64.0°  pitch=  -30.5°  roll=   -8.3°  raw=( 7332, 9178, 3082)  acc=(+0.775,+0.099,+1.725)  |g|=1.894  dt=11ms    F
yaw=  +61.4°  pitch=  -31.0°  roll=   -8.3°  raw=( 7437, 8583, 3419)  acc=(+1.000,+0.139,+1.784)  |g|=2.050  dt=11ms    F
yaw=  +58.9°  pitch=  -31.3°  roll=   -8.6°  raw=( 7441, 8124, 3884)  acc=(+1.196,+0.198,+1.882)  |g|=2.239  dt=11ms    F
yaw=  +56.6°  pitch=  -31.4°  roll=   -9.1°  raw=( 7542, 7685, 4470)  acc=(+1.343,+0.257,+1.961)  |g|=2.391  dt=10ms    F
yaw=  +54.5°  pitch=  -31.3°  roll=   -9.7°  raw=( 7676, 7223, 5073)  acc=(+1.402,+0.317,+2.176)  |g|=2.608  dt=11ms    F
yaw=  +52.5°  pitch=  -30.9°  roll=  -10.7°  raw=( 7909, 6516, 5650)  acc=(+1.392,+0.356,+2.373)  |g|=2.774  dt=11ms    F
yaw=  +50.7°  pitch=  -30.0°  roll=  -12.1°  raw=( 8123, 5618, 6037)  acc=(+1.412,+0.416,+2.451)  |g|=2.859  dt=11ms    F
yaw=  +48.9°  pitch=  -28.6°  roll=  -13.7°  raw=( 8398, 4597, 6380)  acc=(+1.480,+0.436,+2.412)  |g|=2.863  dt=11ms    F
yaw=  +47.2°  pitch=  -26.6°  roll=  -15.6°  raw=( 8757, 3686, 6766)  acc=(+1.578,+0.495,+2.333)  |g|=2.860  dt=11ms    F
yaw=  +45.9°  pitch=  -24.3°  roll=  -17.5°  raw=( 8960, 2974, 7368)  acc=(+1.627,+0.554,+2.294)  |g|=2.867  dt=11ms    F
yaw=  +45.0°  pitch=  -21.8°  roll=  -19.7°  raw=( 8815, 2415, 8177)  acc=(+1.500,+0.535,+2.294)  |g|=2.793  dt=11ms    F
yaw=  +44.5°  pitch=  -19.3°  roll=  -22.2°  raw=( 8389, 1884, 8865)  acc=(+1.225,+0.495,+2.216)  |g|=2.580  dt=10ms    F
yaw=  +44.2°  pitch=  -16.9°  roll=  -25.2°  raw=( 7466, 1439, 9207)  acc=(+1.010,+0.475,+1.961)  |g|=2.256  dt=10ms    F
yaw=  +43.9°  pitch=  -14.7°  roll=  -28.6°  raw=( 6598, 1183, 9360)  acc=(+0.853,+0.416,+1.588)  |g|=1.850  dt=10ms    F
yaw=  +43.8°  pitch=  -12.7°  roll=  -32.1°  raw=( 6218, 1150, 9456)  acc=(+0.696,+0.376,+1.294)  |g|=1.517  dt=10ms    F
yaw=  +43.7°  pitch=  -10.6°  roll=  -35.6°  raw=( 6225, 1139, 9437)  acc=(+0.569,+0.317,+1.098)  |g|=1.276  dt=11ms    F
yaw=  +43.8°  pitch=   -8.4°  roll=  -39.2°  raw=( 6454, 1078, 9274)  acc=(+0.402,+0.257,+0.941)  |g|=1.055  dt=11ms    F
yaw=  +43.8°  pitch=   -6.1°  roll=  -42.6°  raw=( 6529,  916, 8941)  acc=(+0.402,+0.277,+0.706)  |g|=0.858  dt=10ms    F
yaw=  +43.8°  pitch=   -3.4°  roll=  -46.2°  raw=( 6933,  714, 8748)  acc=(+0.422,+0.317,+0.431)  |g|=0.681  dt=11ms    F
yaw=  +44.0°  pitch=   -0.6°  roll=  -49.5°  raw=( 7432,  668, 8777)  acc=(+0.422,+0.356,+0.118)  |g|=0.564  dt=11ms    F
