Connected to Wiimote.
MotionPlus activated.
Calibration complete placeholder
================================================================================
Wiimote Console Debugger - Orientation in degrees
  H = Home button pressed (yaw reset)
================================================================================
yaw=  +56.3°  pitch=  +44.9°  roll=   -1.7°  raw=( 3041,10269,10592)  acc=(-0.853,-0.178,+0.686)  |g|=1.109  dt=10ms    F
yaw=  +57.8°  pitch=  +43.1°  roll=   -1.3°  raw=( 4568, 9792,10292)  acc=(-0.804,-0.238,+0.510)  |g|=0.981  dt=11ms    F
yaw=  +58.9°  pitch=  +41.9°  roll=   -0.6°  raw=( 5588, 9639, 9865)  acc=(-0.784,-0.178,+0.627)  |g|=1.020  dt=11ms    F
yaw=  +59.3°  pitch=  +41.2°  roll=   -0.3°  raw=( 7233, 9261, 9363)  acc=(-0.922,-0.119,+0.765)  |g|=1.203  dt=10ms    F
yaw=  +59.4°  pitch=  +40.8°  roll=   +0.2°  raw=( 7850, 9151, 8909)  acc=(-0.892,-0.119,+0.843)  |g|=1.233  dt=10ms    F
yaw=  +59.4°  pitch=  +40.4°  roll=   +0.6°  raw=( 7773, 9151, 8673)  acc=(-0.833,-0.079,+0.961)  |g|=1.274  dt=10ms    F
yaw=  +59.4°  pitch=  +39.8°  roll=   +0.9°  raw=( 7342, 9105, 8624)  acc=(-0.716,-0.020,+0.980)  |g|=1.214  dt=10ms    F
yaw=  +59.7°  pitch=  +39.1°  roll=   +1.0°  raw=( 7137, 9012, 8758)  acc=(-0.637,+0.020,+0.922)  |g|=1.121  dt=10ms    F
yaw=  +60.0°  pitch=  +38.6°  roll=   +1.2°  raw=( 7402, 8808, 8910)  acc=(-0.657,+0.020,+0.863)  |g|=1.085  dt=11ms    F
yaw=  +60.4°  pitch=  +38.1°  roll=   +1.3°  raw=( 7591, 8760, 9045)  acc=(-0.814,-0.079,+0.843)  |g|=1.174  dt=10ms    F
yaw=  +60.6°  pitch=  +37.6°  roll=   +1.5°  raw=( 7488, 8885, 8928)  acc=(-0.941,-0.119,+0.882)  |g|=1.296  dt=10ms    F
yaw=  +60.8°  pitch=  +37.0°  roll=   +1.6°  raw=( 7184, 8927, 8664)  acc=(-0.882,-0.099,+0.863)  |g|=1.238  dt=10ms    F
yaw=  +60.9°  pitch=  +36.4°  roll=   +1.7°  raw=( 7127, 8829, 8430)  acc=(-0.784,-0.099,+0.784)  |g|=1.114  dt=10ms    F
yaw=  +60.8°  pitch=  +36.2°  roll=   +1.9°  raw=( 7958, 8719, 8236)  acc=(-0.716,-0.059,+0.765)  |g|=1.049  dt=10ms    F
yaw=  +60.7°  pitch=  +36.0°  roll=   +2.2°  raw=( 8073, 8733, 8203)  acc=(-0.775,-0.040,+0.784)  |g|=1.103  dt=10ms    F
yaw=  +60.5°  pitch=  +35.6°  roll=   +2.4°  raw=( 7682, 8792, 8172)  acc=(-0.765,-0.020,+0.784)  |g|=1.096  dt=10ms    F
yaw=  +60.5°  pitch=  +35.0°  roll=   +2.5°  raw=( 7210, 8865, 8157)  acc=(-0.735,-0.020,+0.725)  |g|=1.033  dt=10ms    F
yaw=  +60.4°  pitch=  +34.6°  roll=   +3.4°  raw=( 7091, 8951, 8131)  acc=(-0.725,-0.020,+0.706)  |g|=1.012  dt=11ms    F
yaw=  +60.2°  pitch=  +34.2°  roll=   +4.4°  raw=( 7138, 8983, 8064)  acc=(-0.696,+0.000,+0.725)  |g|=1.005  dt=11ms    F
yaw=  +60.0°  pitch=  +33.9°  roll=   +5.3°  raw=( 7349, 8898, 7966)  acc=(-0.716,+0.000,+0.765)  |g|=1.047  dt=11ms    F
yaw=  +59.7°  pitch=  +33.5°  roll=   +6.2°  raw=( 7154, 8953, 7908)  acc=(-0.706,+0.000,+0.765)  |g|=1.041  dt=11ms    F
yaw=  +59.5°  pitch=  +32.9°  roll=   +6.9°  raw=( 6785, 9064, 7899)  acc=(-0.686,+0.020,+0.725)  |g|=0.999  dt=11ms    F
yaw=  +59.3°  pitch=  +32.2°  roll=   +7.7°  raw=( 6610, 9145, 7897)  acc=(-0.696,+0.020,+0.725)  |g|=1.006  dt=11ms    F
yaw=  +59.0°  pitch=  +31.4°  roll=   +8.4°  raw=( 6474, 9221, 7730)  acc=(-0.657,+0.040,+0.784)  |g|=1.024  dt=11ms    F
yaw=  +58.6°  pitch=  +30.5°  roll=   +9.1°  raw=( 6592, 9192, 7646)  acc=(-0.608,+0.059,+0.804)  |g|=1.010  dt=10ms    F
yaw=  +58.3°  pitch=  +29.6°  roll=   +9.8°  raw=( 6647, 9138, 7630)  acc=(-0.559,+0.079,+0.804)  |g|=0.982  dt=11ms    F
yaw=  +58.0°  pitch=  +28.7°  roll=  +10.4°  raw=( 6707, 9072, 7702)  acc=(-0.539,+0.079,+0.804)  |g|=0.971  dt=11ms    F
yaw=  +57.8°  pitch=  +27.8°  roll=  +10.9°  raw=( 6705, 9079, 7762)  acc=(-0.529,+0.079,+0.784)  |g|=0.950  dt=11ms    F
yaw=  +57.6°  pitch=  +26.8°  roll=  +11.4°  raw=( 6756, 9078, 7826)  acc=(-0.500,+0.079,+0.804)  |g|=0.950  dt=11ms    F
yaw=  +57.4°  pitch=  +26.0°  roll=  +11.9°  raw=( 6941, 9023, 7890)  acc=(-0.520,+0.079,+0.804)  |g|=0.960  dt=10ms    F
yaw=  +57.2°  pitch=  +25.3°  roll=  +12.5°  raw=( 7001, 9053, 7931)  acc=(-0.520,+0.099,+0.784)  |g|=0.946  dt=11ms    F
yaw=  +57.1°  pitch=  +24.5°  roll=  +12.6°  raw=( 6994, 9057, 7963)  acc=(-0.520,+0.079,+0.784)  |g|=0.944  dt=10ms    F
yaw=  +56.9°  pitch=  +24.0°  roll=  +13.1°  raw=( 7241, 9029, 7957)  acc=(-0.539,+0.079,+0.863)  |g|=1.020  dt=10ms    F
yaw=  +56.7°  pitch=  +23.4°  roll=  +13.6°  raw=( 7310, 8953, 7918)  acc=(-0.539,+0.099,+0.922)  |g|=1.072  dt=10ms    F
yaw=  +56.5°  pitch=  +22.9°  roll=  +13.7°  raw=( 7337, 8818, 7885)  acc=(-0.539,+0.099,+0.941)  |g|=1.089  dt=10ms    F
yaw=  +56.4°  pitch=  +22.3°  roll=  +13.6°  raw=( 7143, 8740, 7891)  acc=(-0.529,+0.119,+0.941)  |g|=1.086  dt=10ms    F
yaw=  +56.3°  pitch=  +21.5°  roll=  +13.9°  raw=( 6770, 8770, 7931)  acc=(-0.480,+0.139,+0.863)  |g|=0.997  dt=11ms    F
yaw=  +56.2°  pitch=  +20.7°  roll=  +14.1°  raw=( 6689, 8879, 7957)  acc=(-0.510,+0.099,+0.863)  |g|=1.007  dt=10ms    F
yaw=  +56.1°  pitch=  +20.0°  roll=  +14.4°  raw=( 6818, 8776, 7871)  acc=(-0.490,+0.099,+0.843)  |g|=0.980  dt=10ms    F
yaw=  +55.9°  pitch=  +19.5°  roll=  +14.7°  raw=( 7210, 8670, 7785)  acc=(-0.480,+0.139,+0.882)  |g|=1.014  dt=11ms    F
yaw=  +55.6°  pitch=  +19.2°  roll=  +15.0°  raw=( 7635, 8540, 7690)  acc=(-0.471,+0.139,+0.922)  |g|=1.044  dt=11ms    F
yaw=  +55.3°  pitch=  +19.0°  roll=  +15.4°  raw=( 7838, 8420, 7674)  acc=(-0.451,+0.158,+0.961)  |g|=1.073  dt=11ms    F
yaw=  +55.1°  pitch=  +18.6°  roll=  +15.6°  raw=( 7719, 8379, 7762)  acc=(-0.402,+0.198,+0.941)  |g|=1.042  dt=11ms    F
yaw=  +55.1°  pitch=  +18.0°  roll=  +15.8°  raw=( 7467, 8439, 7947)  acc=(-0.422,+0.178,+0.902)  |g|=1.011  dt=11ms    F
yaw=  +55.1°  pitch=  +17.5°  roll=  +16.0°  raw=( 7333, 8509, 8099)  acc=(-0.451,+0.139,+0.922)  |g|=1.035  dt=11ms    F
yaw=  +55.1°  pitch=  +17.1°  roll=  +16.2°  raw=( 7387, 8430, 8092)  acc=(-0.480,+0.139,+0.922)  |g|=1.048  dt=11ms    F
yaw=  +55.0°  pitch=  +16.9°  roll=  +16.3°  raw=( 7537, 8266, 8006)  acc=(-0.471,+0.139,+0.882)  |g|=1.010  dt=11ms    F
yaw=  +54.9°  pitch=  +16.7°  roll=  +16.5°  raw=( 7741, 8180, 7907)  acc=(-0.422,+0.158,+0.863)  |g|=0.973  dt=11ms    F
yaw=  +54.8°  pitch=  +16.5°  roll=  +16.7°  raw=( 7835, 8173, 7940)  acc=(-0.363,+0.198,+0.863)  |g|=0.957  dt=10ms    F
yaw=  +54.8°  pitch=  +16.2°  roll=  +16.8°  raw=( 7875, 8160, 8036)  acc=(-0.333,+0.178,+0.882)  |g|=0.960  dt=10ms    F
yaw=  +54.9°  pitch=  +16.1°  roll=  +17.0°  raw=( 8092, 8092, 8150)  acc=(-0.373,+0.178,+0.863)  |g|=0.956  dt=11ms    F
yaw=  +54.9°  pitch=  +16.2°  roll=  +17.2°  raw=( 8169, 8095, 8234)  acc=(-0.471,+0.119,+0.902)  |g|=1.024  dt=11ms    F
yaw=  +54.8°  pitch=  +16.2°  roll=  +17.1°  raw=( 8115, 8066, 7992)  acc=(-0.549,+0.099,+0.961)  |g|=1.111  dt=11ms    F
yaw=  +54.6°  pitch=  +16.2°  roll=  +17.0°  raw=( 8055, 7983, 7834)  acc=(-0.539,+0.099,+1.020)  |g|=1.158  dt=11ms    F
yaw=  +54.5°  pitch=  +16.2°  roll=  +16.8°  raw=( 7919, 7904, 7737)  acc=(-0.500,+0.139,+1.059)  |g|=1.179  dt=10ms    F
yaw=  +54.3°  pitch=  +16.2°  roll=  +16.5°  raw=( 7770, 7791, 7744)  acc=(-0.490,+0.139,+0.980)  |g|=1.105  dt=11ms    F
yaw=  +54.2°  pitch=  +16.2°  roll=  +16.1°  raw=( 7810, 7744, 7757)  acc=(-0.569,+0.099,+0.980)  |g|=1.138  dt=10ms    F
yaw=  +54.0°  pitch=  +16.2°  roll=  +15.9°  raw=( 7912, 7723, 7651)  acc=(-0.667,+0.040,+1.039)  |g|=1.235  dt=10ms    F
yaw=  +53.6°  pitch=  +16.3°  roll=  +15.5°  raw=( 7922, 7585, 7409)  acc=(-0.765,+0.020,+1.118)  |g|=1.354  dt=11ms    F
yaw=  +53.2°  pitch=  +16.5°  roll=  +15.0°  raw=( 7863, 7389, 7065)  acc=(-0.745,+0.020,+1.137)  |g|=1.360  dt=10ms    F
yaw=  +52.4°  pitch=  +16.9°  roll=  +14.5°  raw=( 8176, 6897, 6533)  acc=(-0.784,+0.059,+1.314)  |g|=1.531  dt=10ms    F
yaw=  +51.6°  pitch=  +17.5°  roll=  +13.8°  raw=( 8299, 6566, 6306)  acc=(-0.882,+0.020,+1.412)  |g|=1.665  dt=10ms    F
yaw=  +50.8°  pitch=  +18.1°  roll=  +12.9°  raw=( 8014, 6224, 6061)  acc=(-0.941,-0.020,+1.373)  |g|=1.664  dt=10ms    F
yaw=  +49.9°  pitch=  +18.6°  roll=  +11.8°  raw=( 7591, 6009, 5802)  acc=(-0.971,-0.020,+1.353)  |g|=1.665  dt=10ms    F
yaw=  +48.8°  pitch=  +19.2°  roll=  +10.4°  raw=( 7465, 5836, 5488)  acc=(-1.020,-0.040,+1.412)  |g|=1.742  dt=11ms    F
yaw=  +47.5°  pitch=  +19.9°  roll=   +8.9°  raw=( 7420, 5508, 5151)  acc=(-1.059,-0.079,+1.392)  |g|=1.751  dt=11ms    F
yaw=  +46.2°  pitch=  +20.7°  roll=   +7.3°  raw=( 7319, 5160, 4693)  acc=(-1.029,-0.079,+1.314)  |g|=1.671  dt=11ms    F
yaw=  +44.6°  pitch=  +21.8°  roll=   +5.7°  raw=( 7580, 4888, 4239)  acc=(-0.990,-0.059,+1.275)  |g|=1.615  dt=10ms    F
yaw=  +42.7°  pitch=  +23.2°  roll=   +4.1°  raw=( 8009, 4532, 3752)  acc=(-0.931,-0.040,+1.216)  |g|=1.532  dt=11ms    F
yaw=  +40.7°  pitch=  +24.9°  roll=   +2.6°  raw=( 8400, 4206, 3297)  acc=(-0.784,+0.020,+1.176)  |g|=1.414  dt=10ms    F
yaw=  +38.4°  pitch=  +27.0°  roll=   +1.3°  raw=( 8881, 3885, 2997)  acc=(-0.578,+0.119,+1.118)  |g|=1.264  dt=10ms    F
yaw=  +36.2°  pitch=  +29.3°  roll=   +0.1°  raw=( 9166, 3583, 3011)  acc=(-0.363,+0.158,+1.039)  |g|=1.112  dt=10ms    F
