Connected to Wiimote.
MotionPlus activated.
Calibration complete placeholder
================================================================================
Wiimote Console Debugger - Orientation in degrees
  H = Home button pressed (yaw reset)
================================================================================
yaw=  +70.1°  pitch=  +54.3°  roll=  -34.2°  raw=( 7434, 7698, 8312)  acc=(-0.431,-0.713,+0.569)  |g|=1.009  dt=11ms    F
yaw=  +70.8°  pitch=  +53.7°  roll=  -34.8°  raw=( 7047, 7615, 8364)  acc=(-0.451,-0.713,+0.510)  |g|=0.986  dt=11ms    F
yaw=  +71.5°  pitch=  +53.0°  roll=  -35.5°  raw=( 6740, 7753, 8341)  acc=(-0.451,-0.772,+0.510)  |g|=1.029  dt=11ms    F
yaw=  +72.3°  pitch=  +52.1°  roll=  -36.4°  raw=( 6198, 7899, 8379)  acc=(-0.471,-0.812,+0.431)  |g|=1.033  dt=11ms    F
yaw=  +73.2°  pitch=  +51.3°  roll=  -37.4°  raw=( 5961, 8082, 8258)  acc=(-0.471,-0.832,+0.314)  |g|=1.006  dt=10ms    F
yaw=  +74.1°  pitch=  +50.4°  roll=  -38.6°  raw=( 5604, 8434, 8112)  acc=(-0.441,-0.812,+0.176)  |g|=0.941  dt=11ms    F
yaw=  +74.1°  pitch=  +48.8°  roll=  -38.7°  raw=( 5370, 8853, 7977)  acc=(-0.363,-0.772,+0.118)  |g|=0.861  dt=10ms    F
yaw=  +73.8°  pitch=  +47.3°  roll=  -38.4°  raw=( 5474, 9234, 7901)  acc=(-0.294,-0.733,+0.078)  |g|=0.793  dt=10ms    F
yaw=  +73.2°  pitch=  +45.9°  roll=  -37.9°  raw=( 5934, 9569, 7859)  acc=(-0.284,-0.713,+0.098)  |g|=0.774  dt=11ms    F
yaw=  +72.4°  pitch=  +44.6°  roll=  -37.1°  raw=( 6291, 9865, 7801)  acc=(-0.265,-0.673,+0.196)  |g|=0.750  dt=11ms    F
yaw=  +71.4°  pitch=  +43.5°  roll=  -36.0°  raw=( 6564,10100, 7764)  acc=(-0.275,-0.653,+0.314)  |g|=0.775  dt=11ms    F
yaw=  +70.4°  pitch=  +42.2°  roll=  -34.9°  raw=( 6489,10327, 7733)  acc=(-0.314,-0.653,+0.255)  |g|=0.768  dt=11ms    F
yaw=  +69.2°  pitch=  +40.6°  roll=  -33.6°  raw=( 6128,10863, 7632)  acc=(-0.324,-0.653,+0.216)  |g|=0.760  dt=10ms    F
yaw=  +67.7°  pitch=  +38.7°  roll=  -31.9°  raw=( 5874,11526, 7464)  acc=(-0.235,-0.594,+0.353)  |g|=0.730  dt=11ms    F
yaw=  +66.2°  pitch=  +36.9°  roll=  -30.1°  raw=( 6109,11920, 7351)  acc=(-0.255,-0.574,+0.451)  |g|=0.773  dt=10ms    F
yaw=  +64.6°  pitch=  +34.8°  roll=  -28.2°  raw=( 5792,12268, 7307)  acc=(-0.245,-0.554,+0.490)  |g|=0.780  dt=10ms    F
yaw=  +63.1°  pitch=  +32.5°  roll=  -26.4°  raw=( 5526,12609, 7195)  acc=(-0.294,-0.515,+0.490)  |g|=0.769  dt=10ms    F
yaw=  +61.5°  pitch=  +29.9°  roll=  -24.6°  raw=( 5195,13043, 6955)  acc=(-0.324,-0.475,+0.549)  |g|=0.795  dt=10ms    F
yaw=  +59.6°  pitch=  +26.7°  roll=  -22.7°  raw=( 4552,13544, 6382)  acc=(-0.176,-0.376,+0.686)  |g|=0.802  dt=11ms    F
yaw=  +57.8°  pitch=  +23.4°  roll=  -21.1°  raw=( 4441,13654, 6218)  acc=(-0.049,-0.297,+0.725)  |g|=0.785  dt=10ms    F
yaw=  +56.2°  pitch=  +20.2°  roll=  -19.5°  raw=( 4649,13630, 6176)  acc=(+0.127,-0.257,+0.667)  |g|=0.726  dt=10ms    F
yaw=  +54.7°  pitch=  +17.3°  roll=  -17.9°  raw=( 5210,13624, 6401)  acc=(+0.157,-0.079,+0.804)  |g|=0.823  dt=10ms    F
yaw=  +53.3°  pitch=  +14.9°  roll=  -16.2°  raw=( 6323,13229, 6516)  acc=(+0.186,-0.119,+1.098)  |g|=1.120  dt=10ms    F
yaw=  +52.2°  pitch=  +13.0°  roll=  -14.8°  raw=( 6947,12449, 6724)  acc=(+0.108,-0.178,+1.216)  |g|=1.233  dt=10ms    F
yaw=  +51.1°  pitch=  +11.5°  roll=  -13.5°  raw=( 7500,11715, 6756)  acc=(+0.029,-0.178,+1.255)  |g|=1.268  dt=10ms    F
yaw=  +50.2°  pitch=  +10.4°  roll=  -12.4°  raw=( 7725,11127, 6712)  acc=(+0.029,-0.119,+1.216)  |g|=1.222  dt=10ms    F
yaw=  +49.3°  pitch=   +9.4°  roll=  -11.5°  raw=( 7799,10683, 6771)  acc=(+0.049,-0.040,+1.098)  |g|=1.100  dt=10ms    F
yaw=  +48.5°  pitch=   +8.5°  roll=  -10.7°  raw=( 7947,10428, 6930)  acc=(+0.000,-0.079,+0.961)  |g|=0.964  dt=10ms    F
yaw=  +47.7°  pitch=   +7.5°  roll=   -9.5°  raw=( 7872,10469, 7073)  acc=(-0.059,-0.119,+0.882)  |g|=0.892  dt=10ms    F
yaw=  +46.9°  pitch=   +6.4°  roll=   -8.4°  raw=( 7885,10674, 6875)  acc=(-0.029,-0.079,+0.941)  |g|=0.945  dt=10ms    F
yaw=  +46.1°  pitch=   +5.4°  roll=   -7.2°  raw=( 8204,10553, 6879)  acc=(+0.029,-0.040,+1.078)  |g|=1.080  dt=10ms    F
yaw=  +45.4°  pitch=   +4.7°  roll=   -6.3°  raw=( 8375,10277, 7001)  acc=(+0.078,-0.020,+1.176)  |g|=1.179  dt=10ms    F
yaw=  +44.9°  pitch=   +4.0°  roll=   -5.6°  raw=( 8132, 9999, 7252)  acc=(+0.078,-0.020,+1.078)  |g|=1.081  dt=10ms    F
yaw=  +44.4°  pitch=   +3.3°  roll=   -4.9°  raw=( 8132, 9856, 7451)  acc=(-0.010,-0.059,+0.980)  |g|=0.982  dt=10ms    F
yaw=  +44.0°  pitch=   +2.8°  roll=   -4.1°  raw=( 8391, 9799, 7462)  acc=(-0.078,-0.099,+1.000)  |g|=1.008  dt=10ms    F
yaw=  +43.5°  pitch=   +2.4°  roll=   -3.3°  raw=( 8577, 9753, 7334)  acc=(-0.088,-0.099,+1.078)  |g|=1.087  dt=10ms    F
yaw=  +43.0°  pitch=   +1.9°  roll=   -2.7°  raw=( 8441, 9677, 7267)  acc=(-0.020,-0.040,+1.137)  |g|=1.138  dt=10ms    F
yaw=  +42.5°  pitch=   +1.3°  roll=   -2.2°  raw=( 8092, 9577, 7307)  acc=(+0.069,+0.000,+1.078)  |g|=1.081  dt=10ms    F
yaw=  +42.1°  pitch=   +0.8°  roll=   -1.7°  raw=( 8003, 9558, 7468)  acc=(+0.069,+0.000,+1.039)  |g|=1.041  dt=10ms    F
yaw=  +41.7°  pitch=   +0.2°  roll=   -1.2°  raw=( 8255, 9596, 7487)  acc=(+0.059,+0.000,+1.118)  |g|=1.119  dt=11ms    F
yaw=  +41.3°  pitch=   -0.2°  roll=   -0.5°  raw=( 8490, 9502, 7439)  acc=(+0.088,+0.020,+1.275)  |g|=1.278  dt=11ms    F
yaw=  +41.0°  pitch=   -0.5°  roll=   +0.0°  raw=( 8476, 9245, 7509)  acc=(+0.088,+0.040,+1.294)  |g|=1.298  dt=11ms    F
yaw=  +40.6°  pitch=   -0.8°  roll=   +0.4°  raw=( 8308, 9035, 7578)  acc=(+0.059,+0.040,+1.255)  |g|=1.257  dt=11ms    F
yaw=  +40.2°  pitch=   -1.3°  roll=   +0.7°  raw=( 8015, 8977, 7574)  acc=(+0.078,+0.040,+1.176)  |g|=1.180  dt=12ms    F
yaw=  +39.9°  pitch=   -1.6°  roll=   +0.8°  raw=( 7903, 8892, 7544)  acc=(+0.157,+0.079,+1.176)  |g|=1.190  dt=10ms    F
yaw=  +39.6°  pitch=   -1.9°  roll=   +0.9°  raw=( 8032, 8734, 7565)  acc=(+0.147,+0.099,+1.196)  |g|=1.209  dt=10ms    F
yaw=  +39.3°  pitch=   -2.1°  roll=   +1.1°  raw=( 8118, 8576, 7578)  acc=(+0.167,+0.099,+1.216)  |g|=1.231  dt=10ms    F
yaw=  +38.9°  pitch=   -2.2°  roll=   +1.2°  raw=( 8126, 8456, 7616)  acc=(+0.206,+0.119,+1.235)  |g|=1.258  dt=11ms    F
yaw=  +38.7°  pitch=   -2.3°  roll=   +1.2°  raw=( 8015, 8348, 7728)  acc=(+0.225,+0.119,+1.216)  |g|=1.242  dt=11ms    F
yaw=  +38.5°  pitch=   -2.4°  roll=   +1.1°  raw=( 7968, 8277, 7870)  acc=(+0.225,+0.099,+1.196)  |g|=1.221  dt=11ms    F
yaw=  +38.4°  pitch=   -2.6°  roll=   +1.0°  raw=( 7840, 8276, 8032)  acc=(+0.147,+0.079,+1.157)  |g|=1.169  dt=11ms    F
yaw=  +38.3°  pitch=   -2.8°  roll=   +0.8°  raw=( 7622, 8329, 8045)  acc=(+0.098,+0.059,+1.098)  |g|=1.104  dt=10ms    F
yaw=  +38.2°  pitch=   -3.0°  roll=   +0.6°  raw=( 7607, 8296, 7967)  acc=(+0.078,+0.040,+1.078)  |g|=1.082  dt=10ms    F
yaw=  +38.0°  pitch=   -3.0°  roll=   +0.5°  raw=( 7981, 8086, 7829)  acc=(+0.088,+0.020,+1.118)  |g|=1.121  dt=10ms    F
yaw=  +37.7°  pitch=   -2.6°  roll=   +0.4°  raw=( 8364, 7549, 7723)  acc=(+0.167,+0.079,+1.078)  |g|=1.094  dt=13ms    F
yaw=  +37.5°  pitch=   -2.6°  roll=   -0.0°  raw=( 8062, 7654, 7867)  acc=(+0.127,+0.020,+0.980)  |g|=0.989  dt=10ms    F
yaw=  +37.4°  pitch=   -2.6°  roll=   -0.4°  raw=( 7850, 7917, 7911)  acc=(+0.059,+0.000,+0.980)  |g|=0.982  dt=10ms    F
yaw=  +37.2°  pitch=   -2.7°  roll=   -0.8°  raw=( 7789, 8013, 7849)  acc=(+0.059,+0.000,+1.059)  |g|=1.060  dt=10ms    F
yaw=  +37.0°  pitch=   -2.6°  roll=   -1.0°  raw=( 7847, 7861, 7809)  acc=(+0.069,+0.000,+1.098)  |g|=1.100  dt=11ms    F
yaw=  +36.7°  pitch=   -2.5°  roll=   -1.3°  raw=( 7898, 7646, 7780)  acc=(+0.059,+0.000,+1.059)  |g|=1.060  dt=10ms    F
yaw=  +36.5°  pitch=   -2.3°  roll=   -1.6°  raw=( 7927, 7522, 7741)  acc=(+0.029,+0.000,+1.039)  |g|=1.040  dt=10ms    F
yaw=  +36.2°  pitch=   -2.0°  roll=   -1.9°  raw=( 7988, 7484, 7686)  acc=(+0.029,+0.000,+1.078)  |g|=1.079  dt=10ms    F
yaw=  +35.9°  pitch=   -1.6°  roll=   -2.2°  raw=( 8073, 7384, 7630)  acc=(+0.039,+0.000,+1.137)  |g|=1.138  dt=11ms    F
yaw=  +35.6°  pitch=   -1.2°  roll=   -2.5°  raw=( 8161, 7178, 7609)  acc=(+0.029,+0.000,+1.216)  |g|=1.216  dt=10ms    F
yaw=  +35.3°  pitch=   -0.6°  roll=   -2.8°  raw=( 8244, 6897, 7606)  acc=(+0.010,+0.000,+1.314)  |g|=1.314  dt=10ms    F
yaw=  +34.9°  pitch=   +0.2°  roll=   -3.3°  raw=( 8346, 6563, 7579)  acc=(-0.020,-0.020,+1.392)  |g|=1.392  dt=11ms    F
yaw=  +34.5°  pitch=   +1.2°  roll=   -3.9°  raw=( 8261, 6198, 7527)  acc=(-0.029,-0.020,+1.412)  |g|=1.412  dt=11ms    F
yaw=  +34.1°  pitch=   +2.6°  roll=   -4.6°  raw=( 8461, 5435, 7434)  acc=(-0.176,-0.119,+1.549)  |g|=1.564  dt=11ms    F
yaw=  +33.7°  pitch=   +4.2°  roll=   -5.4°  raw=( 8477, 4964, 7221)  acc=(-0.255,-0.158,+1.569)  |g|=1.597  dt=10ms    F
yaw=  +33.0°  pitch=   +6.0°  roll=   -6.3°  raw=( 8632, 4420, 6860)  acc=(-0.294,-0.178,+1.667)  |g|=1.702  dt=10ms    F
yaw=  +32.2°  pitch=   +8.3°  roll=   -7.3°  raw=( 8891, 3678, 6449)  acc=(-0.206,-0.178,+1.725)  |g|=1.747  dt=10ms    F
yaw=  +31.3°  pitch=  +11.1°  roll=   -8.5°  raw=( 8989, 2852, 6176)  acc=(-0.088,-0.139,+1.627)  |g|=1.636  dt=11ms    F
yaw=  +30.4°  pitch=  +14.2°  roll=   -9.7°  raw=( 9234, 2151, 6121)  acc=(-0.029,-0.099,+1.471)  |g|=1.474  dt=10ms    F
yaw=  +29.7°  pitch=  +17.7°  roll=  -10.9°  raw=( 9504, 1649, 6171)  acc=(+0.059,-0.079,+1.275)  |g|=1.278  dt=11ms    F
yaw=  +29.0°  pitch=  +21.5°  roll=  -12.0°  raw=( 9886, 1372, 6386)  acc=(+0.118,-0.119,+1.098)  |g|=1.111  dt=11ms    F
yaw=  +28.5°  pitch=  +25.4°  roll=  -12.8°  raw=(10393, 1387, 6614)  acc=(+0.078,-0.178,+0.941)  |g|=0.961  dt=11ms    F
yaw=  +27.7°  pitch=  +28.2°  roll=  -12.9°  raw=(10754, 1549, 6728)  acc=(+0.029,-0.198,+0.804)  |g|=0.828  dt=10ms    F
