Connected to Wiimote.
MotionPlus activated.
Calibration complete placeholder
================================================================================
Wiimote Console Debugger - Orientation in degrees
  H = Home button pressed (yaw reset)
================================================================================
yaw=  +32.2°  pitch=  +12.0°  roll=  -47.2°  raw=( 6662, 8857, 8549)  acc=(-0.500,-0.693,+0.392)  |g|=0.940  dt=11ms    F
yaw=  +34.3°  pitch=  +12.9°  roll=  -46.7°  raw=( 6940, 8750, 8653)  acc=(-0.480,-0.713,+0.392)  |g|=0.945  dt=11ms    F
yaw=  +36.5°  pitch=  +13.8°  roll=  -46.3°  raw=( 6786, 8935, 8811)  acc=(-0.490,-0.733,+0.373)  |g|=0.957  dt=11ms    F
yaw=  +37.0°  pitch=  +12.7°  roll=  -46.6°  raw=( 6516, 9243, 8913)  acc=(-0.480,-0.713,+0.353)  |g|=0.929  dt=11ms    F
yaw=  +37.6°  pitch=  +11.5°  roll=  -47.0°  raw=( 6324, 9578, 9005)  acc=(-0.490,-0.713,+0.255)  |g|=0.902  dt=11ms    F
yaw=  +38.1°  pitch=   +9.9°  roll=  -47.3°  raw=( 5870,10232, 9144)  acc=(-0.461,-0.693,+0.157)  |g|=0.847  dt=10ms    F
yaw=  +38.8°  pitch=   +7.7°  roll=  -47.5°  raw=( 5324,11137, 9308)  acc=(-0.480,-0.693,+0.176)  |g|=0.862  dt=10ms    F
yaw=  +39.6°  pitch=   +4.5°  roll=  -47.7°  raw=( 4236,12326, 9536)  acc=(-0.657,-0.713,+0.275)  |g|=1.007  dt=11ms    F
yaw=  +42.3°  pitch=   +1.9°  roll=  -47.4°  raw=( 2170,13943, 9521)  acc=(-0.794,-0.693,+0.471)  |g|=1.154  dt=10ms    F
yaw=  +42.8°  pitch=   -3.9°  roll=  -48.0°  raw=( 6380,15223, 9192)  acc=(-0.784,-0.634,+0.510)  |g|=1.130  dt=10ms    F
yaw=  +45.1°  pitch=   -9.1°  roll=  -47.8°  raw=( 5956, 9985, 8777)  acc=(-0.549,-0.495,+0.490)  |g|=0.887  dt=10ms    F
yaw=  +45.1°  pitch=  -16.9°  roll=  -48.6°  raw=( 5748,10133, 8511)  acc=(-0.176,-0.277,+0.510)  |g|=0.607  dt=11ms    F
yaw=  +45.2°  pitch=  -24.1°  roll=  -49.3°  raw=( 5892,10078, 8699)  acc=(+0.078,-0.099,+0.490)  |g|=0.506  dt=10ms    F
yaw=  +46.1°  pitch=  -28.5°  roll=  -48.5°  raw=( 3405,14570, 9336)  acc=(-0.010,-0.139,+0.765)  |g|=0.777  dt=10ms    F
yaw=  +47.4°  pitch=  -30.8°  roll=  -46.9°  raw=( 6738,13072, 9110)  acc=(-0.206,-0.139,+0.922)  |g|=0.954  dt=10ms    F
yaw=  +48.7°  pitch=  -32.1°  roll=  -45.0°  raw=( 8480,11983, 8629)  acc=(-0.294,-0.158,+0.882)  |g|=0.943  dt=10ms    F
yaw=  +49.8°  pitch=  -33.1°  roll=  -43.0°  raw=( 8684,11785, 8305)  acc=(-0.373,-0.099,+0.902)  |g|=0.981  dt=11ms    F
yaw=  +50.7°  pitch=  -34.8°  roll=  -41.3°  raw=( 7405,12135, 7956)  acc=(-0.225,+0.000,+0.784)  |g|=0.816  dt=10ms    F
yaw=  +51.3°  pitch=  -37.2°  roll=  -39.8°  raw=( 6210,12601, 7812)  acc=(-0.176,+0.079,+0.745)  |g|=0.770  dt=10ms    F
yaw=  +52.0°  pitch=  -39.8°  roll=  -38.4°  raw=( 5631,12751, 7717)  acc=(+0.059,+0.178,+0.686)  |g|=0.711  dt=10ms    F
yaw=  +52.8°  pitch=  -42.0°  roll=  -36.8°  raw=( 6322,12365, 7777)  acc=(+0.216,+0.238,+0.647)  |g|=0.722  dt=10ms    F
yaw=  +54.1°  pitch=  -43.4°  roll=  -34.6°  raw=( 7754,12003, 7958)  acc=(+0.167,+0.297,+0.765)  |g|=0.837  dt=11ms    F
yaw=  +55.6°  pitch=  -44.4°  roll=  -32.2°  raw=( 8458,11728, 7894)  acc=(+0.147,+0.238,+0.902)  |g|=0.944  dt=11ms    F
yaw=  +58.1°  pitch=  -44.0°  roll=  -27.6°  raw=( 8618,11613, 7753)  acc=(+0.127,+0.238,+1.098)  |g|=1.131  dt=11ms    F
yaw=  +60.2°  pitch=  -43.4°  roll=  -23.4°  raw=( 8305,11313, 7561)  acc=(+0.137,+0.238,+1.059)  |g|=1.094  dt=11ms    F
yaw=  +61.1°  pitch=  -43.7°  roll=  -21.2°  raw=( 8997,10713, 7280)  acc=(+0.108,+0.337,+1.039)  |g|=1.098  dt=12ms    F
yaw=  +62.0°  pitch=  -43.8°  roll=  -19.2°  raw=( 9389,10527, 7280)  acc=(+0.118,+0.416,+1.118)  |g|=1.198  dt=10ms    F
yaw=  +63.0°  pitch=  -43.7°  roll=  -17.2°  raw=( 9466,10380, 7513)  acc=(+0.137,+0.436,+1.176)  |g|=1.262  dt=11ms    F
yaw=  +64.1°  pitch=  -43.7°  roll=  -15.4°  raw=( 9112,10386, 7875)  acc=(+0.118,+0.436,+1.137)  |g|=1.224  dt=10ms    F
yaw=  +65.3°  pitch=  -43.9°  roll=  -13.6°  raw=( 8899,10419, 8222)  acc=(+0.020,+0.396,+1.078)  |g|=1.149  dt=10ms    F
yaw=  +66.7°  pitch=  -44.0°  roll=  -11.8°  raw=( 8932,10421, 8468)  acc=(-0.049,+0.356,+1.059)  |g|=1.118  dt=11ms    F
yaw=  +68.2°  pitch=  -43.9°  roll=  -10.0°  raw=( 9098,10380, 8613)  acc=(-0.127,+0.337,+1.118)  |g|=1.174  dt=10ms    F
yaw=  +69.7°  pitch=  -43.8°  roll=   -8.3°  raw=( 9238,10294, 8635)  acc=(-0.255,+0.257,+1.216)  |g|=1.269  dt=10ms    F
yaw=  +70.9°  pitch=  -43.6°  roll=   -6.6°  raw=( 9156,10140, 8414)  acc=(-0.284,+0.238,+1.275)  |g|=1.327  dt=10ms    F
yaw=  +71.9°  pitch=  -43.5°  roll=   -5.3°  raw=( 9029, 9863, 8139)  acc=(-0.235,+0.297,+1.255)  |g|=1.311  dt=10ms    F
yaw=  +72.6°  pitch=  -43.3°  roll=   -4.1°  raw=( 8869, 9601, 8084)  acc=(-0.245,+0.317,+1.118)  |g|=1.187  dt=11ms    F
yaw=  +73.4°  pitch=  -43.3°  roll=   -2.9°  raw=( 8644, 9628, 8062)  acc=(-0.225,+0.317,+1.020)  |g|=1.091  dt=11ms    F
yaw=  +74.1°  pitch=  -43.3°  roll=   -1.7°  raw=( 8586, 9660, 8059)  acc=(-0.216,+0.317,+1.039)  |g|=1.108  dt=11ms    F
yaw=  +74.8°  pitch=  -43.2°  roll=   -0.6°  raw=( 8633, 9567, 8071)  acc=(-0.275,+0.317,+0.980)  |g|=1.066  dt=10ms    F
yaw=  +75.4°  pitch=  -43.0°  roll=   +0.4°  raw=( 9000, 9489, 7868)  acc=(-0.314,+0.376,+0.980)  |g|=1.096  dt=10ms    F
yaw=  +75.8°  pitch=  -42.7°  roll=   +1.5°  raw=( 8893, 9461, 7748)  acc=(-0.255,+0.495,+0.961)  |g|=1.110  dt=10ms    F
yaw=  +76.4°  pitch=  -42.5°  roll=   +2.5°  raw=( 8991, 9496, 7832)  acc=(-0.206,+0.554,+1.078)  |g|=1.230  dt=10ms    F
yaw=  +76.9°  pitch=  -42.3°  roll=   +3.5°  raw=( 8756, 9441, 7974)  acc=(-0.167,+0.574,+1.098)  |g|=1.250  dt=10ms    F
yaw=  +77.5°  pitch=  -42.2°  roll=   +4.4°  raw=( 8499, 9385, 8138)  acc=(-0.176,+0.574,+1.137)  |g|=1.286  dt=10ms    F
yaw=  +78.1°  pitch=  -42.3°  roll=   +5.2°  raw=( 8269, 9276, 8264)  acc=(-0.216,+0.515,+1.137)  |g|=1.267  dt=10ms    F
yaw=  +78.6°  pitch=  -42.4°  roll=   +5.9°  raw=( 8186, 9060, 8247)  acc=(-0.186,+0.535,+1.118)  |g|=1.253  dt=11ms    F
yaw=  +78.9°  pitch=  -42.4°  roll=   +6.3°  raw=( 8255, 8842, 8218)  acc=(-0.225,+0.495,+1.078)  |g|=1.208  dt=10ms    F
yaw=  +79.1°  pitch=  -42.4°  roll=   +6.8°  raw=( 8146, 8752, 8101)  acc=(-0.284,+0.475,+1.078)  |g|=1.212  dt=11ms    F
yaw=  +79.2°  pitch=  -42.7°  roll=   +7.1°  raw=( 7844, 8720, 7893)  acc=(-0.294,+0.495,+1.039)  |g|=1.188  dt=10ms    F
yaw=  +79.1°  pitch=  -42.8°  roll=   +7.3°  raw=( 7877, 8541, 7756)  acc=(-0.294,+0.515,+1.000)  |g|=1.163  dt=10ms    F
yaw=  +79.0°  pitch=  -42.9°  roll=   +7.4°  raw=( 8058, 8382, 7741)  acc=(-0.343,+0.535,+1.000)  |g|=1.185  dt=11ms    F
yaw=  +78.7°  pitch=  -43.0°  roll=   +7.4°  raw=( 8023, 8174, 7678)  acc=(-0.402,+0.455,+1.118)  |g|=1.272  dt=11ms    F
yaw=  +78.2°  pitch=  -43.3°  roll=   +7.2°  raw=( 7561, 8078, 7522)  acc=(-0.353,+0.455,+1.118)  |g|=1.257  dt=11ms    F
yaw=  +77.4°  pitch=  -43.8°  roll=   +6.8°  raw=( 7121, 7889, 7322)  acc=(-0.294,+0.475,+1.020)  |g|=1.163  dt=11ms    F
yaw=  +76.6°  pitch=  -44.3°  roll=   +6.3°  raw=( 7019, 7757, 7212)  acc=(-0.284,+0.475,+0.922)  |g|=1.075  dt=10ms    F
yaw=  +75.6°  pitch=  -44.7°  roll=   +5.8°  raw=( 7196, 7711, 7105)  acc=(-0.314,+0.436,+0.980)  |g|=1.118  dt=10ms    F
yaw=  +74.5°  pitch=  -45.1°  roll=   +5.2°  raw=( 7386, 7534, 6978)  acc=(-0.363,+0.396,+1.039)  |g|=1.170  dt=10ms    F
yaw=  +73.2°  pitch=  -45.3°  roll=   +4.4°  raw=( 7395, 7348, 6782)  acc=(-0.382,+0.376,+1.039)  |g|=1.169  dt=10ms    F
yaw=  +71.7°  pitch=  -45.6°  roll=   +3.5°  raw=( 7327, 7246, 6598)  acc=(-0.490,+0.337,+1.098)  |g|=1.249  dt=10ms    F
yaw=  +70.0°  pitch=  -45.8°  roll=   +2.5°  raw=( 7265, 7104, 6288)  acc=(-0.510,+0.356,+1.137)  |g|=1.296  dt=10ms    F
yaw=  +68.0°  pitch=  -46.1°  roll=   +1.3°  raw=( 7017, 6901, 6004)  acc=(-0.520,+0.337,+1.137)  |g|=1.295  dt=10ms    F
yaw=  +65.7°  pitch=  -46.4°  roll=   -0.1°  raw=( 6970, 6728, 5726)  acc=(-0.539,+0.297,+1.294)  |g|=1.433  dt=10ms    F
yaw=  +62.8°  pitch=  -46.5°  roll=   -1.9°  raw=( 6953, 6291, 5346)  acc=(-0.578,+0.218,+1.392)  |g|=1.523  dt=11ms    F
yaw=  +59.5°  pitch=  -46.4°  roll=   -4.0°  raw=( 7002, 5747, 4889)  acc=(-0.716,+0.079,+1.490)  |g|=1.655  dt=10ms    F
yaw=  +55.5°  pitch=  -45.9°  roll=   -6.5°  raw=( 7279, 5105, 4208)  acc=(-0.853,+0.000,+1.569)  |g|=1.786  dt=11ms    F
yaw=  +50.9°  pitch=  -45.0°  roll=   -9.2°  raw=( 7454, 4420, 3401)  acc=(-0.980,-0.020,+1.529)  |g|=1.817  dt=11ms    F
yaw=  +44.5°  pitch=  -43.9°  roll=  -12.8°  raw=( 6558, 3745, 1681)  acc=(-0.853,+0.376,+1.255)  |g|=1.563  dt=11ms    F
