Connected to Wiimote.
MotionPlus activated.
Calibration complete placeholder
================================================================================
Wiimote Console Debugger - Orientation in degrees
  H = Home button pressed (yaw reset)
================================================================================
yaw=  +56.7°  pitch=  -42.0°  roll=  -33.7°  raw=( 8396, 4335, 9886)  acc=(-0.343,-0.495,+0.980)  |g|=1.151  dt=10ms    F
yaw=  +56.0°  pitch=  -40.5°  roll=  -36.1°  raw=( 8454, 4170, 9693)  acc=(-0.431,-0.515,+0.745)  |g|=1.003  dt=11ms    F
yaw=  +57.5°  pitch=  -36.9°  roll=  -36.7°  raw=( 8817, 4314, 9361)  acc=(-0.510,-0.495,+0.686)  |g|=0.988  dt=10ms    F
yaw=  +58.9°  pitch=  -33.2°  roll=  -37.8°  raw=( 8737, 4396, 9093)  acc=(-0.471,-0.574,+0.549)  |g|=0.923  dt=11ms    F
yaw=  +58.3°  pitch=  -31.9°  roll=  -39.6°  raw=( 8717, 4616, 8858)  acc=(-0.431,-0.634,+0.431)  |g|=0.880  dt=10ms    F
yaw=  +57.8°  pitch=  -30.8°  roll=  -41.2°  raw=( 8567, 5034, 8693)  acc=(-0.343,-0.673,+0.412)  |g|=0.861  dt=11ms    F
yaw=  +57.3°  pitch=  -30.3°  roll=  -42.6°  raw=( 7695, 5741, 8700)  acc=(-0.265,-0.693,+0.333)  |g|=0.813  dt=10ms    F
yaw=  +56.9°  pitch=  -30.0°  roll=  -44.0°  raw=( 7519, 6087, 8703)  acc=(-0.206,-0.693,+0.255)  |g|=0.767  dt=11ms    F
yaw=  +56.6°  pitch=  -29.8°  roll=  -45.2°  raw=( 7264, 6495, 8728)  acc=(-0.176,-0.693,+0.176)  |g|=0.737  dt=11ms    F
yaw=  +56.5°  pitch=  -29.8°  roll=  -46.1°  raw=( 7389, 6917, 8716)  acc=(-0.157,-0.693,+0.078)  |g|=0.715  dt=11ms    F
yaw=  +56.4°  pitch=  -30.0°  roll=  -46.8°  raw=( 7287, 7484, 8750)  acc=(-0.147,-0.653,+0.059)  |g|=0.672  dt=11ms    F
yaw=  +56.5°  pitch=  -30.6°  roll=  -47.3°  raw=( 6802, 8124, 8852)  acc=(-0.118,-0.653,-0.059)  |g|=0.667  dt=10ms    F
yaw=  +56.9°  pitch=  -31.5°  roll=  -47.5°  raw=( 6598, 8832, 8949)  acc=(-0.167,-0.693,-0.176)  |g|=0.734  dt=11ms    F
yaw=  +57.4°  pitch=  -32.9°  roll=  -47.4°  raw=( 6052, 9793, 8963)  acc=(-0.206,-0.772,-0.392)  |g|=0.890  dt=10ms    F
yaw=  +58.1°  pitch=  -34.9°  roll=  -46.7°  raw=( 5648,11014, 8877)  acc=(-0.275,-0.733,-0.608)  |g|=0.991  dt=11ms    F
yaw=  +59.3°  pitch=  -37.5°  roll=  -45.2°  raw=( 5205,12522, 8687)  acc=(-0.363,-0.614,-0.647)  |g|=0.963  dt=10ms    F
yaw=  +60.9°  pitch=  -40.7°  roll=  -42.8°  raw=( 4826,14007, 8306)  acc=(-0.382,-0.535,-0.529)  |g|=0.844  dt=11ms    F
yaw=  +63.1°  pitch=  -44.4°  roll=  -39.2°  raw=( 4586,15321, 7912)  acc=(-0.382,-0.416,-0.333)  |g|=0.656  dt=11ms    F
yaw=  +66.4°  pitch=  -48.6°  roll=  -33.8°  raw=( 4383,10119, 7009)  acc=(-0.373,-0.059,+0.078)  |g|=0.385  dt=11ms    F
yaw=  +70.2°  pitch=  -52.2°  roll=  -27.5°  raw=( 4895,10156, 6328)  acc=(-0.392,+0.020,+0.314)  |g|=0.503  dt=11ms    F
yaw=  +74.3°  pitch=  -54.7°  roll=  -20.6°  raw=( 5884,10124, 5534)  acc=(-0.382,+0.099,+0.686)  |g|=0.792  dt=10ms    F
yaw=  +78.5°  pitch=  -56.6°  roll=  -13.4°  raw=( 6592,10003, 4882)  acc=(-0.275,+0.198,+1.059)  |g|=1.112  dt=10ms    F
yaw=  +82.9°  pitch=  -55.4°  roll=   -5.5°  raw=( 6560,15581, 4611)  acc=(-0.176,+0.218,+1.294)  |g|=1.324  dt=10ms    F
yaw=  +86.0°  pitch=  -56.5°  roll=   +0.6°  raw=( 6669,14680, 4480)  acc=(+0.000,+0.337,+1.490)  |g|=1.528  dt=10ms    F
yaw=  +88.6°  pitch=  -57.4°  roll=   +6.1°  raw=( 6783,13591, 4612)  acc=(+0.314,+0.396,+1.627)  |g|=1.704  dt=11ms    F
yaw=  +90.8°  pitch=  -58.2°  roll=  +10.5°  raw=( 6798,12588, 5340)  acc=(+0.471,+0.396,+1.667)  |g|=1.777  dt=10ms    F
yaw=  +92.7°  pitch=  -58.7°  roll=  +14.0°  raw=( 6994,11569, 6162)  acc=(+0.461,+0.297,+1.549)  |g|=1.643  dt=10ms    F
yaw=  +94.4°  pitch=  -59.0°  roll=  +16.9°  raw=( 7589,10866, 6740)  acc=(+0.225,+0.139,+1.353)  |g|=1.379  dt=10ms    F
yaw=  +95.8°  pitch=  -58.8°  roll=  +19.4°  raw=( 8205,10586, 6933)  acc=(-0.029,+0.099,+1.333)  |g|=1.337  dt=10ms    F
yaw=  +97.2°  pitch=  -58.7°  roll=  +21.8°  raw=( 8065,10615, 6944)  acc=(-0.059,+0.178,+1.451)  |g|=1.463  dt=10ms    F
yaw=  +98.6°  pitch=  -59.0°  roll=  +24.2°  raw=( 7293,10419, 6934)  acc=(+0.049,+0.257,+1.549)  |g|=1.571  dt=10ms    F
yaw=  +99.8°  pitch=  -59.5°  roll=  +26.3°  raw=( 6964,10016, 7051)  acc=(+0.157,+0.277,+1.569)  |g|=1.601  dt=11ms    F
yaw= +100.7°  pitch=  -59.9°  roll=  +28.0°  raw=( 7065, 9575, 7175)  acc=(+0.176,+0.277,+1.569)  |g|=1.603  dt=10ms    F
yaw= +101.3°  pitch=  -60.4°  roll=  +29.3°  raw=( 7107, 9153, 7235)  acc=(+0.245,+0.257,+1.529)  |g|=1.570  dt=11ms    F
yaw= +101.4°  pitch=  -60.8°  roll=  +29.8°  raw=( 7376, 8478, 7480)  acc=(+0.245,+0.218,+1.392)  |g|=1.430  dt=11ms    F
yaw= +101.3°  pitch=  -61.3°  roll=  +30.1°  raw=( 7223, 8252, 7613)  acc=(+0.225,+0.218,+1.235)  |g|=1.274  dt=11ms    F
yaw= +101.2°  pitch=  -61.6°  roll=  +30.3°  raw=( 7437, 8236, 7691)  acc=(+0.196,+0.198,+1.235)  |g|=1.266  dt=11ms    F
yaw= +101.0°  pitch=  -62.0°  roll=  +30.3°  raw=( 7559, 8107, 7713)  acc=(+0.127,+0.158,+1.216)  |g|=1.233  dt=10ms    F
yaw= +100.6°  pitch=  -62.3°  roll=  +30.2°  raw=( 7559, 8032, 7666)  acc=(+0.039,+0.139,+1.216)  |g|=1.224  dt=11ms    F
yaw= +100.1°  pitch=  -62.7°  roll=  +30.1°  raw=( 7471, 7934, 7522)  acc=(+0.020,+0.119,+1.176)  |g|=1.183  dt=11ms    F
yaw=  +99.3°  pitch=  -63.1°  roll=  +29.7°  raw=( 7559, 7738, 7334)  acc=(+0.039,+0.099,+1.137)  |g|=1.142  dt=11ms    F
yaw=  +98.1°  pitch=  -63.3°  roll=  +29.0°  raw=( 7800, 7583, 7182)  acc=(+0.049,+0.119,+1.137)  |g|=1.144  dt=11ms    F
yaw=  +96.8°  pitch=  -63.5°  roll=  +28.1°  raw=( 7824, 7448, 7135)  acc=(+0.069,+0.079,+1.118)  |g|=1.123  dt=11ms    F
yaw=  +95.4°  pitch=  -63.8°  roll=  +27.2°  raw=( 7689, 7401, 7183)  acc=(+0.049,+0.059,+1.039)  |g|=1.042  dt=11ms    F
yaw=  +94.1°  pitch=  -64.1°  roll=  +26.4°  raw=( 7601, 7524, 7181)  acc=(-0.029,+0.079,+1.039)  |g|=1.043  dt=10ms    F
yaw=  +92.8°  pitch=  -64.5°  roll=  +25.6°  raw=( 7539, 7535, 7085)  acc=(-0.088,+0.099,+1.118)  |g|=1.125  dt=10ms    F
yaw=  +90.9°  pitch=  -64.8°  roll=  +24.5°  raw=( 7609, 7305, 6670)  acc=(-0.275,+0.099,+1.255)  |g|=1.288  dt=11ms    F
yaw=  +88.5°  pitch=  -65.0°  roll=  +23.0°  raw=( 7723, 7012, 6251)  acc=(-0.294,+0.079,+1.314)  |g|=1.349  dt=10ms    F
yaw=  +85.5°  pitch=  -65.1°  roll=  +21.0°  raw=( 7954, 6627, 5826)  acc=(-0.343,+0.059,+1.412)  |g|=1.454  dt=10ms    F
yaw=  +81.6°  pitch=  -64.8°  roll=  +18.5°  raw=( 8395, 6185, 5342)  acc=(-0.382,+0.059,+1.490)  |g|=1.540  dt=10ms    F
yaw=  +77.2°  pitch=  -64.5°  roll=  +15.4°  raw=( 8342, 5741, 5004)  acc=(-0.382,+0.020,+1.471)  |g|=1.520  dt=10ms    F
yaw=  +72.1°  pitch=  -64.2°  roll=  +11.9°  raw=( 7895, 5393, 4780)  acc=(-0.343,+0.000,+1.373)  |g|=1.415  dt=10ms    F
yaw=  +66.2°  pitch=  -63.7°  roll=   +7.8°  raw=( 7812, 5116, 4587)  acc=(-0.392,-0.040,+1.294)  |g|=1.353  dt=12ms    F
yaw=  +61.1°  pitch=  -63.0°  roll=   +4.4°  raw=( 8134, 4938, 4270)  acc=(-0.422,-0.059,+1.314)  |g|=1.381  dt=10ms    F
yaw=  +55.7°  pitch=  -62.0°  roll=   +0.9°  raw=( 8163, 4671, 3847)  acc=(-0.422,-0.020,+1.392)  |g|=1.455  dt=10ms    F
yaw=  +50.2°  pitch=  -60.6°  roll=   -2.4°  raw=( 8447, 4226, 3328)  acc=(-0.382,+0.059,+1.549)  |g|=1.597  dt=10ms    F
yaw=  +44.8°  pitch=  -58.6°  roll=   -5.4°  raw=( 8931, 3494, 2698)  acc=(-0.294,+0.198,+1.647)  |g|=1.685  dt=10ms    F
yaw=  +39.1°  pitch=  -56.1°  roll=   -8.3°  raw=( 9114, 2615, 2133)  acc=(+0.059,+0.356,+1.510)  |g|=1.552  dt=10ms    F
yaw=  +33.7°  pitch=  -53.2°  roll=  -11.3°  raw=( 8740, 1974, 2607)  acc=(+0.755,+0.515,+0.784)  |g|=1.204  dt=10ms    F
