Connected to Wiimote.
MotionPlus activated.
Calibration complete placeholder
================================================================================
Wiimote Console Debugger - Orientation in degrees
  H = Home button pressed (yaw reset)
================================================================================
yaw=  +28.6°  pitch=  -24.3°  roll=  -29.7°  raw=( 6381, 6043, 8729)  acc=(-0.137,-0.772,+0.451)  |g|=0.905  dt=10ms    F
yaw=  +28.2°  pitch=  -24.0°  roll=  -31.6°  raw=( 5723, 6351, 8806)  acc=(-0.255,-0.733,+0.373)  |g|=0.861  dt=11ms    F
yaw=  +27.7°  pitch=  -24.0°  roll=  -33.6°  raw=( 5092, 6602, 8785)  acc=(-0.333,-0.792,+0.196)  |g|=0.881  dt=10ms    F
yaw=  +27.0°  pitch=  -24.6°  roll=  -36.1°  raw=( 3859, 7138, 8811)  acc=(-0.333,-0.832,-0.039)  |g|=0.897  dt=10ms    F
yaw=  +26.2°  pitch=  -25.4°  roll=  -38.6°  raw=( 3645, 7749, 8671)  acc=(-0.333,-0.851,-0.176)  |g|=0.931  dt=10ms    F
yaw=  +25.3°  pitch=  -26.6°  roll=  -41.0°  raw=( 3730, 8340, 8494)  acc=(-0.294,-0.871,-0.157)  |g|=0.933  dt=11ms    F
yaw=  +24.4°  pitch=  -27.8°  roll=  -43.1°  raw=( 4256, 8744, 8222)  acc=(-0.235,-0.871,-0.098)  |g|=0.908  dt=11ms    F
yaw=  +23.5°  pitch=  -29.0°  roll=  -44.9°  raw=( 4667, 9041, 8062)  acc=(-0.225,-0.891,-0.216)  |g|=0.944  dt=11ms    F
yaw=  +24.3°  pitch=  -29.0°  roll=  -47.2°  raw=( 4886, 9665, 7881)  acc=(-0.314,-0.911,-0.314)  |g|=1.013  dt=10ms    F
yaw=  +24.8°  pitch=  -30.2°  roll=  -48.8°  raw=( 4646,11715, 6843)  acc=(-0.471,-0.931,-0.098)  |g|=1.047  dt=11ms    F
yaw=  +24.7°  pitch=  -32.1°  roll=  -50.6°  raw=( 3711,12584, 5975)  acc=(-0.431,-0.812,-0.098)  |g|=0.925  dt=11ms    F
yaw=  +21.7°  pitch=  -36.2°  roll=  -52.8°  raw=( 2291,13568, 5063)  acc=(-0.304,-0.653,-0.275)  |g|=0.771  dt=11ms    F
yaw=  +17.7°  pitch=  -40.9°  roll=  -55.8°  raw=( 1282,14765, 4149)  acc=(-0.235,-0.554,-0.412)  |g|=0.730  dt=10ms    F
yaw=  +12.1°  pitch=  -46.1°  roll=  -59.8°  raw=(  786, 9894, 3055)  acc=(-0.225,-0.475,-0.529)  |g|=0.746  dt=11ms    F
yaw=   +4.9°  pitch=  -51.3°  roll=  -64.6°  raw=(  944,10071, 1736)  acc=(-0.284,-0.218,-0.588)  |g|=0.689  dt=10ms    F
yaw=   -5.1°  pitch=  -56.6°  roll=  -71.4°  raw=( 1097,10237, 6445)  acc=(-0.078,+0.257,-0.392)  |g|=0.476  dt=11ms    F
yaw=  -17.5°  pitch=  -61.1°  roll=  -80.0°  raw=( 1881,10293, 6191)  acc=(+0.294,+0.614,+0.059)  |g|=0.683  dt=11ms    F
yaw=  -31.3°  pitch=  -64.6°  roll=  -89.6°  raw=( 3639,10168, 6079)  acc=(+0.647,+0.733,+0.549)  |g|=1.121  dt=11ms    F
yaw=  -41.8°  pitch=  -67.2°  roll=  -95.0°  raw=( 4986, 9956, 6138)  acc=(+0.725,+0.733,+1.039)  |g|=1.464  dt=11ms    F
yaw=  -56.6°  pitch=  -68.8°  roll= -105.2°  raw=( 5915,14791, 6210)  acc=(+1.186,+0.792,+1.412)  |g|=2.007  dt=11ms    F
yaw=  -64.1°  pitch=  -69.2°  roll= -109.6°  raw=( 7357,11010, 2094)  acc=(+1.637,+0.515,+1.588)  |g|=2.338  dt=11ms    F
yaw=  -68.8°  pitch=  -69.4°  roll= -111.9°  raw=( 7874, 9651, 3705)  acc=(+1.225,+0.376,+1.196)  |g|=1.753  dt=11ms    F
yaw=  -72.3°  pitch=  -69.6°  roll= -113.5°  raw=( 8113, 9284, 4585)  acc=(+0.784,+0.218,+0.902)  |g|=1.215  dt=10ms    F
yaw=  -75.9°  pitch=  -70.0°  roll= -115.3°  raw=( 8638, 9514, 4687)  acc=(+0.627,+0.139,+1.039)  |g|=1.222  dt=11ms    F
yaw=  -80.0°  pitch=  -70.6°  roll= -117.5°  raw=( 8828, 9659, 4510)  acc=(+0.676,+0.099,+1.373)  |g|=1.533  dt=11ms    F
yaw=  -83.8°  pitch=  -70.8°  roll= -119.4°  raw=( 8342, 9370, 4497)  acc=(+0.853,+0.139,+1.490)  |g|=1.723  dt=11ms    F
yaw=  -86.9°  pitch=  -70.5°  roll= -120.6°  raw=( 7580, 8893, 4786)  acc=(+0.951,+0.198,+1.373)  |g|=1.682  dt=11ms    F
yaw=  -88.9°  pitch=  -69.9°  roll= -121.1°  raw=( 7091, 8467, 5198)  acc=(+1.020,+0.238,+1.137)  |g|=1.546  dt=10ms    F
yaw=  -90.4°  pitch=  -69.5°  roll= -121.2°  raw=( 7252, 8219, 5602)  acc=(+1.029,+0.238,+1.020)  |g|=1.468  dt=10ms    F
yaw=  -91.3°  pitch=  -69.3°  roll= -120.9°  raw=( 7857, 8019, 5917)  acc=(+1.049,+0.277,+1.039)  |g|=1.502  dt=10ms    F
yaw=  -91.8°  pitch=  -69.4°  roll= -120.3°  raw=( 8228, 7801, 6271)  acc=(+1.000,+0.238,+1.020)  |g|=1.448  dt=10ms    F
yaw=  -92.0°  pitch=  -69.4°  roll= -119.5°  raw=( 8258, 7713, 6595)  acc=(+0.892,+0.218,+1.000)  |g|=1.358  dt=11ms    F
yaw=  -92.1°  pitch=  -69.3°  roll= -118.8°  raw=( 7830, 7751, 6866)  acc=(+0.863,+0.198,+0.961)  |g|=1.306  dt=11ms    F
yaw=  -92.0°  pitch=  -69.0°  roll= -118.0°  raw=( 7604, 7722, 7044)  acc=(+0.804,+0.178,+0.863)  |g|=1.193  dt=10ms    F
yaw=  -91.8°  pitch=  -68.7°  roll= -117.2°  raw=( 7648, 7674, 7119)  acc=(+0.745,+0.158,+0.824)  |g|=1.122  dt=11ms    F
yaw=  -91.5°  pitch=  -68.6°  roll= -116.2°  raw=( 7917, 7551, 7141)  acc=(+0.775,+0.178,+0.843)  |g|=1.159  dt=10ms    F
yaw=  -90.8°  pitch=  -68.6°  roll= -115.0°  raw=( 8134, 7351, 7241)  acc=(+0.794,+0.178,+0.804)  |g|=1.144  dt=11ms    F
yaw=  -89.9°  pitch=  -68.7°  roll= -113.5°  raw=( 8340, 7189, 7373)  acc=(+0.745,+0.158,+0.804)  |g|=1.108  dt=10ms    F
yaw=  -88.8°  pitch=  -68.9°  roll= -111.9°  raw=( 8382, 7142, 7430)  acc=(+0.696,+0.139,+0.804)  |g|=1.072  dt=10ms    F
yaw=  -87.8°  pitch=  -68.9°  roll= -110.4°  raw=( 8191, 7146, 7461)  acc=(+0.696,+0.158,+0.804)  |g|=1.075  dt=10ms    F
yaw=  -86.7°  pitch=  -68.7°  roll= -108.9°  raw=( 7917, 7163, 7531)  acc=(+0.696,+0.158,+0.725)  |g|=1.018  dt=10ms    F
yaw=  -78.7°  pitch=  -69.2°  roll= -101.7°  raw=( 7804, 7233, 7590)  acc=(+0.608,+0.139,+0.706)  |g|=0.942  dt=11ms    F
yaw=  -70.4°  pitch=  -69.2°  roll=  -94.0°  raw=( 7869, 7287, 7512)  acc=(+0.559,+0.099,+0.784)  |g|=0.968  dt=11ms    F
yaw=  -62.1°  pitch=  -68.9°  roll=  -86.1°  raw=( 7919, 7182, 7347)  acc=(+0.588,+0.099,+0.882)  |g|=1.065  dt=12ms    F
yaw=  -61.2°  pitch=  -68.5°  roll=  -84.6°  raw=( 7968, 6968, 7251)  acc=(+0.647,+0.158,+1.039)  |g|=1.234  dt=11ms    F
yaw=  -59.9°  pitch=  -68.0°  roll=  -82.6°  raw=( 8069, 6616, 7235)  acc=(+0.696,+0.158,+1.118)  |g|=1.326  dt=11ms    F
yaw=  -58.1°  pitch=  -67.4°  roll=  -80.2°  raw=( 8051, 6210, 7339)  acc=(+0.804,+0.198,+1.118)  |g|=1.391  dt=11ms    F
yaw=  -54.9°  pitch=  -66.8°  roll=  -76.5°  raw=( 8669, 5453, 7793)  acc=(+0.922,+0.218,+1.373)  |g|=1.668  dt=11ms    F
yaw=  -51.0°  pitch=  -66.1°  roll=  -72.2°  raw=( 8957, 4949, 8163)  acc=(+0.824,+0.158,+1.471)  |g|=1.693  dt=11ms    F
yaw=  -46.8°  pitch=  -65.1°  roll=  -67.7°  raw=( 9029, 4455, 8365)  acc=(+0.686,+0.079,+1.608)  |g|=1.750  dt=10ms    F
yaw=  -42.6°  pitch=  -63.8°  roll=  -63.2°  raw=( 8948, 3976, 8335)  acc=(+0.529,+0.020,+1.706)  |g|=1.786  dt=11ms    F
yaw=  -39.0°  pitch=  -62.0°  roll=  -59.0°  raw=( 8645, 3492, 8138)  acc=(+0.549,+0.020,+1.647)  |g|=1.736  dt=10ms    F
yaw=  -35.8°  pitch=  -59.9°  roll=  -55.3°  raw=( 8492, 3128, 7977)  acc=(+0.657,+0.059,+1.549)  |g|=1.684  dt=10ms    F
yaw=  -32.7°  pitch=  -57.7°  roll=  -51.5°  raw=( 8808, 2736, 7981)  acc=(+0.716,+0.099,+1.490)  |g|=1.656  dt=10ms    F
yaw=  -29.4°  pitch=  -55.3°  roll=  -47.6°  raw=( 9374, 2241, 8085)  acc=(+0.696,+0.119,+1.451)  |g|=1.614  dt=10ms    F
yaw=  -25.8°  pitch=  -52.6°  roll=  -43.0°  raw=(10054, 1661, 8132)  acc=(+0.647,+0.158,+1.373)  |g|=1.526  dt=11ms    F
yaw=  -22.3°  pitch=  -49.5°  roll=  -38.5°  raw=(10566, 1127, 8115)  acc=(+0.569,+0.158,+1.196)  |g|=1.334  dt=11ms    F
