Connected to Wiimote.
MotionPlus activated.
Calibration complete placeholder
================================================================================
Wiimote Console Debugger - Orientation in degrees
  H = Home button pressed (yaw reset)
================================================================================
yaw=   +5.3°  pitch=  -19.1°  roll=   -6.9°  raw=( 9801, 3894, 9562)  acc=(-0.578,-0.455,+0.843)  |g|=1.119  dt=16ms    F
yaw=   +5.5°  pitch=  -15.4°  roll=   -6.6°  raw=( 5879, 4784, 8922)  acc=(-0.696,-0.455,+0.510)  |g|=0.976  dt=10ms    F
yaw=   +5.2°  pitch=  -14.1°  roll=   -8.9°  raw=( 4251, 5319, 8677)  acc=(-0.520,-0.376,+0.275)  |g|=0.698  dt=10ms    F
yaw=   +4.9°  pitch=  -13.1°  roll=  -11.3°  raw=( 3889, 5785, 8712)  acc=(-0.382,-0.356,+0.000)  |g|=0.523  dt=10ms    F
yaw=   +4.9°  pitch=  -12.2°  roll=  -13.3°  raw=( 4491, 6310, 8944)  acc=(-0.392,-0.416,-0.275)  |g|=0.634  dt=10ms    F
yaw=   +5.0°  pitch=  -11.8°  roll=  -14.8°  raw=( 5409, 7158, 9025)  acc=(-0.461,-0.495,-0.373)  |g|=0.772  dt=10ms    F
yaw=   +5.1°  pitch=  -11.9°  roll=  -15.9°  raw=( 6192, 8108, 8804)  acc=(-0.441,-0.515,-0.255)  |g|=0.724  dt=10ms    F
yaw=   +5.2°  pitch=  -12.3°  roll=  -16.6°  raw=( 6746, 8918, 8551)  acc=(-0.441,-0.495,-0.059)  |g|=0.666  dt=10ms    F
yaw=   +5.0°  pitch=  -13.2°  roll=  -17.4°  raw=( 6676, 9648, 8271)  acc=(-0.382,-0.436,+0.078)  |g|=0.585  dt=10ms    F
yaw=   +4.7°  pitch=  -14.4°  roll=  -18.3°  raw=( 6348,10297, 8012)  acc=(-0.392,-0.356,+0.196)  |g|=0.565  dt=10ms    F
yaw=   +4.2°  pitch=  -16.1°  roll=  -19.6°  raw=( 5578,11007, 7799)  acc=(-0.373,-0.257,+0.216)  |g|=0.502  dt=10ms    F
yaw=   +3.3°  pitch=  -18.2°  roll=  -21.6°  raw=( 4516,11824, 7646)  acc=(-0.255,-0.119,+0.118)  |g|=0.305  dt=11ms    F
yaw=   +2.2°  pitch=  -20.9°  roll=  -24.0°  raw=( 3803,12762, 7776)  acc=(-0.284,-0.079,+0.000)  |g|=0.295  dt=11ms    F
yaw=   +0.9°  pitch=  -24.3°  roll=  -27.0°  raw=( 3045,14107, 7877)  acc=(-0.353,+0.000,-0.039)  |g|=0.355  dt=11ms    F
yaw=   -0.9°  pitch=  -28.3°  roll=  -30.5°  raw=( 2381,15517, 7745)  acc=(-0.363,+0.079,+0.098)  |g|=0.384  dt=10ms    F
yaw=   -3.2°  pitch=  -32.9°  roll=  -34.4°  raw=( 2342,10054, 7636)  acc=(-0.569,+0.020,+0.451)  |g|=0.726  dt=11ms    F
yaw=   -6.5°  pitch=  -37.3°  roll=  -38.4°  raw=( 2953,10092, 6173)  acc=(-0.833,-0.040,+0.980)  |g|=1.287  dt=10ms    F
yaw=  -10.7°  pitch=  -41.2°  roll=  -42.5°  raw=( 3268, 9995, 5174)  acc=(-0.775,+0.059,+1.216)  |g|=1.443  dt=10ms    F
yaw=  -15.9°  pitch=  -44.6°  roll=  -47.0°  raw=( 3602,15659, 4425)  acc=(-0.627,+0.178,+1.275)  |g|=1.432  dt=10ms    F
yaw=  -21.8°  pitch=  -47.4°  roll=  -51.9°  raw=( 4065,14881, 3901)  acc=(-0.451,+0.356,+1.373)  |g|=1.488  dt=11ms    F
yaw=  -28.1°  pitch=  -49.6°  roll=  -56.8°  raw=( 4687,14035, 3605)  acc=(-0.167,+0.495,+1.549)  |g|=1.635  dt=11ms    F
yaw=  -33.6°  pitch=  -51.2°  roll=  -60.7°  raw=( 5702,12829, 3719)  acc=(+0.029,+0.475,+1.627)  |g|=1.696  dt=11ms    F
yaw=  -38.2°  pitch=  -52.3°  roll=  -63.7°  raw=( 6707,11745, 4101)  acc=(-0.029,+0.436,+1.706)  |g|=1.761  dt=11ms    F
yaw=  -42.2°  pitch=  -53.1°  roll=  -65.9°  raw=( 7186,10881, 4270)  acc=(-0.108,+0.356,+1.647)  |g|=1.689  dt=11ms    F
yaw=  -46.0°  pitch=  -53.7°  roll=  -67.8°  raw=( 7527,10288, 4243)  acc=(-0.186,+0.277,+1.627)  |g|=1.661  dt=11ms    F
yaw=  -49.6°  pitch=  -54.1°  roll=  -69.5°  raw=( 7418, 9993, 4021)  acc=(-0.176,+0.158,+1.725)  |g|=1.742  dt=10ms    F
yaw=  -53.5°  pitch=  -54.1°  roll=  -71.3°  raw=( 6938, 9680, 3731)  acc=(+0.010,+0.277,+1.725)  |g|=1.748  dt=11ms    F
yaw=  -57.2°  pitch=  -53.6°  roll=  -72.8°  raw=( 6492, 9008, 3822)  acc=(+0.167,+0.297,+1.412)  |g|=1.452  dt=11ms    F
yaw=  -60.7°  pitch=  -53.0°  roll=  -74.2°  raw=( 6472, 8936, 3864)  acc=(+0.245,+0.317,+1.412)  |g|=1.467  dt=10ms    F
yaw=  -63.7°  pitch=  -52.5°  roll=  -75.0°  raw=( 6832, 8524, 3949)  acc=(+0.294,+0.297,+1.431)  |g|=1.491  dt=10ms    F
yaw=  -66.0°  pitch=  -52.1°  roll=  -75.1°  raw=( 7428, 7919, 3988)  acc=(+0.245,+0.257,+1.471)  |g|=1.513  dt=11ms    F
yaw=  -67.9°  pitch=  -51.7°  roll=  -74.4°  raw=( 7814, 7284, 3956)  acc=(+0.304,+0.238,+1.451)  |g|=1.501  dt=10ms    F
yaw=  -69.4°  pitch=  -51.3°  roll=  -73.4°  raw=( 7807, 6860, 4013)  acc=(+0.402,+0.257,+1.314)  |g|=1.398  dt=11ms    F
yaw=  -70.8°  pitch=  -50.7°  roll=  -72.5°  raw=( 7542, 6810, 4248)  acc=(+0.480,+0.277,+1.118)  |g|=1.248  dt=10ms    F
yaw=  -72.2°  pitch=  -50.1°  roll=  -71.7°  raw=( 7443, 6987, 4601)  acc=(+0.490,+0.257,+1.020)  |g|=1.160  dt=10ms    F
yaw=  -73.5°  pitch=  -49.5°  roll=  -71.2°  raw=( 7299, 7332, 4998)  acc=(+0.490,+0.257,+1.059)  |g|=1.195  dt=10ms    F
yaw=  -74.8°  pitch=  -48.9°  roll=  -70.8°  raw=( 7177, 7458, 5372)  acc=(+0.480,+0.257,+1.098)  |g|=1.226  dt=10ms    F
yaw=  -75.7°  pitch=  -48.4°  roll=  -70.2°  raw=( 7388, 7296, 5741)  acc=(+0.392,+0.178,+1.118)  |g|=1.198  dt=11ms    F
yaw=  -76.4°  pitch=  -47.9°  roll=  -69.5°  raw=( 7607, 7070, 5930)  acc=(+0.314,+0.119,+1.137)  |g|=1.186  dt=11ms    F
yaw=  -76.9°  pitch=  -47.5°  roll=  -68.5°  raw=( 7621, 6847, 5946)  acc=(+0.343,+0.139,+1.118)  |g|=1.177  dt=10ms    F
yaw=  -77.3°  pitch=  -47.0°  roll=  -67.4°  raw=( 7542, 6677, 6068)  acc=(+0.333,+0.119,+1.098)  |g|=1.154  dt=11ms    F
yaw=  -77.5°  pitch=  -46.2°  roll=  -66.4°  raw=( 7093, 6667, 6439)  acc=(+0.382,+0.099,+1.196)  |g|=1.260  dt=11ms    F
yaw=  -77.6°  pitch=  -45.3°  roll=  -65.4°  raw=( 6707, 6650, 6725)  acc=(+0.333,+0.059,+1.333)  |g|=1.376  dt=11ms    F
yaw=  -77.7°  pitch=  -43.9°  roll=  -64.5°  raw=( 6057, 6594, 6968)  acc=(+0.294,+0.040,+1.431)  |g|=1.462  dt=11ms    F
yaw=  -77.7°  pitch=  -42.3°  roll=  -63.7°  raw=( 5389, 6391, 7122)  acc=(+0.284,+0.040,+1.451)  |g|=1.479  dt=10ms    F
yaw=  -77.5°  pitch=  -40.3°  roll=  -62.5°  raw=( 5142, 6033, 7244)  acc=(+0.304,+0.020,+1.529)  |g|=1.559  dt=11ms    F
yaw=  -77.1°  pitch=  -38.4°  roll=  -61.2°  raw=( 5135, 5596, 7328)  acc=(+0.363,+0.059,+1.686)  |g|=1.726  dt=11ms    F
yaw=  -76.4°  pitch=  -36.3°  roll=  -59.5°  raw=( 5076, 4995, 7493)  acc=(+0.549,+0.158,+1.863)  |g|=1.948  dt=11ms    F
yaw=  -75.4°  pitch=  -34.1°  roll=  -57.4°  raw=( 4950, 4122, 7872)  acc=(+0.696,+0.257,+1.961)  |g|=2.097  dt=10ms    F
yaw=  -73.8°  pitch=  -31.6°  roll=  -54.8°  raw=( 4913, 3127, 8456)  acc=(+0.765,+0.356,+1.922)  |g|=2.099  dt=11ms    F
yaw=  -71.8°  pitch=  -28.8°  roll=  -51.7°  raw=( 4685, 2231, 9088)  acc=(+0.784,+0.376,+1.667)  |g|=1.880  dt=11ms    F
yaw=  -69.4°  pitch=  -25.7°  roll=  -48.5°  raw=( 4656, 1652, 9716)  acc=(+0.657,+0.356,+1.490)  |g|=1.667  dt=11ms    F
yaw=  -67.2°  pitch=  -22.4°  roll=  -45.5°  raw=( 4393, 1324,10024)  acc=(+0.490,+0.277,+1.196)  |g|=1.322  dt=10ms    F
yaw=  -65.2°  pitch=  -19.1°  roll=  -42.8°  raw=( 4375, 1367,10052)  acc=(+0.324,+0.238,+1.078)  |g|=1.151  dt=10ms    F
yaw=  -63.1°  pitch=  -13.7°  roll=  -39.4°  raw=( 3679, 1241, 9715)  acc=(+0.480,+0.574,+0.961)  |g|=1.218  dt=15ms    F
