Connected to Wiimote.
MotionPlus activated.
Calibration complete placeholder
================================================================================
Wiimote Console Debugger - Orientation in degrees
  H = Home button pressed (yaw reset)
================================================================================
yaw=  -32.2°  pitch=   +8.8°  roll=   -4.6°  raw=(10034, 3648,10660)  acc=(-0.500,-0.376,+0.196)  |g|=0.656  dt=10ms    F
yaw=  -31.2°  pitch=  +10.3°  roll=   -3.0°  raw=( 9081, 4404,10376)  acc=(-0.549,-0.376,+0.294)  |g|=0.728  dt=10ms    F
yaw=  -30.3°  pitch=  +11.8°  roll=   -2.5°  raw=( 7554, 5207,10149)  acc=(-0.647,-0.574,+0.137)  |g|=0.876  dt=10ms    F
yaw=  -29.3°  pitch=  +13.8°  roll=   -0.3°  raw=( 5846, 6462, 9754)  acc=(-0.882,-0.812,-0.078)  |g|=1.202  dt=11ms    F
yaw=  -28.4°  pitch=  +14.9°  roll=   -2.5°  raw=( 3846, 8321, 8860)  acc=(-1.108,-0.931,-0.157)  |g|=1.455  dt=11ms    F
yaw=  -27.7°  pitch=  +15.5°  roll=   -6.0°  raw=( 1961,10152, 7628)  acc=(-1.078,-0.931,-0.078)  |g|=1.427  dt=10ms    F
yaw=  -27.5°  pitch=  +15.9°  roll=  -10.6°  raw=(  664,11349, 6286)  acc=(-0.794,-0.812,+0.098)  |g|=1.140  dt=11ms    F
yaw=  -27.8°  pitch=  +16.1°  roll=  -15.1°  raw=(  576,11585, 5365)  acc=(-0.559,-0.693,+0.078)  |g|=0.894  dt=10ms    F
yaw=  -28.3°  pitch=  +16.3°  roll=  -19.7°  raw=(  907,11696, 4818)  acc=(-0.471,-0.554,-0.020)  |g|=0.728  dt=10ms    F
yaw=  -29.1°  pitch=  +16.3°  roll=  -24.4°  raw=(  804,12227, 4371)  acc=(-0.343,-0.416,-0.078)  |g|=0.545  dt=10ms    F
yaw=  -29.9°  pitch=  +16.1°  roll=  -29.4°  raw=(  694,12868, 4032)  acc=(-0.176,-0.297,-0.098)  |g|=0.359  dt=10ms    F
yaw=  -30.9°  pitch=  +15.6°  roll=  -34.5°  raw=(  865,13384, 3813)  acc=(-0.010,-0.198,-0.098)  |g|=0.221  dt=10ms    F
yaw=  -32.1°  pitch=  +15.0°  roll=  -39.4°  raw=( 1408,13739, 3658)  acc=(+0.078,-0.178,-0.137)  |g|=0.238  dt=11ms    F
yaw=  -33.6°  pitch=  +14.0°  roll=  -43.9°  raw=( 2219,14068, 3395)  acc=(+0.157,-0.079,-0.039)  |g|=0.180  dt=10ms    F
yaw=  -35.4°  pitch=  +12.8°  roll=  -48.1°  raw=( 3373,14109, 3124)  acc=(+0.235,+0.000,+0.098)  |g|=0.255  dt=11ms    F
yaw=  -37.6°  pitch=  +11.4°  roll=  -51.6°  raw=( 4711,13976, 2943)  acc=(+0.304,+0.079,+0.333)  |g|=0.458  dt=11ms    F
yaw=  -39.9°  pitch=   +9.8°  roll=  -54.4°  raw=( 5970,13747, 2869)  acc=(+0.353,+0.158,+0.627)  |g|=0.737  dt=10ms    F
yaw=  -42.3°  pitch=   +8.3°  roll=  -56.5°  raw=( 7074,12713, 3178)  acc=(+0.539,+0.198,+1.255)  |g|=1.380  dt=11ms    F
yaw=  -44.6°  pitch=   +7.2°  roll=  -58.5°  raw=( 6840,12113, 3511)  acc=(+0.578,+0.198,+1.412)  |g|=1.538  dt=10ms    F
yaw=  -46.7°  pitch=   +6.8°  roll=  -60.7°  raw=( 5979,11549, 3878)  acc=(+0.647,+0.218,+1.392)  |g|=1.551  dt=10ms    F
yaw=  -48.6°  pitch=   +6.9°  roll=  -62.8°  raw=( 5419,10999, 4292)  acc=(+0.647,+0.198,+1.235)  |g|=1.408  dt=10ms    F
yaw=  -50.3°  pitch=   +7.2°  roll=  -64.9°  raw=( 5371,10627, 4589)  acc=(+0.627,+0.178,+1.059)  |g|=1.244  dt=11ms    F
yaw=  -52.0°  pitch=   +7.4°  roll=  -66.6°  raw=( 5857,10391, 4650)  acc=(+0.627,+0.158,+1.098)  |g|=1.275  dt=10ms    F
yaw=  -53.6°  pitch=   +7.4°  roll=  -67.8°  raw=( 6624,10089, 4653)  acc=(+0.676,+0.158,+1.235)  |g|=1.417  dt=10ms    F
yaw=  -55.4°  pitch=   +7.4°  roll=  -68.9°  raw=( 7098, 9712, 4732)  acc=(+0.745,+0.178,+1.373)  |g|=1.572  dt=11ms    F
yaw=  -57.1°  pitch=   +7.5°  roll=  -69.6°  raw=( 7240, 9294, 4884)  acc=(+0.804,+0.198,+1.431)  |g|=1.654  dt=10ms    F
yaw=  -58.5°  pitch=   +8.0°  roll=  -70.4°  raw=( 6559, 8731, 5518)  acc=(+0.922,+0.257,+1.196)  |g|=1.532  dt=10ms    F
yaw=  -59.6°  pitch=   +8.7°  roll=  -71.0°  raw=( 6597, 8561, 5937)  acc=(+0.931,+0.257,+1.098)  |g|=1.463  dt=10ms    F
yaw=  -60.6°  pitch=   +9.2°  roll=  -71.4°  raw=( 6929, 8361, 6339)  acc=(+0.912,+0.238,+1.059)  |g|=1.417  dt=11ms    F
yaw=  -61.4°  pitch=   +9.6°  roll=  -71.5°  raw=( 7440, 8102, 6676)  acc=(+0.843,+0.198,+1.059)  |g|=1.368  dt=10ms    F
yaw=  -62.1°  pitch=   +9.8°  roll=  -71.5°  raw=( 7727, 7912, 6861)  acc=(+0.745,+0.158,+1.098)  |g|=1.336  dt=11ms    F
yaw=  -62.8°  pitch=  +10.2°  roll=  -71.4°  raw=( 7683, 7786, 6883)  acc=(+0.735,+0.139,+1.059)  |g|=1.297  dt=10ms    F
yaw=  -63.6°  pitch=  +10.6°  roll=  -71.3°  raw=( 7597, 7674, 6865)  acc=(+0.745,+0.158,+1.020)  |g|=1.273  dt=11ms    F
yaw=  -64.3°  pitch=  +11.0°  roll=  -71.2°  raw=( 7524, 7629, 6946)  acc=(+0.814,+0.198,+0.941)  |g|=1.260  dt=11ms    F
yaw=  -64.9°  pitch=  +11.4°  roll=  -71.0°  raw=( 7571, 7597, 7168)  acc=(+0.824,+0.218,+0.882)  |g|=1.226  dt=10ms    F
yaw=  -65.3°  pitch=  +11.8°  roll=  -70.8°  raw=( 7674, 7601, 7434)  acc=(+0.775,+0.218,+0.902)  |g|=1.209  dt=10ms    F
yaw=  -65.7°  pitch=  +12.1°  roll=  -70.6°  raw=( 7739, 7548, 7617)  acc=(+0.775,+0.198,+0.882)  |g|=1.191  dt=10ms    F
yaw=  -66.0°  pitch=  +12.4°  roll=  -70.3°  raw=( 7954, 7436, 7752)  acc=(+0.716,+0.158,+0.902)  |g|=1.162  dt=10ms    F
yaw=  -66.3°  pitch=  +12.6°  roll=  -69.8°  raw=( 8198, 7278, 7821)  acc=(+0.667,+0.158,+0.941)  |g|=1.164  dt=10ms    F
yaw=  -66.6°  pitch=  +12.7°  roll=  -69.2°  raw=( 8266, 7078, 7860)  acc=(+0.676,+0.139,+0.961)  |g|=1.183  dt=10ms    F
yaw=  -66.9°  pitch=  +12.8°  roll=  -68.4°  raw=( 8652, 6789, 8002)  acc=(+0.578,+0.079,+0.980)  |g|=1.141  dt=10ms    F
yaw=  -67.2°  pitch=  +12.8°  roll=  -67.5°  raw=( 8804, 6677, 7980)  acc=(+0.549,+0.059,+1.157)  |g|=1.282  dt=10ms    F
yaw=  -67.5°  pitch=  +12.8°  roll=  -66.4°  raw=( 8894, 6363, 7969)  acc=(+0.392,+0.040,+1.294)  |g|=1.353  dt=10ms    F
yaw=  -68.0°  pitch=  +12.8°  roll=  -65.0°  raw=( 8991, 5936, 7892)  acc=(+0.392,-0.020,+1.392)  |g|=1.446  dt=10ms    F
yaw=  -68.6°  pitch=  +12.9°  roll=  -63.4°  raw=( 9168, 5432, 7727)  acc=(+0.363,-0.040,+1.431)  |g|=1.477  dt=10ms    F
yaw=  -69.3°  pitch=  +12.9°  roll=  -61.5°  raw=( 9361, 4907, 7573)  acc=(+0.333,-0.059,+1.451)  |g|=1.490  dt=10ms    F
yaw=  -70.3°  pitch=  +12.9°  roll=  -59.1°  raw=( 9531, 4429, 7457)  acc=(+0.343,-0.040,+1.431)  |g|=1.472  dt=11ms    F
yaw=  -71.3°  pitch=  +12.8°  roll=  -56.6°  raw=( 9697, 4002, 7399)  acc=(+0.382,-0.040,+1.392)  |g|=1.444  dt=10ms    F
yaw=  -72.3°  pitch=  +12.7°  roll=  -53.9°  raw=( 9853, 3669, 7467)  acc=(+0.343,-0.079,+1.392)  |g|=1.436  dt=11ms    F
yaw=  -73.3°  pitch=  +12.7°  roll=  -51.1°  raw=( 9705, 3407, 7477)  acc=(+0.284,-0.079,+1.333)  |g|=1.366  dt=10ms    F
yaw=  -74.3°  pitch=  +12.8°  roll=  -48.2°  raw=( 9442, 3195, 7361)  acc=(+0.324,-0.040,+1.176)  |g|=1.221  dt=10ms    F
yaw=  -75.4°  pitch=  +12.9°  roll=  -45.4°  raw=( 9303, 3120, 7314)  acc=(+0.314,-0.020,+1.039)  |g|=1.086  dt=10ms    F
