Connected to Wiimote.
MotionPlus activated.
Calibration complete placeholder
================================================================================
Wiimote Console Debugger - Orientation in degrees
  H = Home button pressed (yaw reset)
================================================================================
yaw=  +96.4°  pitch=  +28.6°  roll=  -75.9°  raw=( 5108, 8107, 9594)  acc=(-0.353,-0.614,+0.118)  |g|=0.718  dt=10ms    F
yaw=  +97.1°  pitch=  +26.7°  roll=  -75.6°  raw=( 4739, 8252, 9724)  acc=(-0.382,-0.574,+0.039)  |g|=0.691  dt=11ms    F
yaw=  +97.8°  pitch=  +25.1°  roll=  -75.2°  raw=( 5146, 8560, 9754)  acc=(-0.520,-0.634,-0.059)  |g|=0.822  dt=10ms    F
yaw=  +98.3°  pitch=  +23.7°  roll=  -74.4°  raw=( 5379, 9091, 9652)  acc=(-0.735,-0.752,-0.176)  |g|=1.067  dt=10ms    F
yaw=  +98.3°  pitch=  +22.3°  roll=  -73.1°  raw=( 5340, 9969, 9249)  acc=(-0.922,-0.871,-0.275)  |g|=1.298  dt=10ms    F
yaw=  +97.8°  pitch=  +20.7°  roll=  -71.2°  raw=( 4804,11088, 8522)  acc=(-1.000,-0.950,-0.176)  |g|=1.391  dt=10ms    F
yaw=  +96.7°  pitch=  +18.8°  roll=  -68.6°  raw=( 4013,12037, 7682)  acc=(-1.010,-0.970,-0.078)  |g|=1.403  dt=11ms    F
yaw=  +95.1°  pitch=  +16.5°  roll=  -65.8°  raw=( 3427,12727, 6817)  acc=(-1.069,-0.990,-0.078)  |g|=1.459  dt=10ms    F
yaw=  +92.9°  pitch=  +13.7°  roll=  -62.7°  raw=( 2616,13467, 5673)  acc=(-1.049,-0.950,-0.275)  |g|=1.442  dt=10ms    F
yaw=  +90.1°  pitch=  +10.3°  roll=  -59.0°  raw=( 1502,14777, 4396)  acc=(-0.941,-0.812,-0.510)  |g|=1.343  dt=10ms    F
yaw=  +86.9°  pitch=   +6.2°  roll=  -54.5°  raw=(  734,10062, 3180)  acc=(-0.725,-0.475,-0.608)  |g|=1.059  dt=10ms    F
yaw=  +83.4°  pitch=   +1.6°  roll=  -49.5°  raw=( 6404,10424, 2337)  acc=(-0.402,-0.040,-0.392)  |g|=0.563  dt=10ms    F
yaw=  +80.1°  pitch=   -3.5°  roll=  -44.4°  raw=( 6363,10592, 1797)  acc=(+0.010,+0.238,+0.039)  |g|=0.241  dt=10ms    F
yaw=  +77.0°  pitch=   -8.6°  roll=  -39.4°  raw=(  904,10490, 1687)  acc=(+0.333,+0.356,+0.510)  |g|=0.706  dt=11ms    F
yaw=  +74.1°  pitch=  -12.7°  roll=  -35.0°  raw=( 3181,10198, 1743)  acc=(+0.461,+0.376,+1.098)  |g|=1.249  dt=11ms    F
yaw=  +71.4°  pitch=  -14.5°  roll=  -32.4°  raw=( 6357,13423, 2381)  acc=(+0.578,+0.277,+1.627)  |g|=1.749  dt=11ms    F
yaw=  +69.0°  pitch=  -15.9°  roll=  -30.5°  raw=( 6917,12007, 2952)  acc=(+0.529,+0.198,+1.255)  |g|=1.376  dt=11ms    F
yaw=  +67.0°  pitch=  -17.2°  roll=  -29.1°  raw=( 6953,11462, 3704)  acc=(+0.402,+0.079,+0.882)  |g|=0.973  dt=10ms    F
yaw=  +65.3°  pitch=  -18.8°  roll=  -26.5°  raw=( 6533,11527, 4413)  acc=(+0.255,+0.000,+0.804)  |g|=0.843  dt=11ms    F
yaw=  +63.9°  pitch=  -20.6°  roll=  -24.3°  raw=( 5900,11689, 4858)  acc=(+0.235,-0.040,+0.922)  |g|=0.952  dt=11ms    F
yaw=  +62.6°  pitch=  -22.9°  roll=  -23.1°  raw=( 5464,11703, 5068)  acc=(+0.343,+0.000,+1.176)  |g|=1.225  dt=11ms    F
yaw=  +61.3°  pitch=  -25.0°  roll=  -22.2°  raw=( 5297,11321, 5236)  acc=(+0.510,+0.040,+1.255)  |g|=1.355  dt=10ms    F
yaw=  +60.1°  pitch=  -26.8°  roll=  -21.6°  raw=( 5826,10652, 5531)  acc=(+0.539,+0.000,+1.235)  |g|=1.348  dt=11ms    F
yaw=  +59.1°  pitch=  -28.0°  roll=  -21.0°  raw=( 6756,10112, 5744)  acc=(+0.451,-0.020,+1.314)  |g|=1.389  dt=10ms    F
yaw=  +58.1°  pitch=  -28.8°  roll=  -20.6°  raw=( 7302, 9560, 5831)  acc=(+0.343,-0.040,+1.255)  |g|=1.302  dt=10ms    F
yaw=  +56.9°  pitch=  -29.3°  roll=  -20.3°  raw=( 7587, 9104, 5825)  acc=(+0.363,-0.079,+1.176)  |g|=1.234  dt=11ms    F
yaw=  +55.8°  pitch=  -29.8°  roll=  -20.1°  raw=( 7578, 8862, 6019)  acc=(+0.461,-0.040,+1.098)  |g|=1.191  dt=11ms    F
yaw=  +54.7°  pitch=  -30.3°  roll=  -20.0°  raw=( 7389, 8921, 6149)  acc=(+0.480,-0.020,+1.059)  |g|=1.163  dt=11ms    F
yaw=  +53.7°  pitch=  -31.0°  roll=  -19.9°  raw=( 7292, 9077, 6312)  acc=(+0.490,-0.020,+1.118)  |g|=1.221  dt=11ms    F
yaw=  +52.9°  pitch=  -31.7°  roll=  -19.7°  raw=( 7234, 9148, 6514)  acc=(+0.529,+0.020,+1.196)  |g|=1.308  dt=11ms    F
yaw=  +52.1°  pitch=  -32.4°  roll=  -19.7°  raw=( 7311, 8938, 6701)  acc=(+0.588,+0.020,+1.157)  |g|=1.298  dt=11ms    F
yaw=  +51.4°  pitch=  -32.7°  roll=  -19.6°  raw=( 7706, 8673, 6883)  acc=(+0.569,+0.020,+1.098)  |g|=1.237  dt=11ms    F
yaw=  +50.8°  pitch=  -33.0°  roll=  -19.4°  raw=( 7923, 8629, 6996)  acc=(+0.529,+0.000,+1.118)  |g|=1.237  dt=11ms    F
yaw=  +50.2°  pitch=  -33.3°  roll=  -19.4°  raw=( 7761, 8567, 7021)  acc=(+0.588,+0.020,+1.118)  |g|=1.263  dt=11ms    F
yaw=  +49.5°  pitch=  -33.6°  roll=  -19.5°  raw=( 7617, 8523, 7115)  acc=(+0.637,+0.059,+1.078)  |g|=1.254  dt=11ms    F
yaw=  +49.0°  pitch=  -34.0°  roll=  -19.5°  raw=( 7628, 8497, 7256)  acc=(+0.608,+0.059,+1.059)  |g|=1.222  dt=11ms    F
yaw=  +48.5°  pitch=  -34.2°  roll=  -19.6°  raw=( 7766, 8454, 7338)  acc=(+0.598,+0.059,+1.098)  |g|=1.252  dt=10ms    F
yaw=  +48.1°  pitch=  -34.4°  roll=  -19.6°  raw=( 7861, 8394, 7359)  acc=(+0.627,+0.079,+1.118)  |g|=1.284  dt=10ms    F
yaw=  +47.6°  pitch=  -34.5°  roll=  -19.7°  raw=( 7851, 8279, 7394)  acc=(+0.627,+0.119,+1.098)  |g|=1.270  dt=10ms    F
yaw=  +47.2°  pitch=  -34.6°  roll=  -19.7°  raw=( 8003, 8132, 7567)  acc=(+0.686,+0.158,+1.078)  |g|=1.288  dt=10ms    F
yaw=  +46.9°  pitch=  -34.5°  roll=  -19.8°  raw=( 8083, 8044, 7717)  acc=(+0.735,+0.178,+1.098)  |g|=1.333  dt=11ms    F
yaw=  +46.7°  pitch=  -34.5°  roll=  -20.0°  raw=( 8111, 7934, 7919)  acc=(+0.637,+0.139,+1.020)  |g|=1.210  dt=11ms    F
yaw=  +46.5°  pitch=  -34.4°  roll=  -20.1°  raw=( 8093, 8022, 7999)  acc=(+0.569,+0.119,+1.078)  |g|=1.225  dt=11ms    F
yaw=  +46.3°  pitch=  -34.4°  roll=  -20.2°  raw=( 8058, 7955, 7969)  acc=(+0.569,+0.119,+1.118)  |g|=1.260  dt=10ms    F
yaw=  +46.1°  pitch=  -34.2°  roll=  -20.4°  raw=( 8165, 7707, 7933)  acc=(+0.520,+0.139,+1.137)  |g|=1.258  dt=10ms    F
yaw=  +45.8°  pitch=  -33.8°  roll=  -20.7°  raw=( 8372, 7437, 7899)  acc=(+0.490,+0.119,+1.137)  |g|=1.244  dt=11ms    F
yaw=  +45.4°  pitch=  -33.3°  roll=  -21.0°  raw=( 8461, 7208, 7841)  acc=(+0.549,+0.139,+1.157)  |g|=1.288  dt=11ms    F
yaw=  +45.1°  pitch=  -32.7°  roll=  -21.3°  raw=( 8577, 7061, 7900)  acc=(+0.588,+0.158,+1.216)  |g|=1.360  dt=11ms    F
yaw=  +44.9°  pitch=  -31.9°  roll=  -21.6°  raw=( 8794, 6884, 8106)  acc=(+0.539,+0.158,+1.333)  |g|=1.447  dt=11ms    F
yaw=  +44.8°  pitch=  -30.9°  roll=  -21.9°  raw=( 9170, 6555, 8328)  acc=(+0.314,+0.079,+1.588)  |g|=1.621  dt=10ms    F
yaw=  +44.2°  pitch=  -29.2°  roll=  -22.7°  raw=( 9434, 5070, 7814)  acc=(-0.088,-0.079,+2.157)  |g|=2.160  dt=10ms    F
yaw=  +43.1°  pitch=  -27.0°  roll=  -24.0°  raw=( 9394, 3919, 7213)  acc=(-0.127,-0.059,+2.157)  |g|=2.161  dt=11ms    F
yaw=  +41.5°  pitch=  -24.5°  roll=  -25.8°  raw=( 8965, 2934, 6764)  acc=(+0.069,+0.020,+2.059)  |g|=2.060  dt=11ms    F
yaw=  +39.8°  pitch=  -21.7°  roll=  -28.0°  raw=( 8668, 2123, 6649)  acc=(+0.324,+0.139,+2.059)  |g|=2.089  dt=11ms    F
yaw=  +38.3°  pitch=  -18.5°  roll=  -30.3°  raw=( 8680, 1296, 6963)  acc=(+0.402,+0.178,+2.000)  |g|=2.048  dt=11ms    F
yaw=  +37.1°  pitch=  -15.1°  roll=  -32.9°  raw=( 8362, 6493, 7398)  acc=(+0.294,+0.139,+1.863)  |g|=1.891  dt=11ms    F
yaw=  +36.1°  pitch=  -11.5°  roll=  -35.7°  raw=( 8151, 6380, 7552)  acc=(+0.176,+0.099,+1.706)  |g|=1.718  dt=10ms    F
yaw=  +35.3°  pitch=   -7.7°  roll=  -38.4°  raw=( 8104, 6273, 7425)  acc=(+0.137,+0.139,+1.529)  |g|=1.542  dt=10ms    F
yaw=  +34.5°  pitch=   -3.7°  roll=  -41.1°  raw=( 8341, 6145, 7220)  acc=(+0.127,+0.158,+1.294)  |g|=1.310  dt=10ms    F
yaw=  +33.7°  pitch=   +0.9°  roll=  -43.9°  raw=( 8627, 6040, 6923)  acc=(+0.196,+0.139,+1.039)  |g|=1.067  dt=10ms    F
yaw=  +32.4°  pitch=   +4.9°  roll=  -44.9°  raw=( 8466, 6026, 6686)  acc=(+0.284,+0.119,+0.706)  |g|=0.770  dt=11ms    F
yaw=  +31.9°  pitch=   +9.2°  roll=  -48.1°  raw=( 7540, 6137, 6694)  acc=(+0.363,+0.139,+0.569)  |g|=0.689  dt=11ms    F
yaw=  +32.0°  pitch=  +12.7°  roll=  -51.7°  raw=( 6050, 6276, 7001)  acc=(+0.480,+0.139,+0.235)  |g|=0.553  dt=10ms    F
yaw=  +32.5°  pitch=  +15.1°  roll=  -55.1°  raw=( 5517, 1509, 7723)  acc=(+0.755,+0.059,-0.510)  |g|=0.913  dt=11ms    F
