Connected to Wiimote.
MotionPlus activated.
Calibration complete placeholder
================================================================================
Wiimote Console Debugger - Orientation in degrees
  H = Home button pressed (yaw reset)
================================================================================
yaw= +143.6°  pitch=  +53.2°  roll= -131.8°  raw=( 6845, 9741, 7913)  acc=(-0.324,-0.614,+0.216)  |g|=0.727  dt=10ms    F
yaw= +140.6°  pitch=  +53.3°  roll= -128.3°  raw=( 5368,10647, 7809)  acc=(-0.225,-0.594,+0.118)  |g|=0.646  dt=11ms    F
yaw= +137.2°  pitch=  +53.3°  roll= -124.2°  raw=( 4892,11110, 7894)  acc=(-0.225,-0.653,+0.039)  |g|=0.692  dt=11ms    F
yaw= +133.6°  pitch=  +53.4°  roll= -119.9°  raw=( 4750,11659, 7839)  acc=(-0.314,-0.752,+0.039)  |g|=0.816  dt=10ms    F
yaw= +129.4°  pitch=  +53.4°  roll= -115.2°  raw=( 4755,12135, 7526)  acc=(-0.382,-0.812,+0.020)  |g|=0.898  dt=10ms    F
yaw= +124.6°  pitch=  +53.3°  roll= -109.9°  raw=( 4518,12607, 7085)  acc=(-0.539,-0.851,-0.098)  |g|=1.013  dt=11ms    F
yaw= +119.3°  pitch=  +52.9°  roll= -103.7°  raw=( 4206,13499, 6338)  acc=(-0.559,-0.832,-0.118)  |g|=1.009  dt=10ms    F
yaw= +113.6°  pitch=  +52.3°  roll=  -97.3°  raw=( 4078,14322, 5494)  acc=(-0.549,-0.772,-0.137)  |g|=0.957  dt=10ms    F
yaw= +106.2°  pitch=  +51.7°  roll=  -90.4°  raw=( 4420,14952, 4654)  acc=(-0.549,-0.653,-0.216)  |g|=0.880  dt=11ms    F
yaw=  +98.0°  pitch=  +50.9°  roll=  -83.2°  raw=( 5191,15724, 3794)  acc=(-0.598,-0.515,-0.412)  |g|=0.890  dt=11ms    F
yaw=  +89.0°  pitch=  +49.7°  roll=  -75.2°  raw=( 5371,10148, 2987)  acc=(-0.657,-0.198,-0.471)  |g|=0.832  dt=11ms    F
yaw=  +79.0°  pitch=  +47.2°  roll=  -66.6°  raw=( 4887,10471, 2141)  acc=(-0.598,+0.198,-0.275)  |g|=0.687  dt=11ms    F
yaw=  +69.0°  pitch=  +43.3°  roll=  -58.2°  raw=( 4519,10689, 1319)  acc=(-0.363,+0.515,+0.275)  |g|=0.687  dt=11ms    F
yaw=  +60.6°  pitch=  +38.7°  roll=  -51.8°  raw=( 4503,10663, 6544)  acc=(-0.029,+0.475,+1.078)  |g|=1.179  dt=11ms    F
yaw=  +53.7°  pitch=  +34.5°  roll=  -47.3°  raw=( 5279,10277, 6542)  acc=(+0.176,+0.416,+1.902)  |g|=1.955  dt=11ms    F
yaw=  +49.5°  pitch=  +32.7°  roll=  -46.2°  raw=( 6605,11516, 1562)  acc=(+0.667,+0.337,+1.745)  |g|=1.898  dt=10ms    F
yaw=  +46.3°  pitch=  +31.5°  roll=  -45.9°  raw=( 6927, 9988, 2644)  acc=(+0.529,+0.238,+0.843)  |g|=1.024  dt=10ms    F
yaw=  +41.5°  pitch=  +28.6°  roll=  -43.6°  raw=( 7118,10367, 3479)  acc=(+0.431,+0.178,+0.608)  |g|=0.766  dt=11ms    F
yaw=  +38.7°  pitch=  +26.8°  roll=  -42.8°  raw=( 7121,11331, 3906)  acc=(+0.490,+0.198,+1.039)  |g|=1.166  dt=11ms    F
yaw=  +36.3°  pitch=  +25.0°  roll=  -42.2°  raw=( 6891,11465, 4204)  acc=(+0.667,+0.277,+1.431)  |g|=1.603  dt=11ms    F
yaw=  +34.1°  pitch=  +23.4°  roll=  -41.9°  raw=( 6918,10820, 4629)  acc=(+0.755,+0.337,+1.608)  |g|=1.808  dt=11ms    F
yaw=  +32.4°  pitch=  +22.3°  roll=  -41.7°  raw=( 7349, 9988, 5141)  acc=(+0.647,+0.356,+1.627)  |g|=1.787  dt=10ms    F
yaw=  +30.8°  pitch=  +21.6°  roll=  -41.6°  raw=( 7566, 9311, 5379)  acc=(+0.549,+0.277,+1.549)  |g|=1.667  dt=10ms    F
yaw=  +29.4°  pitch=  +21.0°  roll=  -41.8°  raw=( 7280, 8996, 5357)  acc=(+0.539,+0.317,+1.412)  |g|=1.544  dt=10ms    F
yaw=  +28.1°  pitch=  +20.5°  roll=  -42.2°  raw=( 7101, 8735, 5553)  acc=(+0.833,+0.436,+1.353)  |g|=1.648  dt=10ms    F
yaw=  +27.0°  pitch=  +20.1°  roll=  -42.5°  raw=( 7435, 8462, 5982)  acc=(+0.922,+0.455,+1.353)  |g|=1.699  dt=11ms    F
yaw=  +26.2°  pitch=  +20.0°  roll=  -42.8°  raw=( 7605, 8285, 6597)  acc=(+0.892,+0.455,+1.294)  |g|=1.636  dt=10ms    F
yaw=  +25.7°  pitch=  +19.9°  roll=  -43.0°  raw=( 7729, 8179, 7139)  acc=(+0.824,+0.396,+1.353)  |g|=1.633  dt=11ms    F
yaw=  +25.4°  pitch=  +19.9°  roll=  -43.2°  raw=( 7781, 8024, 7559)  acc=(+0.657,+0.337,+1.353)  |g|=1.541  dt=11ms    F
yaw=  +25.3°  pitch=  +19.9°  roll=  -43.6°  raw=( 7709, 7827, 7739)  acc=(+0.480,+0.238,+1.314)  |g|=1.419  dt=11ms    F
yaw=  +25.1°  pitch=  +20.2°  roll=  -43.8°  raw=( 7927, 7623, 7669)  acc=(+0.353,+0.158,+1.373)  |g|=1.426  dt=10ms    F
yaw=  +24.8°  pitch=  +20.6°  roll=  -44.0°  raw=( 8081, 7319, 7440)  acc=(+0.333,+0.139,+1.490)  |g|=1.533  dt=10ms    F
yaw=  +24.4°  pitch=  +21.2°  roll=  -44.4°  raw=( 8079, 6915, 7258)  acc=(+0.324,+0.158,+1.608)  |g|=1.648  dt=10ms    F
yaw=  +24.0°  pitch=  +22.0°  roll=  -44.8°  raw=( 8117, 6437, 7151)  acc=(+0.294,+0.139,+1.627)  |g|=1.660  dt=11ms    F
yaw=  +23.6°  pitch=  +23.1°  roll=  -45.4°  raw=( 8036, 6023, 7056)  acc=(+0.216,+0.099,+1.765)  |g|=1.781  dt=11ms    F
yaw=  +23.2°  pitch=  +24.7°  roll=  -46.5°  raw=( 7586, 4863, 6743)  acc=(+0.118,+0.040,+1.941)  |g|=1.945  dt=11ms    F
yaw=  +22.9°  pitch=  +26.5°  roll=  -47.9°  raw=( 7356, 4138, 6520)  acc=(+0.078,+0.059,+2.000)  |g|=2.002  dt=10ms    F
yaw=  +22.7°  pitch=  +28.9°  roll=  -49.6°  raw=( 7264, 3275, 6284)  acc=(+0.069,+0.079,+2.157)  |g|=2.159  dt=11ms    F
yaw=  +22.5°  pitch=  +32.0°  roll=  -51.7°  raw=( 7239, 2052, 6033)  acc=(+0.078,+0.079,+2.176)  |g|=2.179  dt=11ms    F
yaw=  +22.5°  pitch=  +35.5°  roll=  -54.0°  raw=( 7365,  758, 5723)  acc=(-0.078,+0.059,+2.235)  |g|=2.237  dt=10ms    F
yaw=  +22.4°  pitch=  +39.8°  roll=  -56.6°  raw=( 7737, 6246, 5089)  acc=(-0.284,+0.218,+2.255)  |g|=2.283  dt=10ms    F
yaw=  +22.5°  pitch=  +44.8°  roll=  -60.1°  raw=( 7253, 5939, 4157)  acc=(-0.108,+0.436,+2.000)  |g|=2.050  dt=10ms    F
yaw=  +23.4°  pitch=  +50.0°  roll=  -64.6°  raw=( 6664, 5698, 3592)  acc=(+0.147,+0.673,+1.647)  |g|=1.785  dt=10ms    F
yaw=  +25.4°  pitch=  +55.6°  roll=  -70.3°  raw=( 6658, 5606, 3576)  acc=(+0.471,+0.851,+1.314)  |g|=1.635  dt=11ms    F
yaw=  +29.3°  pitch=  +61.3°  roll=  -77.7°  raw=( 6687, 5562, 4027)  acc=(+0.667,+0.812,+1.078)  |g|=1.506  dt=11ms    F
yaw=  +36.2°  pitch=  +66.6°  roll=  -87.6°  raw=( 6708, 5513, 4596)  acc=(+0.775,+0.772,+0.627)  |g|=1.261  dt=11ms    F
yaw=  +47.2°  pitch=  +71.1°  roll= -101.2°  raw=( 6909, 5505, 5167)  acc=(+0.873,+0.792,+0.235)  |g|=1.202  dt=10ms    F
yaw=  +64.1°  pitch=  +74.8°  roll= -120.2°  raw=( 7933, 5516, 5676)  acc=(+1.088,+0.871,+0.020)  |g|=1.394  dt=10ms    F
yaw=  +88.8°  pitch=  +77.0°  roll= -146.7°  raw=( 9166, 5488, 6256)  acc=(+1.314,+0.871,-0.294)  |g|=1.604  dt=11ms    F
yaw= +116.3°  pitch=  +76.7°  roll= -175.7°  raw=(10255, 5576, 6845)  acc=(+1.559,+0.792,-0.627)  |g|=1.858  dt=10ms    F
yaw= +137.5°  pitch=  +74.4°  roll= +162.1°  raw=(10928, 5814, 7676)  acc=(+1.510,+0.535,-1.000)  |g|=1.888  dt=10ms    F
yaw= +150.0°  pitch=  +71.2°  roll= +149.4°  raw=(10207, 6327, 8600)  acc=(+1.284,+0.257,-1.216)  |g|=1.787  dt=11ms    F
