Connected to Wiimote.
MotionPlus activated.
Calibration complete placeholder
================================================================================
Wiimote Console Debugger - Orientation in degrees
  H = Home button pressed (yaw reset)
================================================================================
yaw= +105.3°  pitch=  +74.2°  roll= -168.0°  raw=( 7072,10495, 7417)  acc=(-1.235,-1.228,+0.608)  |g|=1.845  dt=100ms    F
yaw=  +97.5°  pitch=  +73.6°  roll= -158.5°  raw=( 6179,10878, 5958)  acc=(-1.118,-1.208,+0.588)  |g|=1.748  dt=11ms    F
yaw=  +89.3°  pitch=  +72.2°  roll= -152.1°  raw=( 5402,11298, 4705)  acc=(-1.020,-1.069,+0.549)  |g|=1.576  dt=11ms    F
yaw=  +81.3°  pitch=  +70.3°  roll= -146.4°  raw=( 5047,11674, 3409)  acc=(-0.794,-0.792,+0.529)  |g|=1.240  dt=11ms    F
yaw=  +74.0°  pitch=  +68.3°  roll= -142.1°  raw=( 5220,11678, 2380)  acc=(-0.441,-0.554,+0.510)  |g|=0.873  dt=11ms    F
yaw=  +66.9°  pitch=  +66.9°  roll= -138.2°  raw=( 6698,11626, 1319)  acc=(-0.088,-0.416,+0.588)  |g|=0.726  dt=10ms    F
yaw=  +59.7°  pitch=  +65.6°  roll= -134.6°  raw=( 7126,11798, 6595)  acc=(-0.039,-0.396,+0.588)  |g|=0.710  dt=10ms    F
yaw=  +52.2°  pitch=  +63.8°  roll= -131.0°  raw=( 7112,12184, 6543)  acc=(-0.137,-0.436,+0.608)  |g|=0.760  dt=11ms    F
yaw=  +45.3°  pitch=  +61.7°  roll= -128.0°  raw=( 6796,12647, 6445)  acc=(-0.225,-0.257,+0.608)  |g|=0.698  dt=10ms    F
yaw=  +38.6°  pitch=  +58.9°  roll= -126.0°  raw=( 6238,12938, 6275)  acc=(-0.020,-0.020,+0.569)  |g|=0.569  dt=11ms    F
yaw=  +32.6°  pitch=  +56.1°  roll= -124.8°  raw=( 6099,13079, 6191)  acc=(+0.255,+0.277,+0.667)  |g|=0.766  dt=11ms    F
yaw=  +27.0°  pitch=  +53.6°  roll= -123.8°  raw=( 6708,12733, 6187)  acc=(+0.608,+0.436,+0.882)  |g|=1.157  dt=10ms    F
yaw=  +21.7°  pitch=  +51.6°  roll= -122.9°  raw=( 7583,11924, 6313)  acc=(+0.784,+0.277,+1.059)  |g|=1.347  dt=10ms    F
yaw=  +17.2°  pitch=  +50.1°  roll= -122.4°  raw=( 7795,11227, 6492)  acc=(+0.373,+0.317,+1.216)  |g|=1.310  dt=10ms    F
yaw=  +12.9°  pitch=  +48.5°  roll= -122.4°  raw=( 7357,10907, 6465)  acc=(+0.735,+0.297,+1.471)  |g|=1.671  dt=11ms    F
yaw=  +10.0°  pitch=  +47.3°  roll= -123.4°  raw=( 6439,10106, 1246)  acc=(+0.931,+0.277,+1.314)  |g|=1.634  dt=10ms    F
yaw=   +7.7°  pitch=  +46.4°  roll= -124.8°  raw=( 6195, 9535, 2067)  acc=(+1.020,+0.297,+1.157)  |g|=1.570  dt=10ms    F
yaw=   +5.7°  pitch=  +45.8°  roll= -126.1°  raw=( 6341, 9075, 2877)  acc=(+1.049,+0.238,+1.039)  |g|=1.496  dt=11ms    F
yaw=   +3.9°  pitch=  +45.6°  roll= -127.0°  raw=( 7008, 8586, 3729)  acc=(+0.971,+0.178,+0.941)  |g|=1.364  dt=10ms    F
yaw=   +2.0°  pitch=  +45.5°  roll= -127.2°  raw=( 7947, 8235, 4706)  acc=(+0.745,+0.079,+1.098)  |g|=1.329  dt=11ms    F
yaw=   +0.5°  pitch=  +45.6°  roll= -127.5°  raw=( 7727, 8102, 4966)  acc=(+0.696,+0.059,+1.137)  |g|=1.335  dt=11ms    F
yaw=   -0.9°  pitch=  +45.7°  roll= -128.2°  raw=( 7331, 7959, 5134)  acc=(+0.686,+0.059,+1.098)  |g|=1.296  dt=12ms    F
yaw=   -2.1°  pitch=  +45.9°  roll= -128.9°  raw=( 7243, 7806, 5253)  acc=(+0.706,+0.079,+1.098)  |g|=1.308  dt=11ms    F
yaw=   -3.2°  pitch=  +46.3°  roll= -129.6°  raw=( 7316, 7565, 5369)  acc=(+0.775,+0.139,+1.020)  |g|=1.288  dt=11ms    F
yaw=   -4.2°  pitch=  +46.8°  roll= -130.1°  raw=( 7398, 7412, 5582)  acc=(+0.833,+0.139,+0.882)  |g|=1.222  dt=10ms    F
yaw=   -5.2°  pitch=  +47.2°  roll= -130.5°  raw=( 7670, 7444, 5842)  acc=(+0.784,+0.139,+0.863)  |g|=1.174  dt=10ms    F
yaw=   -6.3°  pitch=  +47.6°  roll= -130.7°  raw=( 7813, 7553, 6034)  acc=(+0.775,+0.139,+0.882)  |g|=1.182  dt=11ms    F
yaw=   -7.3°  pitch=  +47.9°  roll= -130.8°  raw=( 7928, 7587, 6164)  acc=(+0.873,+0.198,+0.941)  |g|=1.299  dt=11ms    F
yaw=   -8.1°  pitch=  +48.4°  roll= -130.8°  raw=( 8035, 7423, 6826)  acc=(+0.735,+0.198,+1.020)  |g|=1.273  dt=11ms    F
yaw=   -8.7°  pitch=  +48.8°  roll= -130.9°  raw=( 7894, 7341, 6980)  acc=(+0.725,+0.178,+1.020)  |g|=1.264  dt=11ms    F
yaw=   -9.2°  pitch=  +49.4°  roll= -131.0°  raw=( 7863, 7206, 7021)  acc=(+0.765,+0.218,+1.039)  |g|=1.309  dt=10ms    F
yaw=   -9.8°  pitch=  +50.1°  roll= -130.9°  raw=( 8011, 6999, 7202)  acc=(+0.814,+0.218,+1.098)  |g|=1.384  dt=11ms    F
yaw=  -10.3°  pitch=  +50.8°  roll= -130.8°  raw=( 8048, 6751, 7454)  acc=(+0.863,+0.238,+1.137)  |g|=1.447  dt=10ms    F
yaw=  -10.8°  pitch=  +51.8°  roll= -130.5°  raw=( 8128, 6483, 7727)  acc=(+0.824,+0.218,+1.275)  |g|=1.533  dt=11ms    F
yaw=  -11.2°  pitch=  +53.0°  roll= -130.1°  raw=( 8200, 6077, 8049)  acc=(+0.794,+0.198,+1.471)  |g|=1.683  dt=11ms    F
yaw=  -11.7°  pitch=  +54.5°  roll= -129.5°  raw=( 8220, 5386, 8278)  acc=(+0.814,+0.178,+1.569)  |g|=1.776  dt=10ms    F
yaw=  -12.3°  pitch=  +56.4°  roll= -128.6°  raw=( 8366, 4532, 8447)  acc=(+0.873,+0.198,+1.667)  |g|=1.892  dt=10ms    F
yaw=  -13.2°  pitch=  +58.9°  roll= -127.1°  raw=( 8530, 3566, 8748)  acc=(+0.912,+0.218,+1.745)  |g|=1.981  dt=11ms    F
yaw=  -14.4°  pitch=  +61.9°  roll= -125.0°  raw=( 8600, 2588, 9224)  acc=(+0.853,+0.178,+1.804)  |g|=2.003  dt=11ms    F
yaw=  -16.1°  pitch=  +65.3°  roll= -122.2°  raw=( 8738, 1613, 9624)  acc=(+0.647,+0.178,+1.843)  |g|=1.962  dt=10ms    F
yaw=  -18.8°  pitch=  +69.1°  roll= -118.4°  raw=( 8672,  574, 9881)  acc=(+0.363,+0.139,+1.882)  |g|=1.922  dt=10ms    F
yaw=  -23.8°  pitch=  +74.0°  roll= -112.5°  raw=( 8054, 6084, 9244)  acc=(+0.167,+0.000,+1.529)  |g|=1.538  dt=10ms    F
yaw=  -34.0°  pitch=  +79.1°  roll= -101.7°  raw=( 7683, 5949, 8731)  acc=(+0.324,+0.099,+1.314)  |g|=1.357  dt=11ms    F
yaw=  -59.9°  pitch=  +83.4°  roll=  -75.2°  raw=( 7563, 5810, 8739)  acc=(+0.471,+0.238,+1.020)  |g|=1.148  dt=10ms    F
