Connected to Wiimote.
MotionPlus activated.
Calibration complete placeholder
================================================================================
Wiimote Console Debugger - Orientation in degrees
  H = Home button pressed (yaw reset)
================================================================================
yaw=  -40.1°  pitch=  +70.5°  roll= -127.3°  raw=( 8447,11459, 1939)  acc=(+1.784,+0.832,+1.863)  |g|=2.710  dt=100ms    F
yaw=  -41.3°  pitch=  +69.6°  roll= -128.7°  raw=( 8531, 9899, 3819)  acc=(+1.520,+0.554,+1.569)  |g|=2.253  dt=11ms    F
yaw=  -40.8°  pitch=  +69.2°  roll= -130.9°  raw=( 7543, 9643, 5265)  acc=(+1.196,+0.356,+1.118)  |g|=1.675  dt=10ms    F
yaw=  -38.6°  pitch=  +68.8°  roll= -134.5°  raw=( 6808,10231, 6242)  acc=(+0.814,+0.198,+0.941)  |g|=1.260  dt=10ms    F
yaw=  -35.2°  pitch=  +68.2°  roll= -139.2°  raw=( 6320,10972, 6483)  acc=(+0.598,+0.099,+1.059)  |g|=1.220  dt=10ms    F
yaw=  -32.0°  pitch=  +67.4°  roll= -143.8°  raw=( 6365,11118, 6138)  acc=(+0.549,+0.079,+1.392)  |g|=1.499  dt=11ms    F
yaw=  -30.3°  pitch=  +66.7°  roll= -147.2°  raw=( 6759,10477, 5667)  acc=(+0.725,+0.158,+1.627)  |g|=1.789  dt=11ms    F
yaw=  -29.9°  pitch=  +66.4°  roll= -149.3°  raw=( 7169, 9447, 5471)  acc=(+0.990,+0.238,+1.667)  |g|=1.953  dt=11ms    F
yaw=  -30.8°  pitch=  +66.6°  roll= -149.4°  raw=( 7934, 7899, 6435)  acc=(+1.186,+0.238,+1.490)  |g|=1.919  dt=10ms    F
yaw=  -31.7°  pitch=  +66.8°  roll= -149.0°  raw=( 8090, 7669, 7073)  acc=(+1.333,+0.416,+2.314)  |g|=2.703  dt=10ms    F
yaw=  -31.2°  pitch=  +67.7°  roll= -150.0°  raw=( 6738, 7200, 7545)  acc=(+1.206,+0.515,+1.804)  |g|=2.230  dt=10ms    F
yaw=  -31.0°  pitch=  +68.6°  roll= -150.2°  raw=( 7144, 6766, 8237)  acc=(+0.882,+0.317,+1.118)  |g|=1.459  dt=11ms    F
yaw=  -31.7°  pitch=  +69.2°  roll= -149.1°  raw=( 8153, 6892, 8597)  acc=(+0.549,+0.040,+0.882)  |g|=1.040  dt=10ms    F
yaw=  -31.9°  pitch=  +69.7°  roll= -149.1°  raw=( 7664, 7385, 7875)  acc=(+0.608,+0.059,+1.275)  |g|=1.413  dt=10ms    F
yaw=  -31.9°  pitch=  +70.4°  roll= -149.3°  raw=( 7330, 7095, 7931)  acc=(+0.667,+0.119,+1.235)  |g|=1.409  dt=10ms    F
yaw=  -32.1°  pitch=  +71.4°  roll= -149.1°  raw=( 7339, 6669, 8124)  acc=(+0.686,+0.099,+1.118)  |g|=1.315  dt=10ms    F
yaw=  -33.0°  pitch=  +72.4°  roll= -148.2°  raw=( 7546, 6291, 8147)  acc=(+0.647,+0.099,+0.980)  |g|=1.179  dt=10ms    F
yaw=  -34.3°  pitch=  +73.5°  roll= -146.8°  raw=( 7666, 6152, 8204)  acc=(+0.608,+0.099,+0.882)  |g|=1.076  dt=11ms    F
yaw=  -35.8°  pitch=  +74.5°  roll= -145.2°  raw=( 7754, 6214, 8255)  acc=(+0.539,+0.040,+0.843)  |g|=1.002  dt=10ms    F
yaw=  -43.8°  pitch=  +77.1°  roll= -135.6°  raw=( 7845, 6345, 8201)  acc=(+0.392,-0.020,+0.902)  |g|=0.984  dt=11ms    F
yaw=  -56.6°  pitch=  +79.4°  roll= -121.4°  raw=( 7950, 6321, 7984)  acc=(+0.314,-0.059,+0.980)  |g|=1.031  dt=11ms    F
yaw=  -62.4°  pitch=  +80.1°  roll= -115.9°  raw=( 8020, 6121, 7676)  acc=(+0.265,-0.079,+1.078)  |g|=1.113  dt=11ms    F
yaw=  -70.1°  pitch=  +80.4°  roll= -108.5°  raw=( 8407, 5729, 7321)  acc=(+0.167,-0.139,+1.176)  |g|=1.196  dt=10ms    F
yaw=  -80.5°  pitch=  +80.6°  roll=  -98.7°  raw=( 8621, 5219, 6841)  acc=(+0.216,-0.158,+1.216)  |g|=1.245  dt=10ms    F
yaw=  -93.4°  pitch=  +80.4°  roll=  -86.6°  raw=( 8741, 4726, 6443)  acc=(+0.284,-0.158,+1.176)  |g|=1.221  dt=11ms    F
yaw= -106.8°  pitch=  +79.7°  roll=  -74.2°  raw=( 8659, 4209, 6079)  acc=(+0.373,-0.139,+1.275)  |g|=1.335  dt=11ms    F
yaw= -119.0°  pitch=  +78.7°  roll=  -63.0°  raw=( 8307, 3932, 5987)  acc=(+0.480,-0.079,+1.314)  |g|=1.401  dt=10ms    F
yaw= -130.3°  pitch=  +77.1°  roll=  -52.7°  raw=( 8340, 3395, 5980)  acc=(+0.588,+0.020,+1.451)  |g|=1.566  dt=11ms    F
yaw= -139.6°  pitch=  +74.6°  roll=  -44.4°  raw=( 8666, 2480, 6082)  acc=(+0.676,+0.158,+1.471)  |g|=1.626  dt=11ms    F
yaw= -146.7°  pitch=  +71.2°  roll=  -38.1°  raw=( 9144, 1398, 6239)  acc=(+0.755,+0.198,+1.431)  |g|=1.630  dt=11ms    F
yaw= -151.6°  pitch=  +67.0°  roll=  -33.8°  raw=( 9636, 6469, 6488)  acc=(+0.755,+0.178,+1.373)  |g|=1.577  dt=11ms    F
yaw= -155.1°  pitch=  +62.6°  roll=  -30.9°  raw=( 9688, 6366, 6651)  acc=(+0.765,+0.238,+1.451)  |g|=1.657  dt=10ms    F
yaw= -158.1°  pitch=  +57.9°  roll=  -28.3°  raw=( 9379, 6271, 6788)  acc=(+0.824,+0.337,+1.529)  |g|=1.769  dt=11ms    F
yaw= -161.5°  pitch=  +51.6°  roll=  -25.1°  raw=( 8749, 6166, 7178)  acc=(+0.941,+0.475,+1.451)  |g|=1.794  dt=14ms    F
yaw= -163.4°  pitch=  +46.5°  roll=  -22.9°  raw=( 8466, 6021, 7702)  acc=(+1.098,+0.653,+1.353)  |g|=1.861  dt=10ms    F
