Connected to Wiimote.
MotionPlus activated.
Calibration complete placeholder
================================================================================
Wiimote Console Debugger - Orientation in degrees
  H = Home button pressed (yaw reset)
================================================================================
yaw= -166.6°  pitch=  +55.4°  roll=  -23.1°  raw=( 7702, 9919, 7519)  acc=(-1.127,-0.257,+0.902)  |g|=1.467  dt=100ms    F
yaw= -168.8°  pitch=  +54.0°  roll=  -22.5°  raw=( 7630, 9415, 7195)  acc=(-0.941,-0.198,+0.569)  |g|=1.117  dt=11ms    F
yaw= -170.9°  pitch=  +52.9°  roll=  -22.7°  raw=( 7678, 9525, 7151)  acc=(-0.882,-0.198,+0.569)  |g|=1.068  dt=10ms    F
yaw= -172.8°  pitch=  +51.8°  roll=  -23.3°  raw=( 7920, 9500, 7087)  acc=(-0.814,-0.158,+0.686)  |g|=1.076  dt=11ms    F
yaw= -173.3°  pitch=  +52.4°  roll=  -23.4°  raw=( 8048, 9279, 7149)  acc=(-0.794,-0.119,+0.765)  |g|=1.109  dt=10ms    F
yaw= -173.9°  pitch=  +52.9°  roll=  -23.2°  raw=( 7878, 9118, 7280)  acc=(-0.794,-0.139,+0.804)  |g|=1.138  dt=10ms    F
yaw= -174.6°  pitch=  +53.3°  roll=  -22.8°  raw=( 7554, 8950, 7405)  acc=(-0.765,-0.119,+0.804)  |g|=1.116  dt=10ms    F
yaw= -175.5°  pitch=  +53.7°  roll=  -22.1°  raw=( 7299, 8782, 7552)  acc=(-0.696,-0.099,+0.745)  |g|=1.024  dt=10ms    F
yaw= -177.5°  pitch=  +52.1°  roll=  -21.8°  raw=( 7234, 8564, 7764)  acc=(-0.647,-0.079,+0.686)  |g|=0.947  dt=10ms    F
yaw= -179.3°  pitch=  +50.6°  roll=  -21.8°  raw=( 7314, 8398, 8020)  acc=(-0.745,-0.119,+0.667)  |g|=1.007  dt=11ms    F
yaw= -179.8°  pitch=  +50.7°  roll=  -21.2°  raw=( 7369, 8350, 8144)  acc=(-0.961,-0.257,+0.745)  |g|=1.243  dt=11ms    F
yaw= +179.5°  pitch=  +50.7°  roll=  -20.4°  raw=( 7287, 8225, 7905)  acc=(-1.127,-0.356,+0.784)  |g|=1.419  dt=10ms    F
yaw= +178.2°  pitch=  +50.4°  roll=  -19.9°  raw=( 7539, 7658, 6735)  acc=(-1.667,-0.673,+0.941)  |g|=2.029  dt=11ms    F
yaw= +176.5°  pitch=  +50.0°  roll=  -19.5°  raw=( 7596, 7343, 5588)  acc=(-1.951,-0.812,+1.039)  |g|=2.355  dt=10ms    F
yaw= +174.2°  pitch=  +49.3°  roll=  -19.3°  raw=( 7780, 6979, 4083)  acc=(-2.373,-1.050,+1.118)  |g|=2.825  dt=10ms    F
yaw= +170.9°  pitch=  +48.4°  roll=  -19.3°  raw=( 7945, 6515, 2086)  acc=(-2.892,-1.248,+1.039)  |g|=3.317  dt=10ms    F
yaw= +166.1°  pitch=  +47.4°  roll=  -19.2°  raw=( 7621, 6326, 6233)  acc=(-3.216,-1.168,+0.765)  |g|=3.506  dt=10ms    F
yaw= +159.3°  pitch=  +46.3°  roll=  -18.9°  raw=( 7282, 6443, 5542)  acc=(-3.039,-0.594,+0.373)  |g|=3.119  dt=11ms    F
yaw= +151.3°  pitch=  +45.4°  roll=  -18.8°  raw=( 7244, 6664, 4967)  acc=(-2.559,+0.099,+0.216)  |g|=2.570  dt=10ms    F
yaw= +143.1°  pitch=  +44.7°  roll=  -19.4°  raw=( 8174, 6801, 4647)  acc=(-2.216,+0.614,+0.373)  |g|=2.329  dt=10ms    F
yaw= +134.5°  pitch=  +44.2°  roll=  -20.6°  raw=( 8629, 6454, 4496)  acc=(-1.696,+1.030,+0.451)  |g|=2.035  dt=11ms    F
yaw= +126.6°  pitch=  +43.9°  roll=  -22.4°  raw=( 9350, 6064, 4488)  acc=(-0.814,+1.129,+0.529)  |g|=1.489  dt=10ms    F
yaw= +119.9°  pitch=  +44.1°  roll=  -24.8°  raw=(10192, 5647, 4752)  acc=(-0.147,+0.891,+0.686)  |g|=1.134  dt=10ms    F
yaw= +114.2°  pitch=  +44.4°  roll=  -25.1°  raw=(10596, 5222, 5163)  acc=(+0.284,+0.673,+0.725)  |g|=1.030  dt=11ms    F
yaw= +109.7°  pitch=  +45.0°  roll=  -28.2°  raw=(10550, 5057, 5605)  acc=(+0.578,+0.475,+0.647)  |g|=0.990  dt=11ms    F
yaw= +106.1°  pitch=  +45.6°  roll=  -30.9°  raw=(10112, 5265, 6034)  acc=(+0.814,+0.277,+0.431)  |g|=0.962  dt=11ms    F
yaw= +103.2°  pitch=  +45.6°  roll=  -31.8°  raw=( 8463, 7086, 1822)  acc=(+0.990,+0.139,+0.118)  |g|=1.007  dt=11ms    F
