Connected to Wiimote.
MotionPlus activated.
Calibration complete placeholder
================================================================================
Wiimote Console Debugger - Orientation in degrees
  H = Home button pressed (yaw reset)
================================================================================
yaw=  +80.4°  pitch=  +17.2°  roll=  -46.0°  raw=( 7888, 9445, 6981)  acc=(-0.108,-0.554,+0.569)  |g|=0.801  dt=10ms    F
yaw=  +79.6°  pitch=  +16.6°  roll=  -45.3°  raw=( 7325, 9619, 7021)  acc=(-0.255,-0.653,+0.451)  |g|=0.834  dt=10ms    F
yaw=  +78.5°  pitch=  +15.8°  roll=  -44.4°  raw=( 6883,10085, 6642)  acc=(-0.284,-0.693,+0.392)  |g|=0.846  dt=10ms    F
yaw=  +77.1°  pitch=  +14.5°  roll=  -43.3°  raw=( 6298,10578, 6114)  acc=(-0.431,-0.713,+0.314)  |g|=0.890  dt=10ms    F
yaw=  +75.4°  pitch=  +13.0°  roll=  -42.1°  raw=( 5849,11023, 5445)  acc=(-0.510,-0.673,+0.255)  |g|=0.882  dt=10ms    F
yaw=  +73.1°  pitch=  +11.1°  roll=  -40.8°  raw=( 5415,11450, 4586)  acc=(-0.451,-0.554,+0.216)  |g|=0.747  dt=10ms    F
yaw=  +70.5°  pitch=   +9.1°  roll=  -39.3°  raw=( 5573,11849, 3683)  acc=(-0.422,-0.475,+0.235)  |g|=0.677  dt=10ms    F
yaw=  +67.3°  pitch=   +7.2°  roll=  -37.7°  raw=( 5974,12191, 2873)  acc=(-0.284,-0.297,+0.333)  |g|=0.529  dt=10ms    F
yaw=  +63.8°  pitch=   +5.1°  roll=  -35.9°  raw=( 5929,12578, 2276)  acc=(+0.010,-0.139,+0.412)  |g|=0.435  dt=11ms    F
yaw=  +60.2°  pitch=   +2.6°  roll=  -34.1°  raw=( 5739,13015, 2126)  acc=(+0.225,-0.040,+0.510)  |g|=0.559  dt=11ms    F
yaw=  +56.8°  pitch=   -0.3°  roll=  -32.4°  raw=( 5512,13303, 2244)  acc=(+0.324,+0.020,+0.647)  |g|=0.724  dt=11ms    F
yaw=  +53.6°  pitch=   -3.1°  roll=  -31.0°  raw=( 5453,13194, 2389)  acc=(+0.353,+0.000,+0.725)  |g|=0.807  dt=11ms    F
yaw=  +50.6°  pitch=   -5.5°  roll=  -29.8°  raw=( 5955,12711, 2446)  acc=(+0.451,+0.059,+0.824)  |g|=0.941  dt=10ms    F
yaw=  +47.2°  pitch=   -8.4°  roll=  -28.2°  raw=( 6712,12110, 2567)  acc=(+0.676,+0.139,+0.922)  |g|=1.152  dt=10ms    F
yaw=  +44.4°  pitch=   -9.8°  roll=  -27.1°  raw=( 7677,11458, 3006)  acc=(+0.843,+0.198,+1.078)  |g|=1.383  dt=11ms    F
yaw=  +42.1°  pitch=  -10.9°  roll=  -25.9°  raw=( 8354,10923, 3688)  acc=(+0.912,+0.158,+1.235)  |g|=1.543  dt=11ms    F
yaw=  +40.2°  pitch=  -11.8°  roll=  -24.9°  raw=( 8360,10540, 4444)  acc=(+0.843,+0.040,+1.294)  |g|=1.545  dt=10ms    F
yaw=  +38.6°  pitch=  -12.8°  roll=  -24.3°  raw=( 7824,10332, 5027)  acc=(+0.686,-0.020,+1.255)  |g|=1.430  dt=11ms    F
yaw=  +37.1°  pitch=  -13.9°  roll=  -24.0°  raw=( 7334,10120, 5358)  acc=(+0.608,-0.040,+1.137)  |g|=1.290  dt=10ms    F
yaw=  +35.7°  pitch=  -14.9°  roll=  -23.8°  raw=( 7355, 9889, 5446)  acc=(+0.608,-0.040,+1.000)  |g|=1.171  dt=10ms    F
yaw=  +34.3°  pitch=  -15.7°  roll=  -23.4°  raw=( 7868, 9716, 5442)  acc=(+0.647,+0.000,+0.980)  |g|=1.175  dt=11ms    F
yaw=  +33.0°  pitch=  -16.4°  roll=  -22.9°  raw=( 8195, 9668, 5575)  acc=(+0.784,+0.040,+1.098)  |g|=1.350  dt=10ms    F
yaw=  +31.8°  pitch=  -17.1°  roll=  -22.5°  raw=( 8099, 9670, 5927)  acc=(+0.863,+0.059,+1.176)  |g|=1.460  dt=11ms    F
yaw=  +31.0°  pitch=  -17.8°  roll=  -22.1°  raw=( 7971, 9562, 6416)  acc=(+0.843,+0.020,+1.235)  |g|=1.496  dt=11ms    F
yaw=  +30.3°  pitch=  -18.4°  roll=  -21.9°  raw=( 7929, 9311, 6794)  acc=(+0.755,-0.020,+1.196)  |g|=1.415  dt=11ms    F
yaw=  +29.7°  pitch=  -18.8°  roll=  -21.7°  raw=( 8048, 9031, 6991)  acc=(+0.696,+0.000,+1.157)  |g|=1.350  dt=10ms    F
yaw=  +29.1°  pitch=  -19.1°  roll=  -21.5°  raw=( 8189, 8779, 7064)  acc=(+0.657,+0.000,+1.137)  |g|=1.313  dt=10ms    F
yaw=  +28.6°  pitch=  -19.2°  roll=  -21.3°  raw=( 8345, 8630, 7140)  acc=(+0.676,+0.000,+1.137)  |g|=1.323  dt=11ms    F
yaw=  +28.2°  pitch=  -19.3°  roll=  -21.0°  raw=( 8472, 8493, 7260)  acc=(+0.696,-0.040,+1.196)  |g|=1.384  dt=11ms    F
yaw=  +27.9°  pitch=  -19.3°  roll=  -20.8°  raw=( 8592, 8339, 7401)  acc=(+0.716,-0.040,+1.275)  |g|=1.462  dt=10ms    F
yaw=  +27.6°  pitch=  -19.1°  roll=  -20.6°  raw=( 8516, 8159, 7549)  acc=(+0.716,-0.020,+1.294)  |g|=1.479  dt=11ms    F
yaw=  +27.4°  pitch=  -19.0°  roll=  -20.5°  raw=( 8454, 7960, 7732)  acc=(+0.745,-0.020,+1.314)  |g|=1.510  dt=10ms    F
yaw=  +27.3°  pitch=  -18.6°  roll=  -20.4°  raw=( 8596, 7654, 7957)  acc=(+0.775,+0.000,+1.353)  |g|=1.559  dt=10ms    F
yaw=  +27.4°  pitch=  -18.0°  roll=  -20.3°  raw=( 8823, 7265, 8262)  acc=(+0.745,-0.020,+1.373)  |g|=1.562  dt=10ms    F
yaw=  +27.6°  pitch=  -17.2°  roll=  -20.2°  raw=( 8969, 6905, 8516)  acc=(+0.696,-0.040,+1.451)  |g|=1.610  dt=10ms    F
yaw=  +27.8°  pitch=  -16.1°  roll=  -20.2°  raw=( 9009, 6455, 8711)  acc=(+0.676,-0.059,+1.490)  |g|=1.638  dt=11ms    F
yaw=  +28.2°  pitch=  -14.8°  roll=  -20.4°  raw=( 9023, 5928, 8920)  acc=(+0.647,-0.079,+1.510)  |g|=1.645  dt=10ms    F
yaw=  +28.6°  pitch=  -13.2°  roll=  -20.6°  raw=( 9258, 5368, 9024)  acc=(+0.578,-0.079,+1.549)  |g|=1.655  dt=10ms    F
yaw=  +29.0°  pitch=  -11.2°  roll=  -20.8°  raw=( 9526, 4806, 9059)  acc=(+0.549,-0.099,+1.627)  |g|=1.720  dt=10ms    F
yaw=  +29.5°  pitch=   -9.0°  roll=  -21.2°  raw=( 9501, 4344, 9143)  acc=(+0.431,-0.178,+1.608)  |g|=1.674  dt=10ms    F
yaw=  +29.9°  pitch=   -6.8°  roll=  -21.8°  raw=( 9244, 4014, 9059)  acc=(+0.373,-0.218,+1.627)  |g|=1.684  dt=10ms    F
yaw=  +30.2°  pitch=   -4.3°  roll=  -22.7°  raw=( 8895, 3728, 8923)  acc=(+0.304,-0.257,+1.627)  |g|=1.675  dt=11ms    F
yaw=  +30.5°  pitch=   -1.9°  roll=  -23.9°  raw=( 8446, 3397, 8825)  acc=(+0.255,-0.257,+1.549)  |g|=1.591  dt=11ms    F
yaw=  +30.8°  pitch=   +0.5°  roll=  -25.3°  raw=( 8331, 3007, 8647)  acc=(+0.304,-0.257,+1.431)  |g|=1.486  dt=10ms    F
yaw=  +31.0°  pitch=   +3.4°  roll=  -26.7°  raw=( 8563, 2533, 8522)  acc=(+0.294,-0.257,+1.353)  |g|=1.408  dt=11ms    F
yaw=  +31.3°  pitch=   +6.4°  roll=  -28.1°  raw=( 8847, 2064, 8509)  acc=(+0.304,-0.238,+1.235)  |g|=1.294  dt=10ms    F
yaw=  +31.7°  pitch=   +9.6°  roll=  -29.5°  raw=( 9022, 1701, 8534)  acc=(+0.284,-0.198,+1.118)  |g|=1.170  dt=10ms    F
yaw=  +32.2°  pitch=  +13.0°  roll=  -31.1°  raw=( 9062, 1352, 8589)  acc=(+0.255,-0.178,+0.961)  |g|=1.010  dt=10ms    F
yaw=  +32.4°  pitch=  +15.9°  roll=  -32.0°  raw=( 9235, 1109, 8563)  acc=(+0.294,-0.139,+0.765)  |g|=0.831  dt=10ms    F
yaw=  +33.0°  pitch=  +19.6°  roll=  -33.6°  raw=( 9465, 1042, 8497)  acc=(+0.343,-0.119,+0.588)  |g|=0.691  dt=11ms    F
yaw=  +33.8°  pitch=  +23.2°  roll=  -35.2°  raw=( 9532, 1149, 8495)  acc=(+0.265,-0.158,+0.314)  |g|=0.440  dt=10ms    F
yaw=  +34.6°  pitch=  +26.4°  roll=  -36.7°  raw=( 9346, 1713, 8379)  acc=(+0.235,-0.178,+0.098)  |g|=0.311  dt=10ms    F
yaw=  +35.2°  pitch=  +29.2°  roll=  -38.2°  raw=( 9130, 2507, 8168)  acc=(+0.304,-0.198,+0.020)  |g|=0.363  dt=10ms    F
yaw=  +35.9°  pitch=  +31.7°  roll=  -39.6°  raw=( 9003, 3266, 8065)  acc=(+0.363,-0.238,-0.020)  |g|=0.434  dt=11ms    F
