Connected to Wiimote.
MotionPlus activated.
Calibration complete placeholder
================================================================================
Wiimote Console Debugger - Orientation in degrees
  H = Home button pressed (yaw reset)
================================================================================
yaw=  +76.6°  pitch=  +48.5°  roll=  -42.7°  raw=( 3488,12024, 8411)  acc=(-0.343,-0.376,+0.157)  |g|=0.533  dt=11ms    F
yaw=  +74.9°  pitch=  +45.0°  roll=  -40.3°  raw=( 2709,12809, 8410)  acc=(-0.392,-0.376,+0.196)  |g|=0.578  dt=10ms    F
yaw=  +73.1°  pitch=  +41.3°  roll=  -37.7°  raw=( 2348,13565, 8193)  acc=(-0.422,-0.376,+0.294)  |g|=0.637  dt=10ms    F
yaw=  +71.4°  pitch=  +37.1°  roll=  -35.1°  raw=( 1916,14061, 8032)  acc=(-0.363,-0.337,+0.412)  |g|=0.644  dt=10ms    F
yaw=  +69.9°  pitch=  +32.7°  roll=  -32.7°  raw=( 1780,14292, 7907)  acc=(-0.206,-0.238,+0.451)  |g|=0.550  dt=10ms    F
yaw=  +68.6°  pitch=  +28.7°  roll=  -30.4°  raw=( 2409,14235, 7885)  acc=(-0.167,-0.198,+0.490)  |g|=0.554  dt=10ms    F
yaw=  +67.4°  pitch=  +24.8°  roll=  -28.2°  raw=( 2855,14211, 7880)  acc=(-0.108,-0.099,+0.451)  |g|=0.474  dt=10ms    F
yaw=  +66.3°  pitch=  +21.2°  roll=  -25.9°  raw=( 3805,14099, 7884)  acc=(-0.088,-0.040,+0.529)  |g|=0.538  dt=11ms    F
yaw=  +65.4°  pitch=  +18.5°  roll=  -23.7°  raw=( 5233,13735, 7811)  acc=(-0.078,-0.040,+0.765)  |g|=0.770  dt=10ms    F
yaw=  +64.5°  pitch=  +16.5°  roll=  -21.5°  raw=( 6406,13137, 7727)  acc=(-0.020,-0.020,+1.039)  |g|=1.040  dt=10ms    F
yaw=  +63.7°  pitch=  +15.3°  roll=  -18.8°  raw=( 8340,11508, 7950)  acc=(-0.088,+0.000,+1.216)  |g|=1.219  dt=10ms    F
yaw=  +63.3°  pitch=  +14.8°  roll=  -17.3°  raw=( 8445,11221, 8206)  acc=(-0.206,+0.000,+1.176)  |g|=1.194  dt=10ms    F
yaw=  +63.1°  pitch=  +14.1°  roll=  -15.7°  raw=( 8373,11190, 8419)  acc=(-0.343,-0.020,+1.157)  |g|=1.207  dt=10ms    F
yaw=  +62.8°  pitch=  +13.4°  roll=  -14.2°  raw=( 8075,11328, 8439)  acc=(-0.451,-0.059,+1.196)  |g|=1.280  dt=10ms    F
yaw=  +62.5°  pitch=  +12.4°  roll=  -12.7°  raw=( 7769,11474, 8264)  acc=(-0.461,-0.059,+1.353)  |g|=1.430  dt=10ms    F
yaw=  +62.2°  pitch=  +11.4°  roll=  -11.3°  raw=( 7828,11298, 8020)  acc=(-0.441,-0.040,+1.490)  |g|=1.555  dt=10ms    F
yaw=  +61.7°  pitch=  +10.7°  roll=  -10.0°  raw=( 8061,10864, 7799)  acc=(-0.382,-0.040,+1.549)  |g|=1.596  dt=10ms    F
yaw=  +61.2°  pitch=  +10.2°  roll=   -8.9°  raw=( 8293,10359, 7662)  acc=(-0.343,-0.020,+1.529)  |g|=1.568  dt=10ms    F
yaw=  +60.8°  pitch=   +9.9°  roll=   -7.9°  raw=( 8442,10011, 7675)  acc=(-0.304,+0.020,+1.490)  |g|=1.521  dt=10ms    F
yaw=  +60.5°  pitch=   +9.5°  roll=   -7.1°  raw=( 8273, 9908, 7826)  acc=(-0.333,+0.020,+1.412)  |g|=1.451  dt=10ms    F
yaw=  +60.2°  pitch=   +9.0°  roll=   -6.3°  raw=( 8095, 9876, 7964)  acc=(-0.382,-0.040,+1.392)  |g|=1.444  dt=10ms    F
yaw=  +60.0°  pitch=   +8.4°  roll=   -5.6°  raw=( 7884, 9862, 7927)  acc=(-0.441,-0.040,+1.392)  |g|=1.461  dt=11ms    F
yaw=  +59.7°  pitch=   +7.8°  roll=   -5.0°  raw=( 7750, 9722, 7767)  acc=(-0.382,-0.020,+1.431)  |g|=1.482  dt=10ms    F
yaw=  +59.3°  pitch=   +7.4°  roll=   -4.5°  raw=( 7920, 9358, 7635)  acc=(-0.324,-0.020,+1.451)  |g|=1.487  dt=10ms    F
yaw=  +58.9°  pitch=   +7.2°  roll=   -4.1°  raw=( 8169, 8902, 7596)  acc=(-0.294,+0.000,+1.412)  |g|=1.442  dt=10ms    F
yaw=  +58.6°  pitch=   +7.3°  roll=   -4.0°  raw=( 8280, 8386, 7601)  acc=(-0.294,-0.020,+1.353)  |g|=1.385  dt=11ms    F
yaw=  +58.3°  pitch=   +7.3°  roll=   -4.0°  raw=( 8172, 8206, 7618)  acc=(-0.255,+0.000,+1.294)  |g|=1.319  dt=11ms    F
yaw=  +58.0°  pitch=   +7.3°  roll=   -4.1°  raw=( 8096, 8060, 7714)  acc=(-0.265,-0.020,+1.235)  |g|=1.263  dt=11ms    F
yaw=  +57.8°  pitch=   +7.3°  roll=   -4.2°  raw=( 8024, 7964, 7773)  acc=(-0.284,-0.040,+1.176)  |g|=1.211  dt=11ms    F
yaw=  +57.6°  pitch=   +7.3°  roll=   -4.4°  raw=( 8013, 7854, 7732)  acc=(-0.284,-0.040,+1.157)  |g|=1.192  dt=10ms    F
yaw=  +57.4°  pitch=   +7.4°  roll=   -4.6°  raw=( 8114, 7722, 7665)  acc=(-0.284,-0.040,+1.118)  |g|=1.154  dt=10ms    F
yaw=  +57.1°  pitch=   +7.6°  roll=   -4.9°  raw=( 8171, 7592, 7565)  acc=(-0.245,-0.040,+1.098)  |g|=1.126  dt=10ms    F
yaw=  +56.7°  pitch=   +7.8°  roll=   -5.2°  raw=( 8180, 7502, 7481)  acc=(-0.225,-0.040,+1.118)  |g|=1.141  dt=10ms    F
yaw=  +56.4°  pitch=   +8.1°  roll=   -5.5°  raw=( 8089, 7424, 7463)  acc=(-0.206,-0.020,+1.098)  |g|=1.117  dt=11ms    F
yaw=  +56.1°  pitch=   +8.2°  roll=   -6.0°  raw=( 7838, 7428, 7531)  acc=(-0.167,-0.020,+1.039)  |g|=1.053  dt=11ms    F
yaw=  +55.9°  pitch=   +8.2°  roll=   -5.9°  raw=( 7657, 7491, 7649)  acc=(-0.196,-0.040,+0.941)  |g|=0.962  dt=11ms    F
yaw=  +55.7°  pitch=   +8.5°  roll=   -5.9°  raw=( 7731, 7545, 7657)  acc=(-0.265,-0.099,+0.961)  |g|=1.001  dt=11ms    F
yaw=  +55.3°  pitch=   +8.9°  roll=   -5.8°  raw=( 7867, 7427, 7381)  acc=(-0.284,-0.119,+0.961)  |g|=1.009  dt=11ms    F
yaw=  +54.9°  pitch=   +9.3°  roll=   -5.8°  raw=( 7883, 7409, 7240)  acc=(-0.225,-0.119,+0.961)  |g|=0.994  dt=10ms    F
yaw=  +54.5°  pitch=   +9.8°  roll=   -5.8°  raw=( 7935, 7335, 7189)  acc=(-0.216,-0.099,+0.961)  |g|=0.990  dt=10ms    F
yaw=  +54.1°  pitch=  +10.2°  roll=   -5.7°  raw=( 7990, 7302, 7183)  acc=(-0.294,-0.119,+1.020)  |g|=1.068  dt=10ms    F
yaw=  +53.6°  pitch=  +10.4°  roll=   -6.1°  raw=( 7949, 7352, 7120)  acc=(-0.304,-0.139,+1.078)  |g|=1.129  dt=10ms    F
yaw=  +53.0°  pitch=  +10.5°  roll=   -6.6°  raw=( 7800, 7354, 7061)  acc=(-0.333,-0.119,+1.118)  |g|=1.172  dt=10ms    F
yaw=  +52.5°  pitch=  +10.7°  roll=   -7.1°  raw=( 7744, 7304, 7020)  acc=(-0.363,-0.158,+1.118)  |g|=1.186  dt=10ms    F
yaw=  +51.9°  pitch=  +10.8°  roll=   -7.7°  raw=( 7724, 7208, 6892)  acc=(-0.373,-0.158,+1.098)  |g|=1.170  dt=11ms    F
yaw=  +51.2°  pitch=  +11.0°  roll=   -8.4°  raw=( 7787, 7062, 6763)  acc=(-0.382,-0.178,+1.098)  |g|=1.176  dt=11ms    F
yaw=  +50.5°  pitch=  +11.4°  roll=   -9.0°  raw=( 7891, 6934, 6625)  acc=(-0.402,-0.198,+1.098)  |g|=1.186  dt=11ms    F
yaw=  +49.7°  pitch=  +11.7°  roll=   -9.7°  raw=( 7867, 6877, 6474)  acc=(-0.382,-0.178,+1.157)  |g|=1.231  dt=10ms    F
yaw=  +48.8°  pitch=  +12.2°  roll=  -10.3°  raw=( 7966, 6759, 6372)  acc=(-0.422,-0.198,+1.235)  |g|=1.320  dt=10ms    F
yaw=  +47.9°  pitch=  +12.7°  roll=  -11.1°  raw=( 8021, 6565, 6259)  acc=(-0.471,-0.257,+1.333)  |g|=1.437  dt=11ms    F
yaw=  +47.0°  pitch=  +13.3°  roll=  -11.9°  raw=( 7936, 6330, 6092)  acc=(-0.471,-0.257,+1.373)  |g|=1.474  dt=10ms    F
yaw=  +45.9°  pitch=  +14.2°  roll=  -13.0°  raw=( 7971, 5771, 5903)  acc=(-0.500,-0.297,+1.608)  |g|=1.710  dt=11ms    F
yaw=  +44.9°  pitch=  +15.1°  roll=  -14.3°  raw=( 7778, 5426, 5761)  acc=(-0.549,-0.317,+1.706)  |g|=1.820  dt=10ms    F
yaw=  +43.9°  pitch=  +16.1°  roll=  -15.7°  raw=( 7596, 4910, 5528)  acc=(-0.520,-0.317,+1.627)  |g|=1.738  dt=10ms    F
yaw=  +42.9°  pitch=  +17.4°  roll=  -17.4°  raw=( 7597, 4381, 5310)  acc=(-0.431,-0.297,+1.510)  |g|=1.598  dt=10ms    F
yaw=  +41.7°  pitch=  +19.1°  roll=  -19.2°  raw=( 7935, 3868, 5124)  acc=(-0.333,-0.257,+1.471)  |g|=1.530  dt=10ms    F
yaw=  +40.6°  pitch=  +21.2°  roll=  -21.0°  raw=( 8277, 3365, 5028)  acc=(-0.255,-0.178,+1.431)  |g|=1.465  dt=11ms    F
yaw=  +39.6°  pitch=  +23.4°  roll=  -22.8°  raw=( 8531, 2916, 4992)  acc=(-0.127,-0.158,+1.314)  |g|=1.329  dt=10ms    F
yaw=  +38.6°  pitch=  +26.1°  roll=  -24.7°  raw=( 8735, 2536, 5036)  acc=(-0.039,-0.099,+1.137)  |g|=1.142  dt=11ms    F
yaw=  +37.8°  pitch=  +28.9°  roll=  -26.5°  raw=( 8974, 2375, 5162)  acc=(+0.010,-0.040,+0.902)  |g|=0.903  dt=10ms    F
