Connected to Wiimote.
MotionPlus activated.
Calibration complete placeholder
================================================================================
Wiimote Console Debugger - Orientation in degrees
  H = Home button pressed (yaw reset)
================================================================================
yaw=  +68.9°  pitch=  +30.5°  roll=  -29.7°  raw=( 7703, 8893, 8341)  acc=(-0.402,-0.594,+0.588)  |g|=0.928  dt=11ms    F
yaw=  +68.8°  pitch=  +29.8°  roll=  -29.4°  raw=( 7136, 9164, 8169)  acc=(-0.363,-0.535,+0.529)  |g|=0.835  dt=11ms    F
yaw=  +68.4°  pitch=  +28.7°  roll=  -28.9°  raw=( 6712, 9505, 8009)  acc=(-0.294,-0.535,+0.471)  |g|=0.771  dt=11ms    F
yaw=  +68.1°  pitch=  +27.4°  roll=  -28.4°  raw=( 6194, 9939, 7994)  acc=(-0.314,-0.535,+0.431)  |g|=0.755  dt=10ms    F
yaw=  +67.6°  pitch=  +25.8°  roll=  -27.7°  raw=( 5805,10408, 7813)  acc=(-0.363,-0.535,+0.412)  |g|=0.766  dt=10ms    F
yaw=  +66.9°  pitch=  +24.0°  roll=  -26.9°  raw=( 5480,10846, 7495)  acc=(-0.382,-0.515,+0.294)  |g|=0.706  dt=10ms    F
yaw=  +65.9°  pitch=  +22.0°  roll=  -25.9°  raw=( 5380,11325, 7095)  acc=(-0.363,-0.475,+0.235)  |g|=0.643  dt=10ms    F
yaw=  +64.7°  pitch=  +20.0°  roll=  -24.6°  raw=( 5556,11880, 6670)  acc=(-0.294,-0.416,+0.275)  |g|=0.579  dt=10ms    F
yaw=  +63.1°  pitch=  +17.7°  roll=  -23.0°  raw=( 5671,12409, 6338)  acc=(-0.235,-0.317,+0.431)  |g|=0.585  dt=11ms    F
yaw=  +60.8°  pitch=  +14.5°  roll=  -20.8°  raw=( 5557,12865, 5890)  acc=(-0.059,-0.158,+0.745)  |g|=0.764  dt=14ms    F
yaw=  +59.3°  pitch=  +11.9°  roll=  -19.4°  raw=( 5303,12756, 5816)  acc=(+0.029,-0.099,+0.765)  |g|=0.772  dt=10ms    F
yaw=  +57.8°  pitch=   +9.4°  roll=  -18.2°  raw=( 5429,12524, 5856)  acc=(+0.098,-0.079,+0.725)  |g|=0.736  dt=10ms    F
yaw=  +56.4°  pitch=   +7.3°  roll=  -16.9°  raw=( 5970,12321, 5918)  acc=(+0.078,-0.079,+0.784)  |g|=0.792  dt=10ms    F
yaw=  +54.9°  pitch=   +5.5°  roll=  -15.5°  raw=( 6871,12018, 5879)  acc=(+0.069,-0.099,+0.980)  |g|=0.988  dt=11ms    F
yaw=  +53.5°  pitch=   +4.0°  roll=  -13.8°  raw=( 7618,11596, 5854)  acc=(+0.088,-0.099,+1.137)  |g|=1.145  dt=10ms    F
yaw=  +52.2°  pitch=   +2.8°  roll=  -12.6°  raw=( 7906,11208, 5889)  acc=(+0.118,-0.099,+1.255)  |g|=1.264  dt=11ms    F
yaw=  +50.9°  pitch=   +1.7°  roll=  -11.6°  raw=( 7735,10946, 6017)  acc=(+0.147,-0.040,+1.275)  |g|=1.284  dt=10ms    F
yaw=  +49.9°  pitch=   +0.5°  roll=  -10.7°  raw=( 7447,10771, 6270)  acc=(+0.157,-0.020,+1.196)  |g|=1.206  dt=11ms    F
yaw=  +49.0°  pitch=   -0.7°  roll=   -9.9°  raw=( 7371,10686, 6548)  acc=(+0.118,-0.059,+1.196)  |g|=1.203  dt=11ms    F
yaw=  +48.1°  pitch=   -1.7°  roll=   -9.1°  raw=( 7803,10359, 6730)  acc=(+0.127,-0.099,+1.431)  |g|=1.440  dt=11ms    F
yaw=  +47.4°  pitch=   -2.4°  roll=   -8.4°  raw=( 8022, 9991, 6844)  acc=(+0.147,-0.099,+1.490)  |g|=1.501  dt=11ms    F
yaw=  +46.8°  pitch=   -3.0°  roll=   -7.9°  raw=( 7998, 9629, 6996)  acc=(+0.127,-0.099,+1.490)  |g|=1.499  dt=10ms    F
yaw=  +46.3°  pitch=   -3.5°  roll=   -7.6°  raw=( 7876, 9335, 7130)  acc=(+0.127,-0.099,+1.412)  |g|=1.421  dt=10ms    F
yaw=  +45.8°  pitch=   -4.0°  roll=   -7.3°  raw=( 7739, 9208, 7225)  acc=(+0.137,-0.099,+1.314)  |g|=1.325  dt=10ms    F
yaw=  +45.3°  pitch=   -4.5°  roll=   -7.1°  raw=( 7810, 9137, 7295)  acc=(+0.088,-0.099,+1.314)  |g|=1.320  dt=11ms    F
yaw=  +44.8°  pitch=   -5.0°  roll=   -6.8°  raw=( 7818, 9079, 7306)  acc=(+0.118,-0.099,+1.353)  |g|=1.362  dt=11ms    F
yaw=  +44.4°  pitch=   -5.5°  roll=   -6.7°  raw=( 7733, 8998, 7318)  acc=(+0.157,-0.079,+1.353)  |g|=1.364  dt=11ms    F
yaw=  +44.0°  pitch=   -5.8°  roll=   -6.6°  raw=( 7826, 8806, 7399)  acc=(+0.137,-0.079,+1.353)  |g|=1.362  dt=10ms    F
yaw=  +43.6°  pitch=   -6.0°  roll=   -6.5°  raw=( 8027, 8537, 7424)  acc=(+0.157,-0.079,+1.392)  |g|=1.403  dt=10ms    F
yaw=  +43.2°  pitch=   -6.1°  roll=   -6.5°  raw=( 8100, 8248, 7459)  acc=(+0.176,-0.079,+1.314)  |g|=1.328  dt=10ms    F
yaw=  +42.9°  pitch=   -6.0°  roll=   -6.6°  raw=( 8097, 7932, 7735)  acc=(+0.167,-0.059,+1.216)  |g|=1.228  dt=10ms    F
yaw=  +42.7°  pitch=   -5.8°  roll=   -6.8°  raw=( 8087, 7853, 7860)  acc=(+0.118,-0.079,+1.176)  |g|=1.185  dt=11ms    F
yaw=  +42.5°  pitch=   -5.7°  roll=   -6.9°  raw=( 8138, 7773, 7891)  acc=(+0.078,-0.099,+1.157)  |g|=1.164  dt=11ms    F
yaw=  +42.4°  pitch=   -5.4°  roll=   -7.1°  raw=( 8278, 7676, 7870)  acc=(+0.078,-0.099,+1.176)  |g|=1.183  dt=10ms    F
yaw=  +42.2°  pitch=   -5.1°  roll=   -7.2°  raw=( 8360, 7550, 7850)  acc=(+0.020,-0.119,+1.216)  |g|=1.222  dt=10ms    F
yaw=  +41.9°  pitch=   -4.7°  roll=   -7.4°  raw=( 8386, 7386, 7781)  acc=(-0.020,-0.158,+1.216)  |g|=1.226  dt=10ms    F
yaw=  +41.6°  pitch=   -4.1°  roll=   -7.7°  raw=( 8415, 7213, 7681)  acc=(-0.010,-0.158,+1.196)  |g|=1.207  dt=11ms    F
yaw=  +41.3°  pitch=   -3.5°  roll=   -7.9°  raw=( 8626, 7087, 7616)  acc=(-0.029,-0.158,+1.255)  |g|=1.265  dt=11ms    F
yaw=  +41.0°  pitch=   -2.8°  roll=   -8.0°  raw=( 8764, 6984, 7584)  acc=(-0.078,-0.178,+1.353)  |g|=1.367  dt=11ms    F
yaw=  +40.6°  pitch=   -2.0°  roll=   -8.3°  raw=( 8795, 6848, 7563)  acc=(-0.137,-0.218,+1.471)  |g|=1.493  dt=11ms    F
yaw=  +40.1°  pitch=   -0.9°  roll=   -8.7°  raw=( 8737, 6257, 7271)  acc=(-0.275,-0.277,+1.647)  |g|=1.693  dt=11ms    F
yaw=  +39.4°  pitch=   +0.4°  roll=   -9.3°  raw=( 8805, 5824, 7019)  acc=(-0.265,-0.297,+1.667)  |g|=1.713  dt=11ms    F
yaw=  +38.7°  pitch=   +1.8°  roll=   -9.9°  raw=( 8950, 5347, 6839)  acc=(-0.196,-0.277,+1.667)  |g|=1.701  dt=10ms    F
yaw=  +38.0°  pitch=   +3.6°  roll=  -10.6°  raw=( 9101, 4946, 6782)  acc=(-0.206,-0.277,+1.667)  |g|=1.702  dt=11ms    F
yaw=  +37.2°  pitch=   +5.5°  roll=  -11.4°  raw=( 9177, 4577, 6758)  acc=(-0.255,-0.317,+1.667)  |g|=1.716  dt=11ms    F
yaw=  +36.5°  pitch=   +7.6°  roll=  -12.2°  raw=( 9219, 4218, 6635)  acc=(-0.294,-0.337,+1.667)  |g|=1.726  dt=10ms    F
yaw=  +35.7°  pitch=   +9.8°  roll=  -13.2°  raw=( 9145, 3790, 6418)  acc=(-0.284,-0.297,+1.647)  |g|=1.698  dt=10ms    F
yaw=  +34.9°  pitch=  +12.1°  roll=  -14.3°  raw=( 8916, 3445, 6240)  acc=(-0.216,-0.257,+1.490)  |g|=1.528  dt=10ms    F
yaw=  +34.1°  pitch=  +14.5°  roll=  -15.7°  raw=( 8586, 3277, 6149)  acc=(-0.108,-0.218,+1.294)  |g|=1.317  dt=10ms    F
yaw=  +33.3°  pitch=  +16.9°  roll=  -17.2°  raw=( 8420, 3253, 6159)  acc=(+0.000,-0.178,+1.118)  |g|=1.132  dt=11ms    F
yaw=  +32.7°  pitch=  +19.3°  roll=  -18.6°  raw=( 8412, 3244, 6225)  acc=(+0.078,-0.178,+0.961)  |g|=0.980  dt=11ms    F
yaw=  +31.9°  pitch=  +21.0°  roll=  -19.3°  raw=( 8491, 3305, 6347)  acc=(+0.127,-0.139,+0.882)  |g|=0.902  dt=10ms    F
yaw=  +31.4°  pitch=  +23.3°  roll=  -20.6°  raw=( 8529, 3389, 6423)  acc=(+0.147,-0.139,+0.725)  |g|=0.753  dt=10ms    F
yaw=  +31.0°  pitch=  +25.5°  roll=  -21.8°  raw=( 8537, 3527, 6407)  acc=(+0.216,-0.099,+0.569)  |g|=0.616  dt=10ms    F
yaw=  +30.5°  pitch=  +27.7°  roll=  -23.0°  raw=( 8519, 3792, 6440)  acc=(+0.235,-0.079,+0.431)  |g|=0.498  dt=10ms    F
yaw=  +30.1°  pitch=  +29.7°  roll=  -24.1°  raw=( 8463, 4195, 6451)  acc=(+0.324,-0.059,+0.294)  |g|=0.441  dt=11ms    F
